ARM GAS  /tmp/ccL1e7IX.s 			page 1


   1              		.cpu cortex-m4
   2              		.arch armv7e-m
   3              		.fpu fpv4-sp-d16
   4              		.eabi_attribute 27, 1
   5              		.eabi_attribute 28, 1
   6              		.eabi_attribute 20, 1
   7              		.eabi_attribute 21, 1
   8              		.eabi_attribute 23, 3
   9              		.eabi_attribute 24, 1
  10              		.eabi_attribute 25, 1
  11              		.eabi_attribute 26, 1
  12              		.eabi_attribute 30, 1
  13              		.eabi_attribute 34, 1
  14              		.eabi_attribute 18, 4
  15              		.file	"gpio.c"
  16              		.text
  17              	.Ltext0:
  18              		.cfi_sections	.debug_frame
  19              		.file 1 "Core/Src/gpio.c"
  20              		.section	.text.MX_GPIO_Init,"ax",%progbits
  21              		.align	1
  22              		.global	MX_GPIO_Init
  23              		.syntax unified
  24              		.thumb
  25              		.thumb_func
  27              	MX_GPIO_Init:
  28              	.LFB134:
   1:Core/Src/gpio.c **** /* USER CODE BEGIN Header */
   2:Core/Src/gpio.c **** /**
   3:Core/Src/gpio.c ****   ******************************************************************************
   4:Core/Src/gpio.c ****   * @file    gpio.c
   5:Core/Src/gpio.c ****   * @brief   This file provides code for the configuration
   6:Core/Src/gpio.c ****   *          of all used GPIO pins.
   7:Core/Src/gpio.c ****   ******************************************************************************
   8:Core/Src/gpio.c ****   * @attention
   9:Core/Src/gpio.c ****   *
  10:Core/Src/gpio.c ****   * Copyright (c) 2026 STMicroelectronics.
  11:Core/Src/gpio.c ****   * All rights reserved.
  12:Core/Src/gpio.c ****   *
  13:Core/Src/gpio.c ****   * This software is licensed under terms that can be found in the LICENSE file
  14:Core/Src/gpio.c ****   * in the root directory of this software component.
  15:Core/Src/gpio.c ****   * If no LICENSE file comes with this software, it is provided AS-IS.
  16:Core/Src/gpio.c ****   *
  17:Core/Src/gpio.c ****   ******************************************************************************
  18:Core/Src/gpio.c ****   */
  19:Core/Src/gpio.c **** /* USER CODE END Header */
  20:Core/Src/gpio.c **** 
  21:Core/Src/gpio.c **** /* Includes ------------------------------------------------------------------*/
  22:Core/Src/gpio.c **** #include "gpio.h"
  23:Core/Src/gpio.c **** 
  24:Core/Src/gpio.c **** /* USER CODE BEGIN 0 */
  25:Core/Src/gpio.c **** 
  26:Core/Src/gpio.c **** /* USER CODE END 0 */
  27:Core/Src/gpio.c **** 
  28:Core/Src/gpio.c **** /*----------------------------------------------------------------------------*/
  29:Core/Src/gpio.c **** /* Configure GPIO                                                             */
  30:Core/Src/gpio.c **** /*----------------------------------------------------------------------------*/
ARM GAS  /tmp/ccL1e7IX.s 			page 2


  31:Core/Src/gpio.c **** /* USER CODE BEGIN 1 */
  32:Core/Src/gpio.c **** 
  33:Core/Src/gpio.c **** /* USER CODE END 1 */
  34:Core/Src/gpio.c **** 
  35:Core/Src/gpio.c **** /** Configure pins as
  36:Core/Src/gpio.c ****         * Analog
  37:Core/Src/gpio.c ****         * Input
  38:Core/Src/gpio.c ****         * Output
  39:Core/Src/gpio.c ****         * EVENT_OUT
  40:Core/Src/gpio.c ****         * EXTI
  41:Core/Src/gpio.c ****      PC3   ------> I2S2_SD
  42:Core/Src/gpio.c ****      PA5   ------> SPI1_SCK
  43:Core/Src/gpio.c ****      PA7   ------> SPI1_MOSI
  44:Core/Src/gpio.c ****      PB10   ------> I2S2_CK
  45:Core/Src/gpio.c **** */
  46:Core/Src/gpio.c **** void MX_GPIO_Init(void)
  47:Core/Src/gpio.c **** {
  29              		.loc 1 47 1 view -0
  30              		.cfi_startproc
  31              		@ args = 0, pretend = 0, frame = 48
  32              		@ frame_needed = 0, uses_anonymous_args = 0
  33 0000 2DE9F04F 		push	{r4, r5, r6, r7, r8, r9, r10, fp, lr}
  34              	.LCFI0:
  35              		.cfi_def_cfa_offset 36
  36              		.cfi_offset 4, -36
  37              		.cfi_offset 5, -32
  38              		.cfi_offset 6, -28
  39              		.cfi_offset 7, -24
  40              		.cfi_offset 8, -20
  41              		.cfi_offset 9, -16
  42              		.cfi_offset 10, -12
  43              		.cfi_offset 11, -8
  44              		.cfi_offset 14, -4
  45 0004 8DB0     		sub	sp, sp, #52
  46              	.LCFI1:
  47              		.cfi_def_cfa_offset 88
  48:Core/Src/gpio.c **** 
  49:Core/Src/gpio.c ****   GPIO_InitTypeDef GPIO_InitStruct = {0};
  48              		.loc 1 49 3 view .LVU1
  49              		.loc 1 49 20 is_stmt 0 view .LVU2
  50 0006 07AD     		add	r5, sp, #28
  51 0008 0024     		movs	r4, #0
  52 000a 0794     		str	r4, [sp, #28]
  53 000c 0894     		str	r4, [sp, #32]
  54 000e 0994     		str	r4, [sp, #36]
  55 0010 0A94     		str	r4, [sp, #40]
  56 0012 0B94     		str	r4, [sp, #44]
  50:Core/Src/gpio.c **** 
  51:Core/Src/gpio.c ****   /* GPIO Ports Clock Enable */
  52:Core/Src/gpio.c ****   __HAL_RCC_GPIOE_CLK_ENABLE();
  57              		.loc 1 52 3 is_stmt 1 view .LVU3
  58              	.LBB2:
  59              		.loc 1 52 3 view .LVU4
  60 0014 0194     		str	r4, [sp, #4]
  61              		.loc 1 52 3 view .LVU5
  62 0016 634B     		ldr	r3, .L3
  63 0018 1A6B     		ldr	r2, [r3, #48]
ARM GAS  /tmp/ccL1e7IX.s 			page 3


  64 001a 42F01002 		orr	r2, r2, #16
  65 001e 1A63     		str	r2, [r3, #48]
  66              		.loc 1 52 3 view .LVU6
  67 0020 1A6B     		ldr	r2, [r3, #48]
  68 0022 02F01002 		and	r2, r2, #16
  69 0026 0192     		str	r2, [sp, #4]
  70              		.loc 1 52 3 view .LVU7
  71 0028 019A     		ldr	r2, [sp, #4]
  72              	.LBE2:
  73              		.loc 1 52 3 view .LVU8
  53:Core/Src/gpio.c ****   __HAL_RCC_GPIOC_CLK_ENABLE();
  74              		.loc 1 53 3 view .LVU9
  75              	.LBB3:
  76              		.loc 1 53 3 view .LVU10
  77 002a 0294     		str	r4, [sp, #8]
  78              		.loc 1 53 3 view .LVU11
  79 002c 1A6B     		ldr	r2, [r3, #48]
  80 002e 42F00402 		orr	r2, r2, #4
  81 0032 1A63     		str	r2, [r3, #48]
  82              		.loc 1 53 3 view .LVU12
  83 0034 1A6B     		ldr	r2, [r3, #48]
  84 0036 02F00402 		and	r2, r2, #4
  85 003a 0292     		str	r2, [sp, #8]
  86              		.loc 1 53 3 view .LVU13
  87 003c 029A     		ldr	r2, [sp, #8]
  88              	.LBE3:
  89              		.loc 1 53 3 view .LVU14
  54:Core/Src/gpio.c ****   __HAL_RCC_GPIOH_CLK_ENABLE();
  90              		.loc 1 54 3 view .LVU15
  91              	.LBB4:
  92              		.loc 1 54 3 view .LVU16
  93 003e 0394     		str	r4, [sp, #12]
  94              		.loc 1 54 3 view .LVU17
  95 0040 1A6B     		ldr	r2, [r3, #48]
  96 0042 42F08002 		orr	r2, r2, #128
  97 0046 1A63     		str	r2, [r3, #48]
  98              		.loc 1 54 3 view .LVU18
  99 0048 1A6B     		ldr	r2, [r3, #48]
 100 004a 02F08002 		and	r2, r2, #128
 101 004e 0392     		str	r2, [sp, #12]
 102              		.loc 1 54 3 view .LVU19
 103 0050 039A     		ldr	r2, [sp, #12]
 104              	.LBE4:
 105              		.loc 1 54 3 view .LVU20
  55:Core/Src/gpio.c ****   __HAL_RCC_GPIOA_CLK_ENABLE();
 106              		.loc 1 55 3 view .LVU21
 107              	.LBB5:
 108              		.loc 1 55 3 view .LVU22
 109 0052 0494     		str	r4, [sp, #16]
 110              		.loc 1 55 3 view .LVU23
 111 0054 1A6B     		ldr	r2, [r3, #48]
 112 0056 42F00102 		orr	r2, r2, #1
 113 005a 1A63     		str	r2, [r3, #48]
 114              		.loc 1 55 3 view .LVU24
 115 005c 1A6B     		ldr	r2, [r3, #48]
 116 005e 02F00102 		and	r2, r2, #1
 117 0062 0492     		str	r2, [sp, #16]
ARM GAS  /tmp/ccL1e7IX.s 			page 4


 118              		.loc 1 55 3 view .LVU25
 119 0064 049A     		ldr	r2, [sp, #16]
 120              	.LBE5:
 121              		.loc 1 55 3 view .LVU26
  56:Core/Src/gpio.c ****   __HAL_RCC_GPIOB_CLK_ENABLE();
 122              		.loc 1 56 3 view .LVU27
 123              	.LBB6:
 124              		.loc 1 56 3 view .LVU28
 125 0066 0594     		str	r4, [sp, #20]
 126              		.loc 1 56 3 view .LVU29
 127 0068 1A6B     		ldr	r2, [r3, #48]
 128 006a 42F00202 		orr	r2, r2, #2
 129 006e 1A63     		str	r2, [r3, #48]
 130              		.loc 1 56 3 view .LVU30
 131 0070 1A6B     		ldr	r2, [r3, #48]
 132 0072 02F00202 		and	r2, r2, #2
 133 0076 0592     		str	r2, [sp, #20]
 134              		.loc 1 56 3 view .LVU31
 135 0078 059A     		ldr	r2, [sp, #20]
 136              	.LBE6:
 137              		.loc 1 56 3 view .LVU32
  57:Core/Src/gpio.c ****   __HAL_RCC_GPIOD_CLK_ENABLE();
 138              		.loc 1 57 3 view .LVU33
 139              	.LBB7:
 140              		.loc 1 57 3 view .LVU34
 141 007a 0694     		str	r4, [sp, #24]
 142              		.loc 1 57 3 view .LVU35
 143 007c 1A6B     		ldr	r2, [r3, #48]
 144 007e 42F00802 		orr	r2, r2, #8
 145 0082 1A63     		str	r2, [r3, #48]
 146              		.loc 1 57 3 view .LVU36
 147 0084 1B6B     		ldr	r3, [r3, #48]
 148 0086 03F00803 		and	r3, r3, #8
 149 008a 0693     		str	r3, [sp, #24]
 150              		.loc 1 57 3 view .LVU37
 151 008c 069B     		ldr	r3, [sp, #24]
 152              	.LBE7:
 153              		.loc 1 57 3 view .LVU38
  58:Core/Src/gpio.c **** 
  59:Core/Src/gpio.c ****   /*Configure GPIO pin Output Level */
  60:Core/Src/gpio.c ****   HAL_GPIO_WritePin(CS_I2C_SPI_GPIO_Port, CS_I2C_SPI_Pin, GPIO_PIN_RESET);
 154              		.loc 1 60 3 view .LVU39
 155 008e 2246     		mov	r2, r4
 156 0090 0821     		movs	r1, #8
 157 0092 4548     		ldr	r0, .L3+4
 158 0094 FFF7FEFF 		bl	HAL_GPIO_WritePin
 159              	.LVL0:
  61:Core/Src/gpio.c **** 
  62:Core/Src/gpio.c ****   /*Configure GPIO pin Output Level */
  63:Core/Src/gpio.c ****   HAL_GPIO_WritePin(OTG_FS_PowerSwitchOn_GPIO_Port, OTG_FS_PowerSwitchOn_Pin, GPIO_PIN_SET);
 160              		.loc 1 63 3 view .LVU40
 161 0098 DFF810B1 		ldr	fp, .L3+8
 162 009c 0122     		movs	r2, #1
 163 009e 1146     		mov	r1, r2
 164 00a0 5846     		mov	r0, fp
 165 00a2 FFF7FEFF 		bl	HAL_GPIO_WritePin
 166              	.LVL1:
ARM GAS  /tmp/ccL1e7IX.s 			page 5


  64:Core/Src/gpio.c **** 
  65:Core/Src/gpio.c ****   /*Configure GPIO pin Output Level */
  66:Core/Src/gpio.c ****   HAL_GPIO_WritePin(GPIOA, GPIO_PIN_1, GPIO_PIN_RESET);
 167              		.loc 1 66 3 view .LVU41
 168 00a6 DFF80881 		ldr	r8, .L3+12
 169 00aa 2246     		mov	r2, r4
 170 00ac 0221     		movs	r1, #2
 171 00ae 4046     		mov	r0, r8
 172 00b0 FFF7FEFF 		bl	HAL_GPIO_WritePin
 173              	.LVL2:
  67:Core/Src/gpio.c **** 
  68:Core/Src/gpio.c ****   /*Configure GPIO pin Output Level */
  69:Core/Src/gpio.c ****   HAL_GPIO_WritePin(GPIOD, GPIO_PIN_11|GPIO_PIN_12|GPIO_PIN_13|GPIO_PIN_14
 174              		.loc 1 69 3 view .LVU42
 175 00b4 DFF8FCA0 		ldr	r10, .L3+16
 176 00b8 2246     		mov	r2, r4
 177 00ba 4FF61001 		movw	r1, #63504
 178 00be 5046     		mov	r0, r10
 179 00c0 FFF7FEFF 		bl	HAL_GPIO_WritePin
 180              	.LVL3:
  70:Core/Src/gpio.c ****                           |GPIO_PIN_15|Audio_RST_Pin, GPIO_PIN_RESET);
  71:Core/Src/gpio.c **** 
  72:Core/Src/gpio.c ****   /*Configure GPIO pin : CS_I2C_SPI_Pin */
  73:Core/Src/gpio.c ****   GPIO_InitStruct.Pin = CS_I2C_SPI_Pin;
 181              		.loc 1 73 3 view .LVU43
 182              		.loc 1 73 23 is_stmt 0 view .LVU44
 183 00c4 0827     		movs	r7, #8
 184 00c6 0797     		str	r7, [sp, #28]
  74:Core/Src/gpio.c ****   GPIO_InitStruct.Mode = GPIO_MODE_OUTPUT_PP;
 185              		.loc 1 74 3 is_stmt 1 view .LVU45
 186              		.loc 1 74 24 is_stmt 0 view .LVU46
 187 00c8 0126     		movs	r6, #1
 188 00ca 0896     		str	r6, [sp, #32]
  75:Core/Src/gpio.c ****   GPIO_InitStruct.Pull = GPIO_NOPULL;
 189              		.loc 1 75 3 is_stmt 1 view .LVU47
 190              		.loc 1 75 24 is_stmt 0 view .LVU48
 191 00cc 0994     		str	r4, [sp, #36]
  76:Core/Src/gpio.c ****   GPIO_InitStruct.Speed = GPIO_SPEED_FREQ_LOW;
 192              		.loc 1 76 3 is_stmt 1 view .LVU49
 193              		.loc 1 76 25 is_stmt 0 view .LVU50
 194 00ce 0A94     		str	r4, [sp, #40]
  77:Core/Src/gpio.c ****   HAL_GPIO_Init(CS_I2C_SPI_GPIO_Port, &GPIO_InitStruct);
 195              		.loc 1 77 3 is_stmt 1 view .LVU51
 196 00d0 2946     		mov	r1, r5
 197 00d2 3548     		ldr	r0, .L3+4
 198 00d4 FFF7FEFF 		bl	HAL_GPIO_Init
 199              	.LVL4:
  78:Core/Src/gpio.c **** 
  79:Core/Src/gpio.c ****   /*Configure GPIO pin : OTG_FS_PowerSwitchOn_Pin */
  80:Core/Src/gpio.c ****   GPIO_InitStruct.Pin = OTG_FS_PowerSwitchOn_Pin;
 200              		.loc 1 80 3 view .LVU52
 201              		.loc 1 80 23 is_stmt 0 view .LVU53
 202 00d8 0796     		str	r6, [sp, #28]
  81:Core/Src/gpio.c ****   GPIO_InitStruct.Mode = GPIO_MODE_OUTPUT_PP;
 203              		.loc 1 81 3 is_stmt 1 view .LVU54
 204              		.loc 1 81 24 is_stmt 0 view .LVU55
 205 00da 0896     		str	r6, [sp, #32]
ARM GAS  /tmp/ccL1e7IX.s 			page 6


  82:Core/Src/gpio.c ****   GPIO_InitStruct.Pull = GPIO_NOPULL;
 206              		.loc 1 82 3 is_stmt 1 view .LVU56
 207              		.loc 1 82 24 is_stmt 0 view .LVU57
 208 00dc 0994     		str	r4, [sp, #36]
  83:Core/Src/gpio.c ****   GPIO_InitStruct.Speed = GPIO_SPEED_FREQ_LOW;
 209              		.loc 1 83 3 is_stmt 1 view .LVU58
 210              		.loc 1 83 25 is_stmt 0 view .LVU59
 211 00de 0A94     		str	r4, [sp, #40]
  84:Core/Src/gpio.c ****   HAL_GPIO_Init(OTG_FS_PowerSwitchOn_GPIO_Port, &GPIO_InitStruct);
 212              		.loc 1 84 3 is_stmt 1 view .LVU60
 213 00e0 2946     		mov	r1, r5
 214 00e2 5846     		mov	r0, fp
 215 00e4 FFF7FEFF 		bl	HAL_GPIO_Init
 216              	.LVL5:
  85:Core/Src/gpio.c **** 
  86:Core/Src/gpio.c ****   /*Configure GPIO pin : PDM_OUT_Pin */
  87:Core/Src/gpio.c ****   GPIO_InitStruct.Pin = PDM_OUT_Pin;
 217              		.loc 1 87 3 view .LVU61
 218              		.loc 1 87 23 is_stmt 0 view .LVU62
 219 00e8 0797     		str	r7, [sp, #28]
  88:Core/Src/gpio.c ****   GPIO_InitStruct.Mode = GPIO_MODE_AF_PP;
 220              		.loc 1 88 3 is_stmt 1 view .LVU63
 221              		.loc 1 88 24 is_stmt 0 view .LVU64
 222 00ea 0227     		movs	r7, #2
 223 00ec 0897     		str	r7, [sp, #32]
  89:Core/Src/gpio.c ****   GPIO_InitStruct.Pull = GPIO_NOPULL;
 224              		.loc 1 89 3 is_stmt 1 view .LVU65
 225              		.loc 1 89 24 is_stmt 0 view .LVU66
 226 00ee 0994     		str	r4, [sp, #36]
  90:Core/Src/gpio.c ****   GPIO_InitStruct.Speed = GPIO_SPEED_FREQ_LOW;
 227              		.loc 1 90 3 is_stmt 1 view .LVU67
 228              		.loc 1 90 25 is_stmt 0 view .LVU68
 229 00f0 0A94     		str	r4, [sp, #40]
  91:Core/Src/gpio.c ****   GPIO_InitStruct.Alternate = GPIO_AF5_SPI2;
 230              		.loc 1 91 3 is_stmt 1 view .LVU69
 231              		.loc 1 91 29 is_stmt 0 view .LVU70
 232 00f2 4FF00509 		mov	r9, #5
 233 00f6 CDF82C90 		str	r9, [sp, #44]
  92:Core/Src/gpio.c ****   HAL_GPIO_Init(PDM_OUT_GPIO_Port, &GPIO_InitStruct);
 234              		.loc 1 92 3 is_stmt 1 view .LVU71
 235 00fa 2946     		mov	r1, r5
 236 00fc 5846     		mov	r0, fp
 237 00fe FFF7FEFF 		bl	HAL_GPIO_Init
 238              	.LVL6:
  93:Core/Src/gpio.c **** 
  94:Core/Src/gpio.c ****   /*Configure GPIO pin : B1_Pin */
  95:Core/Src/gpio.c ****   GPIO_InitStruct.Pin = B1_Pin;
 239              		.loc 1 95 3 view .LVU72
 240              		.loc 1 95 23 is_stmt 0 view .LVU73
 241 0102 0796     		str	r6, [sp, #28]
  96:Core/Src/gpio.c ****   GPIO_InitStruct.Mode = GPIO_MODE_EVT_RISING;
 242              		.loc 1 96 3 is_stmt 1 view .LVU74
 243              		.loc 1 96 24 is_stmt 0 view .LVU75
 244 0104 4FF4901B 		mov	fp, #1179648
 245 0108 CDF820B0 		str	fp, [sp, #32]
  97:Core/Src/gpio.c ****   GPIO_InitStruct.Pull = GPIO_NOPULL;
 246              		.loc 1 97 3 is_stmt 1 view .LVU76
ARM GAS  /tmp/ccL1e7IX.s 			page 7


 247              		.loc 1 97 24 is_stmt 0 view .LVU77
 248 010c 0994     		str	r4, [sp, #36]
  98:Core/Src/gpio.c ****   HAL_GPIO_Init(B1_GPIO_Port, &GPIO_InitStruct);
 249              		.loc 1 98 3 is_stmt 1 view .LVU78
 250 010e 2946     		mov	r1, r5
 251 0110 4046     		mov	r0, r8
 252 0112 FFF7FEFF 		bl	HAL_GPIO_Init
 253              	.LVL7:
  99:Core/Src/gpio.c **** 
 100:Core/Src/gpio.c ****   /*Configure GPIO pin : PA1 */
 101:Core/Src/gpio.c ****   GPIO_InitStruct.Pin = GPIO_PIN_1;
 254              		.loc 1 101 3 view .LVU79
 255              		.loc 1 101 23 is_stmt 0 view .LVU80
 256 0116 0797     		str	r7, [sp, #28]
 102:Core/Src/gpio.c ****   GPIO_InitStruct.Mode = GPIO_MODE_OUTPUT_PP;
 257              		.loc 1 102 3 is_stmt 1 view .LVU81
 258              		.loc 1 102 24 is_stmt 0 view .LVU82
 259 0118 0896     		str	r6, [sp, #32]
 103:Core/Src/gpio.c ****   GPIO_InitStruct.Pull = GPIO_NOPULL;
 260              		.loc 1 103 3 is_stmt 1 view .LVU83
 261              		.loc 1 103 24 is_stmt 0 view .LVU84
 262 011a 0994     		str	r4, [sp, #36]
 104:Core/Src/gpio.c ****   GPIO_InitStruct.Speed = GPIO_SPEED_FREQ_LOW;
 263              		.loc 1 104 3 is_stmt 1 view .LVU85
 264              		.loc 1 104 25 is_stmt 0 view .LVU86
 265 011c 0A94     		str	r4, [sp, #40]
 105:Core/Src/gpio.c ****   HAL_GPIO_Init(GPIOA, &GPIO_InitStruct);
 266              		.loc 1 105 3 is_stmt 1 view .LVU87
 267 011e 2946     		mov	r1, r5
 268 0120 4046     		mov	r0, r8
 269 0122 FFF7FEFF 		bl	HAL_GPIO_Init
 270              	.LVL8:
 106:Core/Src/gpio.c **** 
 107:Core/Src/gpio.c ****   /*Configure GPIO pins : SPI1_SCK_Pin SPI1_MOSI_Pin */
 108:Core/Src/gpio.c ****   GPIO_InitStruct.Pin = SPI1_SCK_Pin|SPI1_MOSI_Pin;
 271              		.loc 1 108 3 view .LVU88
 272              		.loc 1 108 23 is_stmt 0 view .LVU89
 273 0126 A023     		movs	r3, #160
 274 0128 0793     		str	r3, [sp, #28]
 109:Core/Src/gpio.c ****   GPIO_InitStruct.Mode = GPIO_MODE_AF_PP;
 275              		.loc 1 109 3 is_stmt 1 view .LVU90
 276              		.loc 1 109 24 is_stmt 0 view .LVU91
 277 012a 0897     		str	r7, [sp, #32]
 110:Core/Src/gpio.c ****   GPIO_InitStruct.Pull = GPIO_NOPULL;
 278              		.loc 1 110 3 is_stmt 1 view .LVU92
 279              		.loc 1 110 24 is_stmt 0 view .LVU93
 280 012c 0994     		str	r4, [sp, #36]
 111:Core/Src/gpio.c ****   GPIO_InitStruct.Speed = GPIO_SPEED_FREQ_LOW;
 281              		.loc 1 111 3 is_stmt 1 view .LVU94
 282              		.loc 1 111 25 is_stmt 0 view .LVU95
 283 012e 0A94     		str	r4, [sp, #40]
 112:Core/Src/gpio.c ****   GPIO_InitStruct.Alternate = GPIO_AF5_SPI1;
 284              		.loc 1 112 3 is_stmt 1 view .LVU96
 285              		.loc 1 112 29 is_stmt 0 view .LVU97
 286 0130 CDF82C90 		str	r9, [sp, #44]
 113:Core/Src/gpio.c ****   HAL_GPIO_Init(GPIOA, &GPIO_InitStruct);
 287              		.loc 1 113 3 is_stmt 1 view .LVU98
ARM GAS  /tmp/ccL1e7IX.s 			page 8


 288 0134 2946     		mov	r1, r5
 289 0136 4046     		mov	r0, r8
 290 0138 FFF7FEFF 		bl	HAL_GPIO_Init
 291              	.LVL9:
 114:Core/Src/gpio.c **** 
 115:Core/Src/gpio.c ****   /*Configure GPIO pin : BOOT1_Pin */
 116:Core/Src/gpio.c ****   GPIO_InitStruct.Pin = BOOT1_Pin;
 292              		.loc 1 116 3 view .LVU99
 293              		.loc 1 116 23 is_stmt 0 view .LVU100
 294 013c 0423     		movs	r3, #4
 295 013e 0793     		str	r3, [sp, #28]
 117:Core/Src/gpio.c ****   GPIO_InitStruct.Mode = GPIO_MODE_INPUT;
 296              		.loc 1 117 3 is_stmt 1 view .LVU101
 297              		.loc 1 117 24 is_stmt 0 view .LVU102
 298 0140 0894     		str	r4, [sp, #32]
 118:Core/Src/gpio.c ****   GPIO_InitStruct.Pull = GPIO_NOPULL;
 299              		.loc 1 118 3 is_stmt 1 view .LVU103
 300              		.loc 1 118 24 is_stmt 0 view .LVU104
 301 0142 0994     		str	r4, [sp, #36]
 119:Core/Src/gpio.c ****   HAL_GPIO_Init(BOOT1_GPIO_Port, &GPIO_InitStruct);
 302              		.loc 1 119 3 is_stmt 1 view .LVU105
 303 0144 08F58068 		add	r8, r8, #1024
 304 0148 2946     		mov	r1, r5
 305 014a 4046     		mov	r0, r8
 306 014c FFF7FEFF 		bl	HAL_GPIO_Init
 307              	.LVL10:
 120:Core/Src/gpio.c **** 
 121:Core/Src/gpio.c ****   /*Configure GPIO pin : CLK_IN_Pin */
 122:Core/Src/gpio.c ****   GPIO_InitStruct.Pin = CLK_IN_Pin;
 308              		.loc 1 122 3 view .LVU106
 309              		.loc 1 122 23 is_stmt 0 view .LVU107
 310 0150 4FF48063 		mov	r3, #1024
 311 0154 0793     		str	r3, [sp, #28]
 123:Core/Src/gpio.c ****   GPIO_InitStruct.Mode = GPIO_MODE_AF_PP;
 312              		.loc 1 123 3 is_stmt 1 view .LVU108
 313              		.loc 1 123 24 is_stmt 0 view .LVU109
 314 0156 0897     		str	r7, [sp, #32]
 124:Core/Src/gpio.c ****   GPIO_InitStruct.Pull = GPIO_NOPULL;
 315              		.loc 1 124 3 is_stmt 1 view .LVU110
 316              		.loc 1 124 24 is_stmt 0 view .LVU111
 317 0158 0994     		str	r4, [sp, #36]
 125:Core/Src/gpio.c ****   GPIO_InitStruct.Speed = GPIO_SPEED_FREQ_LOW;
 318              		.loc 1 125 3 is_stmt 1 view .LVU112
 319              		.loc 1 125 25 is_stmt 0 view .LVU113
 320 015a 0A94     		str	r4, [sp, #40]
 126:Core/Src/gpio.c ****   GPIO_InitStruct.Alternate = GPIO_AF5_SPI2;
 321              		.loc 1 126 3 is_stmt 1 view .LVU114
 322              		.loc 1 126 29 is_stmt 0 view .LVU115
 323 015c CDF82C90 		str	r9, [sp, #44]
 127:Core/Src/gpio.c ****   HAL_GPIO_Init(CLK_IN_GPIO_Port, &GPIO_InitStruct);
 324              		.loc 1 127 3 is_stmt 1 view .LVU116
 325 0160 2946     		mov	r1, r5
 326 0162 4046     		mov	r0, r8
 327 0164 FFF7FEFF 		bl	HAL_GPIO_Init
 328              	.LVL11:
 128:Core/Src/gpio.c **** 
 129:Core/Src/gpio.c ****   /*Configure GPIO pins : PD11 PD12 PD13 PD14
ARM GAS  /tmp/ccL1e7IX.s 			page 9


 130:Core/Src/gpio.c ****                            PD15 Audio_RST_Pin */
 131:Core/Src/gpio.c ****   GPIO_InitStruct.Pin = GPIO_PIN_11|GPIO_PIN_12|GPIO_PIN_13|GPIO_PIN_14
 329              		.loc 1 131 3 view .LVU117
 330              		.loc 1 131 23 is_stmt 0 view .LVU118
 331 0168 4FF61003 		movw	r3, #63504
 332 016c 0793     		str	r3, [sp, #28]
 132:Core/Src/gpio.c ****                           |GPIO_PIN_15|Audio_RST_Pin;
 133:Core/Src/gpio.c ****   GPIO_InitStruct.Mode = GPIO_MODE_OUTPUT_PP;
 333              		.loc 1 133 3 is_stmt 1 view .LVU119
 334              		.loc 1 133 24 is_stmt 0 view .LVU120
 335 016e 0896     		str	r6, [sp, #32]
 134:Core/Src/gpio.c ****   GPIO_InitStruct.Pull = GPIO_NOPULL;
 336              		.loc 1 134 3 is_stmt 1 view .LVU121
 337              		.loc 1 134 24 is_stmt 0 view .LVU122
 338 0170 0994     		str	r4, [sp, #36]
 135:Core/Src/gpio.c ****   GPIO_InitStruct.Speed = GPIO_SPEED_FREQ_LOW;
 339              		.loc 1 135 3 is_stmt 1 view .LVU123
 340              		.loc 1 135 25 is_stmt 0 view .LVU124
 341 0172 0A94     		str	r4, [sp, #40]
 136:Core/Src/gpio.c ****   HAL_GPIO_Init(GPIOD, &GPIO_InitStruct);
 342              		.loc 1 136 3 is_stmt 1 view .LVU125
 343 0174 2946     		mov	r1, r5
 344 0176 5046     		mov	r0, r10
 345 0178 FFF7FEFF 		bl	HAL_GPIO_Init
 346              	.LVL12:
 137:Core/Src/gpio.c **** 
 138:Core/Src/gpio.c ****   /*Configure GPIO pin : OTG_FS_OverCurrent_Pin */
 139:Core/Src/gpio.c ****   GPIO_InitStruct.Pin = OTG_FS_OverCurrent_Pin;
 347              		.loc 1 139 3 view .LVU126
 348              		.loc 1 139 23 is_stmt 0 view .LVU127
 349 017c 2023     		movs	r3, #32
 350 017e 0793     		str	r3, [sp, #28]
 140:Core/Src/gpio.c ****   GPIO_InitStruct.Mode = GPIO_MODE_INPUT;
 351              		.loc 1 140 3 is_stmt 1 view .LVU128
 352              		.loc 1 140 24 is_stmt 0 view .LVU129
 353 0180 0894     		str	r4, [sp, #32]
 141:Core/Src/gpio.c ****   GPIO_InitStruct.Pull = GPIO_NOPULL;
 354              		.loc 1 141 3 is_stmt 1 view .LVU130
 355              		.loc 1 141 24 is_stmt 0 view .LVU131
 356 0182 0994     		str	r4, [sp, #36]
 142:Core/Src/gpio.c ****   HAL_GPIO_Init(OTG_FS_OverCurrent_GPIO_Port, &GPIO_InitStruct);
 357              		.loc 1 142 3 is_stmt 1 view .LVU132
 358 0184 2946     		mov	r1, r5
 359 0186 5046     		mov	r0, r10
 360 0188 FFF7FEFF 		bl	HAL_GPIO_Init
 361              	.LVL13:
 143:Core/Src/gpio.c **** 
 144:Core/Src/gpio.c ****   /*Configure GPIO pin : MEMS_INT2_Pin */
 145:Core/Src/gpio.c ****   GPIO_InitStruct.Pin = MEMS_INT2_Pin;
 362              		.loc 1 145 3 view .LVU133
 363              		.loc 1 145 23 is_stmt 0 view .LVU134
 364 018c 0797     		str	r7, [sp, #28]
 146:Core/Src/gpio.c ****   GPIO_InitStruct.Mode = GPIO_MODE_EVT_RISING;
 365              		.loc 1 146 3 is_stmt 1 view .LVU135
 366              		.loc 1 146 24 is_stmt 0 view .LVU136
 367 018e CDF820B0 		str	fp, [sp, #32]
 147:Core/Src/gpio.c ****   GPIO_InitStruct.Pull = GPIO_NOPULL;
ARM GAS  /tmp/ccL1e7IX.s 			page 10


 368              		.loc 1 147 3 is_stmt 1 view .LVU137
 369              		.loc 1 147 24 is_stmt 0 view .LVU138
 370 0192 0994     		str	r4, [sp, #36]
 148:Core/Src/gpio.c ****   HAL_GPIO_Init(MEMS_INT2_GPIO_Port, &GPIO_InitStruct);
 371              		.loc 1 148 3 is_stmt 1 view .LVU139
 372 0194 2946     		mov	r1, r5
 373 0196 0448     		ldr	r0, .L3+4
 374 0198 FFF7FEFF 		bl	HAL_GPIO_Init
 375              	.LVL14:
 149:Core/Src/gpio.c **** 
 150:Core/Src/gpio.c **** }
 376              		.loc 1 150 1 is_stmt 0 view .LVU140
 377 019c 0DB0     		add	sp, sp, #52
 378              	.LCFI2:
 379              		.cfi_def_cfa_offset 36
 380              		@ sp needed
 381 019e BDE8F08F 		pop	{r4, r5, r6, r7, r8, r9, r10, fp, pc}
 382              	.L4:
 383 01a2 00BF     		.align	2
 384              	.L3:
 385 01a4 00380240 		.word	1073887232
 386 01a8 00100240 		.word	1073876992
 387 01ac 00080240 		.word	1073874944
 388 01b0 00000240 		.word	1073872896
 389 01b4 000C0240 		.word	1073875968
 390              		.cfi_endproc
 391              	.LFE134:
 393              		.text
 394              	.Letext0:
 395              		.file 2 "/opt/st/stm32cubeclt_1.21.0/GNU-tools-for-STM32/arm-none-eabi/include/machine/_default_ty
 396              		.file 3 "/opt/st/stm32cubeclt_1.21.0/GNU-tools-for-STM32/arm-none-eabi/include/sys/_stdint.h"
 397              		.file 4 "Drivers/CMSIS/Device/ST/STM32F4xx/Include/stm32f407xx.h"
 398              		.file 5 "Drivers/STM32F4xx_HAL_Driver/Inc/stm32f4xx_hal_gpio.h"
ARM GAS  /tmp/ccL1e7IX.s 			page 11


DEFINED SYMBOLS
                            *ABS*:00000000 gpio.c
     /tmp/ccL1e7IX.s:21     .text.MX_GPIO_Init:00000000 $t
     /tmp/ccL1e7IX.s:27     .text.MX_GPIO_Init:00000000 MX_GPIO_Init
     /tmp/ccL1e7IX.s:385    .text.MX_GPIO_Init:000001a4 $d

UNDEFINED SYMBOLS
HAL_GPIO_WritePin
HAL_GPIO_Init
