ARM GAS  /tmp/ccjzmoNk.s 			page 1


   1              		.cpu cortex-m4
   2              		.arch armv7e-m
   3              		.fpu fpv4-sp-d16
   4              		.eabi_attribute 27, 1
   5              		.eabi_attribute 28, 1
   6              		.eabi_attribute 20, 1
   7              		.eabi_attribute 21, 1
   8              		.eabi_attribute 23, 3
   9              		.eabi_attribute 24, 1
  10              		.eabi_attribute 25, 1
  11              		.eabi_attribute 26, 1
  12              		.eabi_attribute 30, 1
  13              		.eabi_attribute 34, 1
  14              		.eabi_attribute 18, 4
  15              		.file	"i2s.c"
  16              		.text
  17              	.Ltext0:
  18              		.cfi_sections	.debug_frame
  19              		.file 1 "Core/Src/i2s.c"
  20              		.section	.text.MX_I2S3_Init,"ax",%progbits
  21              		.align	1
  22              		.global	MX_I2S3_Init
  23              		.syntax unified
  24              		.thumb
  25              		.thumb_func
  27              	MX_I2S3_Init:
  28              	.LFB134:
   1:Core/Src/i2s.c **** /* USER CODE BEGIN Header */
   2:Core/Src/i2s.c **** /**
   3:Core/Src/i2s.c ****   ******************************************************************************
   4:Core/Src/i2s.c ****   * @file    i2s.c
   5:Core/Src/i2s.c ****   * @brief   This file provides code for the configuration
   6:Core/Src/i2s.c ****   *          of the I2S instances.
   7:Core/Src/i2s.c ****   ******************************************************************************
   8:Core/Src/i2s.c ****   * @attention
   9:Core/Src/i2s.c ****   *
  10:Core/Src/i2s.c ****   * Copyright (c) 2026 STMicroelectronics.
  11:Core/Src/i2s.c ****   * All rights reserved.
  12:Core/Src/i2s.c ****   *
  13:Core/Src/i2s.c ****   * This software is licensed under terms that can be found in the LICENSE file
  14:Core/Src/i2s.c ****   * in the root directory of this software component.
  15:Core/Src/i2s.c ****   * If no LICENSE file comes with this software, it is provided AS-IS.
  16:Core/Src/i2s.c ****   *
  17:Core/Src/i2s.c ****   ******************************************************************************
  18:Core/Src/i2s.c ****   */
  19:Core/Src/i2s.c **** /* USER CODE END Header */
  20:Core/Src/i2s.c **** /* Includes ------------------------------------------------------------------*/
  21:Core/Src/i2s.c **** #include "i2s.h"
  22:Core/Src/i2s.c **** 
  23:Core/Src/i2s.c **** /* USER CODE BEGIN 0 */
  24:Core/Src/i2s.c **** 
  25:Core/Src/i2s.c **** /* USER CODE END 0 */
  26:Core/Src/i2s.c **** 
  27:Core/Src/i2s.c **** I2S_HandleTypeDef hi2s3;
  28:Core/Src/i2s.c **** 
  29:Core/Src/i2s.c **** /* I2S3 init function */
  30:Core/Src/i2s.c **** void MX_I2S3_Init(void)
ARM GAS  /tmp/ccjzmoNk.s 			page 2


  31:Core/Src/i2s.c **** {
  29              		.loc 1 31 1 view -0
  30              		.cfi_startproc
  31              		@ args = 0, pretend = 0, frame = 0
  32              		@ frame_needed = 0, uses_anonymous_args = 0
  33 0000 08B5     		push	{r3, lr}
  34              	.LCFI0:
  35              		.cfi_def_cfa_offset 8
  36              		.cfi_offset 3, -8
  37              		.cfi_offset 14, -4
  32:Core/Src/i2s.c **** 
  33:Core/Src/i2s.c ****   /* USER CODE BEGIN I2S3_Init 0 */
  34:Core/Src/i2s.c **** 
  35:Core/Src/i2s.c ****   /* USER CODE END I2S3_Init 0 */
  36:Core/Src/i2s.c **** 
  37:Core/Src/i2s.c ****   /* USER CODE BEGIN I2S3_Init 1 */
  38:Core/Src/i2s.c **** 
  39:Core/Src/i2s.c ****   /* USER CODE END I2S3_Init 1 */
  40:Core/Src/i2s.c ****   hi2s3.Instance = SPI3;
  38              		.loc 1 40 3 view .LVU1
  39              		.loc 1 40 18 is_stmt 0 view .LVU2
  40 0002 0B48     		ldr	r0, .L5
  41 0004 0B4B     		ldr	r3, .L5+4
  42 0006 0360     		str	r3, [r0]
  41:Core/Src/i2s.c ****   hi2s3.Init.Mode = I2S_MODE_MASTER_TX;
  43              		.loc 1 41 3 is_stmt 1 view .LVU3
  44              		.loc 1 41 19 is_stmt 0 view .LVU4
  45 0008 4FF40072 		mov	r2, #512
  46 000c 4260     		str	r2, [r0, #4]
  42:Core/Src/i2s.c ****   hi2s3.Init.Standard = I2S_STANDARD_PHILIPS;
  47              		.loc 1 42 3 is_stmt 1 view .LVU5
  48              		.loc 1 42 23 is_stmt 0 view .LVU6
  49 000e 0023     		movs	r3, #0
  50 0010 8360     		str	r3, [r0, #8]
  43:Core/Src/i2s.c ****   hi2s3.Init.DataFormat = I2S_DATAFORMAT_16B;
  51              		.loc 1 43 3 is_stmt 1 view .LVU7
  52              		.loc 1 43 25 is_stmt 0 view .LVU8
  53 0012 C360     		str	r3, [r0, #12]
  44:Core/Src/i2s.c ****   hi2s3.Init.MCLKOutput = I2S_MCLKOUTPUT_ENABLE;
  54              		.loc 1 44 3 is_stmt 1 view .LVU9
  55              		.loc 1 44 25 is_stmt 0 view .LVU10
  56 0014 0261     		str	r2, [r0, #16]
  45:Core/Src/i2s.c ****   hi2s3.Init.AudioFreq = I2S_AUDIOFREQ_96K;
  57              		.loc 1 45 3 is_stmt 1 view .LVU11
  58              		.loc 1 45 24 is_stmt 0 view .LVU12
  59 0016 084A     		ldr	r2, .L5+8
  60 0018 4261     		str	r2, [r0, #20]
  46:Core/Src/i2s.c ****   hi2s3.Init.CPOL = I2S_CPOL_LOW;
  61              		.loc 1 46 3 is_stmt 1 view .LVU13
  62              		.loc 1 46 19 is_stmt 0 view .LVU14
  63 001a 8361     		str	r3, [r0, #24]
  47:Core/Src/i2s.c ****   hi2s3.Init.ClockSource = I2S_CLOCK_PLL;
  64              		.loc 1 47 3 is_stmt 1 view .LVU15
  65              		.loc 1 47 26 is_stmt 0 view .LVU16
  66 001c C361     		str	r3, [r0, #28]
  48:Core/Src/i2s.c ****   hi2s3.Init.FullDuplexMode = I2S_FULLDUPLEXMODE_DISABLE;
  67              		.loc 1 48 3 is_stmt 1 view .LVU17
ARM GAS  /tmp/ccjzmoNk.s 			page 3


  68              		.loc 1 48 29 is_stmt 0 view .LVU18
  69 001e 0362     		str	r3, [r0, #32]
  49:Core/Src/i2s.c ****   if (HAL_I2S_Init(&hi2s3) != HAL_OK)
  70              		.loc 1 49 3 is_stmt 1 view .LVU19
  71              		.loc 1 49 7 is_stmt 0 view .LVU20
  72 0020 FFF7FEFF 		bl	HAL_I2S_Init
  73              	.LVL0:
  74              		.loc 1 49 6 discriminator 1 view .LVU21
  75 0024 00B9     		cbnz	r0, .L4
  76              	.L1:
  50:Core/Src/i2s.c ****   {
  51:Core/Src/i2s.c ****     Error_Handler();
  52:Core/Src/i2s.c ****   }
  53:Core/Src/i2s.c ****   /* USER CODE BEGIN I2S3_Init 2 */
  54:Core/Src/i2s.c **** 
  55:Core/Src/i2s.c ****   /* USER CODE END I2S3_Init 2 */
  56:Core/Src/i2s.c **** 
  57:Core/Src/i2s.c **** }
  77              		.loc 1 57 1 view .LVU22
  78 0026 08BD     		pop	{r3, pc}
  79              	.L4:
  51:Core/Src/i2s.c ****   }
  80              		.loc 1 51 5 is_stmt 1 view .LVU23
  81 0028 FFF7FEFF 		bl	Error_Handler
  82              	.LVL1:
  83              		.loc 1 57 1 is_stmt 0 view .LVU24
  84 002c FBE7     		b	.L1
  85              	.L6:
  86 002e 00BF     		.align	2
  87              	.L5:
  88 0030 00000000 		.word	hi2s3
  89 0034 003C0040 		.word	1073757184
  90 0038 00770100 		.word	96000
  91              		.cfi_endproc
  92              	.LFE134:
  94              		.section	.text.HAL_I2S_MspInit,"ax",%progbits
  95              		.align	1
  96              		.global	HAL_I2S_MspInit
  97              		.syntax unified
  98              		.thumb
  99              		.thumb_func
 101              	HAL_I2S_MspInit:
 102              	.LVL2:
 103              	.LFB135:
  58:Core/Src/i2s.c **** 
  59:Core/Src/i2s.c **** void HAL_I2S_MspInit(I2S_HandleTypeDef* i2sHandle)
  60:Core/Src/i2s.c **** {
 104              		.loc 1 60 1 is_stmt 1 view -0
 105              		.cfi_startproc
 106              		@ args = 0, pretend = 0, frame = 48
 107              		@ frame_needed = 0, uses_anonymous_args = 0
 108              		.loc 1 60 1 is_stmt 0 view .LVU26
 109 0000 F0B5     		push	{r4, r5, r6, r7, lr}
 110              	.LCFI1:
 111              		.cfi_def_cfa_offset 20
 112              		.cfi_offset 4, -20
 113              		.cfi_offset 5, -16
ARM GAS  /tmp/ccjzmoNk.s 			page 4


 114              		.cfi_offset 6, -12
 115              		.cfi_offset 7, -8
 116              		.cfi_offset 14, -4
 117 0002 8DB0     		sub	sp, sp, #52
 118              	.LCFI2:
 119              		.cfi_def_cfa_offset 72
  61:Core/Src/i2s.c **** 
  62:Core/Src/i2s.c ****   GPIO_InitTypeDef GPIO_InitStruct = {0};
 120              		.loc 1 62 3 is_stmt 1 view .LVU27
 121              		.loc 1 62 20 is_stmt 0 view .LVU28
 122 0004 0023     		movs	r3, #0
 123 0006 0793     		str	r3, [sp, #28]
 124 0008 0893     		str	r3, [sp, #32]
 125 000a 0993     		str	r3, [sp, #36]
 126 000c 0A93     		str	r3, [sp, #40]
 127 000e 0B93     		str	r3, [sp, #44]
  63:Core/Src/i2s.c ****   RCC_PeriphCLKInitTypeDef PeriphClkInitStruct = {0};
 128              		.loc 1 63 3 is_stmt 1 view .LVU29
 129              		.loc 1 63 28 is_stmt 0 view .LVU30
 130 0010 0393     		str	r3, [sp, #12]
 131 0012 0493     		str	r3, [sp, #16]
 132 0014 0593     		str	r3, [sp, #20]
 133 0016 0693     		str	r3, [sp, #24]
  64:Core/Src/i2s.c ****   if(i2sHandle->Instance==SPI3)
 134              		.loc 1 64 3 is_stmt 1 view .LVU31
 135              		.loc 1 64 15 is_stmt 0 view .LVU32
 136 0018 0268     		ldr	r2, [r0]
 137              		.loc 1 64 5 view .LVU33
 138 001a 264B     		ldr	r3, .L13
 139 001c 9A42     		cmp	r2, r3
 140 001e 01D0     		beq	.L11
 141              	.LVL3:
 142              	.L7:
  65:Core/Src/i2s.c ****   {
  66:Core/Src/i2s.c ****   /* USER CODE BEGIN SPI3_MspInit 0 */
  67:Core/Src/i2s.c **** 
  68:Core/Src/i2s.c ****   /* USER CODE END SPI3_MspInit 0 */
  69:Core/Src/i2s.c **** 
  70:Core/Src/i2s.c ****   /** Initializes the peripherals clock
  71:Core/Src/i2s.c ****   */
  72:Core/Src/i2s.c ****     PeriphClkInitStruct.PeriphClockSelection = RCC_PERIPHCLK_I2S;
  73:Core/Src/i2s.c ****     PeriphClkInitStruct.PLLI2S.PLLI2SN = 192;
  74:Core/Src/i2s.c ****     PeriphClkInitStruct.PLLI2S.PLLI2SR = 2;
  75:Core/Src/i2s.c ****     if (HAL_RCCEx_PeriphCLKConfig(&PeriphClkInitStruct) != HAL_OK)
  76:Core/Src/i2s.c ****     {
  77:Core/Src/i2s.c ****       Error_Handler();
  78:Core/Src/i2s.c ****     }
  79:Core/Src/i2s.c **** 
  80:Core/Src/i2s.c ****     /* I2S3 clock enable */
  81:Core/Src/i2s.c ****     __HAL_RCC_SPI3_CLK_ENABLE();
  82:Core/Src/i2s.c **** 
  83:Core/Src/i2s.c ****     __HAL_RCC_GPIOA_CLK_ENABLE();
  84:Core/Src/i2s.c ****     __HAL_RCC_GPIOC_CLK_ENABLE();
  85:Core/Src/i2s.c ****     /**I2S3 GPIO Configuration
  86:Core/Src/i2s.c ****     PA4     ------> I2S3_WS
  87:Core/Src/i2s.c ****     PC7     ------> I2S3_MCK
  88:Core/Src/i2s.c ****     PC10     ------> I2S3_CK
ARM GAS  /tmp/ccjzmoNk.s 			page 5


  89:Core/Src/i2s.c ****     PC12     ------> I2S3_SD
  90:Core/Src/i2s.c ****     */
  91:Core/Src/i2s.c ****     GPIO_InitStruct.Pin = I2S3_WS_Pin;
  92:Core/Src/i2s.c ****     GPIO_InitStruct.Mode = GPIO_MODE_AF_PP;
  93:Core/Src/i2s.c ****     GPIO_InitStruct.Pull = GPIO_NOPULL;
  94:Core/Src/i2s.c ****     GPIO_InitStruct.Speed = GPIO_SPEED_FREQ_LOW;
  95:Core/Src/i2s.c ****     GPIO_InitStruct.Alternate = GPIO_AF6_SPI3;
  96:Core/Src/i2s.c ****     HAL_GPIO_Init(I2S3_WS_GPIO_Port, &GPIO_InitStruct);
  97:Core/Src/i2s.c **** 
  98:Core/Src/i2s.c ****     GPIO_InitStruct.Pin = I2S3_MCK_Pin|I2S3_SCK_Pin|I2S3_SD_Pin;
  99:Core/Src/i2s.c ****     GPIO_InitStruct.Mode = GPIO_MODE_AF_PP;
 100:Core/Src/i2s.c ****     GPIO_InitStruct.Pull = GPIO_NOPULL;
 101:Core/Src/i2s.c ****     GPIO_InitStruct.Speed = GPIO_SPEED_FREQ_LOW;
 102:Core/Src/i2s.c ****     GPIO_InitStruct.Alternate = GPIO_AF6_SPI3;
 103:Core/Src/i2s.c ****     HAL_GPIO_Init(GPIOC, &GPIO_InitStruct);
 104:Core/Src/i2s.c **** 
 105:Core/Src/i2s.c ****   /* USER CODE BEGIN SPI3_MspInit 1 */
 106:Core/Src/i2s.c **** 
 107:Core/Src/i2s.c ****   /* USER CODE END SPI3_MspInit 1 */
 108:Core/Src/i2s.c ****   }
 109:Core/Src/i2s.c **** }
 143              		.loc 1 109 1 view .LVU34
 144 0020 0DB0     		add	sp, sp, #52
 145              	.LCFI3:
 146              		.cfi_remember_state
 147              		.cfi_def_cfa_offset 20
 148              		@ sp needed
 149 0022 F0BD     		pop	{r4, r5, r6, r7, pc}
 150              	.LVL4:
 151              	.L11:
 152              	.LCFI4:
 153              		.cfi_restore_state
  72:Core/Src/i2s.c ****     PeriphClkInitStruct.PLLI2S.PLLI2SN = 192;
 154              		.loc 1 72 5 is_stmt 1 view .LVU35
  72:Core/Src/i2s.c ****     PeriphClkInitStruct.PLLI2S.PLLI2SN = 192;
 155              		.loc 1 72 46 is_stmt 0 view .LVU36
 156 0024 0123     		movs	r3, #1
 157 0026 0393     		str	r3, [sp, #12]
  73:Core/Src/i2s.c ****     PeriphClkInitStruct.PLLI2S.PLLI2SR = 2;
 158              		.loc 1 73 5 is_stmt 1 view .LVU37
  73:Core/Src/i2s.c ****     PeriphClkInitStruct.PLLI2S.PLLI2SR = 2;
 159              		.loc 1 73 40 is_stmt 0 view .LVU38
 160 0028 C023     		movs	r3, #192
 161 002a 0493     		str	r3, [sp, #16]
  74:Core/Src/i2s.c ****     if (HAL_RCCEx_PeriphCLKConfig(&PeriphClkInitStruct) != HAL_OK)
 162              		.loc 1 74 5 is_stmt 1 view .LVU39
  74:Core/Src/i2s.c ****     if (HAL_RCCEx_PeriphCLKConfig(&PeriphClkInitStruct) != HAL_OK)
 163              		.loc 1 74 40 is_stmt 0 view .LVU40
 164 002c 0223     		movs	r3, #2
 165 002e 0593     		str	r3, [sp, #20]
  75:Core/Src/i2s.c ****     {
 166              		.loc 1 75 5 is_stmt 1 view .LVU41
  75:Core/Src/i2s.c ****     {
 167              		.loc 1 75 9 is_stmt 0 view .LVU42
 168 0030 03A8     		add	r0, sp, #12
 169              	.LVL5:
  75:Core/Src/i2s.c ****     {
ARM GAS  /tmp/ccjzmoNk.s 			page 6


 170              		.loc 1 75 9 view .LVU43
 171 0032 FFF7FEFF 		bl	HAL_RCCEx_PeriphCLKConfig
 172              	.LVL6:
  75:Core/Src/i2s.c ****     {
 173              		.loc 1 75 8 discriminator 1 view .LVU44
 174 0036 0028     		cmp	r0, #0
 175 0038 38D1     		bne	.L12
 176              	.L9:
  81:Core/Src/i2s.c **** 
 177              		.loc 1 81 5 is_stmt 1 view .LVU45
 178              	.LBB2:
  81:Core/Src/i2s.c **** 
 179              		.loc 1 81 5 view .LVU46
 180 003a 0024     		movs	r4, #0
 181 003c 0094     		str	r4, [sp]
  81:Core/Src/i2s.c **** 
 182              		.loc 1 81 5 view .LVU47
 183 003e 1E4B     		ldr	r3, .L13+4
 184 0040 1A6C     		ldr	r2, [r3, #64]
 185 0042 42F40042 		orr	r2, r2, #32768
 186 0046 1A64     		str	r2, [r3, #64]
  81:Core/Src/i2s.c **** 
 187              		.loc 1 81 5 view .LVU48
 188 0048 1A6C     		ldr	r2, [r3, #64]
 189 004a 02F40042 		and	r2, r2, #32768
 190 004e 0092     		str	r2, [sp]
  81:Core/Src/i2s.c **** 
 191              		.loc 1 81 5 view .LVU49
 192 0050 009A     		ldr	r2, [sp]
 193              	.LBE2:
  81:Core/Src/i2s.c **** 
 194              		.loc 1 81 5 view .LVU50
  83:Core/Src/i2s.c ****     __HAL_RCC_GPIOC_CLK_ENABLE();
 195              		.loc 1 83 5 view .LVU51
 196              	.LBB3:
  83:Core/Src/i2s.c ****     __HAL_RCC_GPIOC_CLK_ENABLE();
 197              		.loc 1 83 5 view .LVU52
 198 0052 0194     		str	r4, [sp, #4]
  83:Core/Src/i2s.c ****     __HAL_RCC_GPIOC_CLK_ENABLE();
 199              		.loc 1 83 5 view .LVU53
 200 0054 1A6B     		ldr	r2, [r3, #48]
 201 0056 42F00102 		orr	r2, r2, #1
 202 005a 1A63     		str	r2, [r3, #48]
  83:Core/Src/i2s.c ****     __HAL_RCC_GPIOC_CLK_ENABLE();
 203              		.loc 1 83 5 view .LVU54
 204 005c 1A6B     		ldr	r2, [r3, #48]
 205 005e 02F00102 		and	r2, r2, #1
 206 0062 0192     		str	r2, [sp, #4]
  83:Core/Src/i2s.c ****     __HAL_RCC_GPIOC_CLK_ENABLE();
 207              		.loc 1 83 5 view .LVU55
 208 0064 019A     		ldr	r2, [sp, #4]
 209              	.LBE3:
  83:Core/Src/i2s.c ****     __HAL_RCC_GPIOC_CLK_ENABLE();
 210              		.loc 1 83 5 view .LVU56
  84:Core/Src/i2s.c ****     /**I2S3 GPIO Configuration
 211              		.loc 1 84 5 view .LVU57
 212              	.LBB4:
ARM GAS  /tmp/ccjzmoNk.s 			page 7


  84:Core/Src/i2s.c ****     /**I2S3 GPIO Configuration
 213              		.loc 1 84 5 view .LVU58
 214 0066 0294     		str	r4, [sp, #8]
  84:Core/Src/i2s.c ****     /**I2S3 GPIO Configuration
 215              		.loc 1 84 5 view .LVU59
 216 0068 1A6B     		ldr	r2, [r3, #48]
 217 006a 42F00402 		orr	r2, r2, #4
 218 006e 1A63     		str	r2, [r3, #48]
  84:Core/Src/i2s.c ****     /**I2S3 GPIO Configuration
 219              		.loc 1 84 5 view .LVU60
 220 0070 1B6B     		ldr	r3, [r3, #48]
 221 0072 03F00403 		and	r3, r3, #4
 222 0076 0293     		str	r3, [sp, #8]
  84:Core/Src/i2s.c ****     /**I2S3 GPIO Configuration
 223              		.loc 1 84 5 view .LVU61
 224 0078 029B     		ldr	r3, [sp, #8]
 225              	.LBE4:
  84:Core/Src/i2s.c ****     /**I2S3 GPIO Configuration
 226              		.loc 1 84 5 view .LVU62
  91:Core/Src/i2s.c ****     GPIO_InitStruct.Mode = GPIO_MODE_AF_PP;
 227              		.loc 1 91 5 view .LVU63
  91:Core/Src/i2s.c ****     GPIO_InitStruct.Mode = GPIO_MODE_AF_PP;
 228              		.loc 1 91 25 is_stmt 0 view .LVU64
 229 007a 1023     		movs	r3, #16
 230 007c 0793     		str	r3, [sp, #28]
  92:Core/Src/i2s.c ****     GPIO_InitStruct.Pull = GPIO_NOPULL;
 231              		.loc 1 92 5 is_stmt 1 view .LVU65
  92:Core/Src/i2s.c ****     GPIO_InitStruct.Pull = GPIO_NOPULL;
 232              		.loc 1 92 26 is_stmt 0 view .LVU66
 233 007e 0227     		movs	r7, #2
 234 0080 0897     		str	r7, [sp, #32]
  93:Core/Src/i2s.c ****     GPIO_InitStruct.Speed = GPIO_SPEED_FREQ_LOW;
 235              		.loc 1 93 5 is_stmt 1 view .LVU67
  93:Core/Src/i2s.c ****     GPIO_InitStruct.Speed = GPIO_SPEED_FREQ_LOW;
 236              		.loc 1 93 26 is_stmt 0 view .LVU68
 237 0082 0994     		str	r4, [sp, #36]
  94:Core/Src/i2s.c ****     GPIO_InitStruct.Alternate = GPIO_AF6_SPI3;
 238              		.loc 1 94 5 is_stmt 1 view .LVU69
  94:Core/Src/i2s.c ****     GPIO_InitStruct.Alternate = GPIO_AF6_SPI3;
 239              		.loc 1 94 27 is_stmt 0 view .LVU70
 240 0084 0A94     		str	r4, [sp, #40]
  95:Core/Src/i2s.c ****     HAL_GPIO_Init(I2S3_WS_GPIO_Port, &GPIO_InitStruct);
 241              		.loc 1 95 5 is_stmt 1 view .LVU71
  95:Core/Src/i2s.c ****     HAL_GPIO_Init(I2S3_WS_GPIO_Port, &GPIO_InitStruct);
 242              		.loc 1 95 31 is_stmt 0 view .LVU72
 243 0086 0626     		movs	r6, #6
 244 0088 0B96     		str	r6, [sp, #44]
  96:Core/Src/i2s.c **** 
 245              		.loc 1 96 5 is_stmt 1 view .LVU73
 246 008a 07AD     		add	r5, sp, #28
 247 008c 2946     		mov	r1, r5
 248 008e 0B48     		ldr	r0, .L13+8
 249 0090 FFF7FEFF 		bl	HAL_GPIO_Init
 250              	.LVL7:
  98:Core/Src/i2s.c ****     GPIO_InitStruct.Mode = GPIO_MODE_AF_PP;
 251              		.loc 1 98 5 view .LVU74
  98:Core/Src/i2s.c ****     GPIO_InitStruct.Mode = GPIO_MODE_AF_PP;
ARM GAS  /tmp/ccjzmoNk.s 			page 8


 252              		.loc 1 98 25 is_stmt 0 view .LVU75
 253 0094 4FF4A453 		mov	r3, #5248
 254 0098 0793     		str	r3, [sp, #28]
  99:Core/Src/i2s.c ****     GPIO_InitStruct.Pull = GPIO_NOPULL;
 255              		.loc 1 99 5 is_stmt 1 view .LVU76
  99:Core/Src/i2s.c ****     GPIO_InitStruct.Pull = GPIO_NOPULL;
 256              		.loc 1 99 26 is_stmt 0 view .LVU77
 257 009a 0897     		str	r7, [sp, #32]
 100:Core/Src/i2s.c ****     GPIO_InitStruct.Speed = GPIO_SPEED_FREQ_LOW;
 258              		.loc 1 100 5 is_stmt 1 view .LVU78
 100:Core/Src/i2s.c ****     GPIO_InitStruct.Speed = GPIO_SPEED_FREQ_LOW;
 259              		.loc 1 100 26 is_stmt 0 view .LVU79
 260 009c 0994     		str	r4, [sp, #36]
 101:Core/Src/i2s.c ****     GPIO_InitStruct.Alternate = GPIO_AF6_SPI3;
 261              		.loc 1 101 5 is_stmt 1 view .LVU80
 101:Core/Src/i2s.c ****     GPIO_InitStruct.Alternate = GPIO_AF6_SPI3;
 262              		.loc 1 101 27 is_stmt 0 view .LVU81
 263 009e 0A94     		str	r4, [sp, #40]
 102:Core/Src/i2s.c ****     HAL_GPIO_Init(GPIOC, &GPIO_InitStruct);
 264              		.loc 1 102 5 is_stmt 1 view .LVU82
 102:Core/Src/i2s.c ****     HAL_GPIO_Init(GPIOC, &GPIO_InitStruct);
 265              		.loc 1 102 31 is_stmt 0 view .LVU83
 266 00a0 0B96     		str	r6, [sp, #44]
 103:Core/Src/i2s.c **** 
 267              		.loc 1 103 5 is_stmt 1 view .LVU84
 268 00a2 2946     		mov	r1, r5
 269 00a4 0648     		ldr	r0, .L13+12
 270 00a6 FFF7FEFF 		bl	HAL_GPIO_Init
 271              	.LVL8:
 272              		.loc 1 109 1 is_stmt 0 view .LVU85
 273 00aa B9E7     		b	.L7
 274              	.L12:
  77:Core/Src/i2s.c ****     }
 275              		.loc 1 77 7 is_stmt 1 view .LVU86
 276 00ac FFF7FEFF 		bl	Error_Handler
 277              	.LVL9:
 278 00b0 C3E7     		b	.L9
 279              	.L14:
 280 00b2 00BF     		.align	2
 281              	.L13:
 282 00b4 003C0040 		.word	1073757184
 283 00b8 00380240 		.word	1073887232
 284 00bc 00000240 		.word	1073872896
 285 00c0 00080240 		.word	1073874944
 286              		.cfi_endproc
 287              	.LFE135:
 289              		.section	.text.HAL_I2S_MspDeInit,"ax",%progbits
 290              		.align	1
 291              		.global	HAL_I2S_MspDeInit
 292              		.syntax unified
 293              		.thumb
 294              		.thumb_func
 296              	HAL_I2S_MspDeInit:
 297              	.LVL10:
 298              	.LFB136:
 110:Core/Src/i2s.c **** 
 111:Core/Src/i2s.c **** void HAL_I2S_MspDeInit(I2S_HandleTypeDef* i2sHandle)
ARM GAS  /tmp/ccjzmoNk.s 			page 9


 112:Core/Src/i2s.c **** {
 299              		.loc 1 112 1 view -0
 300              		.cfi_startproc
 301              		@ args = 0, pretend = 0, frame = 0
 302              		@ frame_needed = 0, uses_anonymous_args = 0
 303              		.loc 1 112 1 is_stmt 0 view .LVU88
 304 0000 08B5     		push	{r3, lr}
 305              	.LCFI5:
 306              		.cfi_def_cfa_offset 8
 307              		.cfi_offset 3, -8
 308              		.cfi_offset 14, -4
 113:Core/Src/i2s.c **** 
 114:Core/Src/i2s.c ****   if(i2sHandle->Instance==SPI3)
 309              		.loc 1 114 3 is_stmt 1 view .LVU89
 310              		.loc 1 114 15 is_stmt 0 view .LVU90
 311 0002 0268     		ldr	r2, [r0]
 312              		.loc 1 114 5 view .LVU91
 313 0004 094B     		ldr	r3, .L19
 314 0006 9A42     		cmp	r2, r3
 315 0008 00D0     		beq	.L18
 316              	.LVL11:
 317              	.L15:
 115:Core/Src/i2s.c ****   {
 116:Core/Src/i2s.c ****   /* USER CODE BEGIN SPI3_MspDeInit 0 */
 117:Core/Src/i2s.c **** 
 118:Core/Src/i2s.c ****   /* USER CODE END SPI3_MspDeInit 0 */
 119:Core/Src/i2s.c ****     /* Peripheral clock disable */
 120:Core/Src/i2s.c ****     __HAL_RCC_SPI3_CLK_DISABLE();
 121:Core/Src/i2s.c **** 
 122:Core/Src/i2s.c ****     /**I2S3 GPIO Configuration
 123:Core/Src/i2s.c ****     PA4     ------> I2S3_WS
 124:Core/Src/i2s.c ****     PC7     ------> I2S3_MCK
 125:Core/Src/i2s.c ****     PC10     ------> I2S3_CK
 126:Core/Src/i2s.c ****     PC12     ------> I2S3_SD
 127:Core/Src/i2s.c ****     */
 128:Core/Src/i2s.c ****     HAL_GPIO_DeInit(I2S3_WS_GPIO_Port, I2S3_WS_Pin);
 129:Core/Src/i2s.c **** 
 130:Core/Src/i2s.c ****     HAL_GPIO_DeInit(GPIOC, I2S3_MCK_Pin|I2S3_SCK_Pin|I2S3_SD_Pin);
 131:Core/Src/i2s.c **** 
 132:Core/Src/i2s.c ****   /* USER CODE BEGIN SPI3_MspDeInit 1 */
 133:Core/Src/i2s.c **** 
 134:Core/Src/i2s.c ****   /* USER CODE END SPI3_MspDeInit 1 */
 135:Core/Src/i2s.c ****   }
 136:Core/Src/i2s.c **** }
 318              		.loc 1 136 1 view .LVU92
 319 000a 08BD     		pop	{r3, pc}
 320              	.LVL12:
 321              	.L18:
 120:Core/Src/i2s.c **** 
 322              		.loc 1 120 5 is_stmt 1 view .LVU93
 323 000c 084A     		ldr	r2, .L19+4
 324 000e 136C     		ldr	r3, [r2, #64]
 325 0010 23F40043 		bic	r3, r3, #32768
 326 0014 1364     		str	r3, [r2, #64]
 128:Core/Src/i2s.c **** 
 327              		.loc 1 128 5 view .LVU94
 328 0016 1021     		movs	r1, #16
ARM GAS  /tmp/ccjzmoNk.s 			page 10


 329 0018 0648     		ldr	r0, .L19+8
 330              	.LVL13:
 128:Core/Src/i2s.c **** 
 331              		.loc 1 128 5 is_stmt 0 view .LVU95
 332 001a FFF7FEFF 		bl	HAL_GPIO_DeInit
 333              	.LVL14:
 130:Core/Src/i2s.c **** 
 334              		.loc 1 130 5 is_stmt 1 view .LVU96
 335 001e 4FF4A451 		mov	r1, #5248
 336 0022 0548     		ldr	r0, .L19+12
 337 0024 FFF7FEFF 		bl	HAL_GPIO_DeInit
 338              	.LVL15:
 339              		.loc 1 136 1 is_stmt 0 view .LVU97
 340 0028 EFE7     		b	.L15
 341              	.L20:
 342 002a 00BF     		.align	2
 343              	.L19:
 344 002c 003C0040 		.word	1073757184
 345 0030 00380240 		.word	1073887232
 346 0034 00000240 		.word	1073872896
 347 0038 00080240 		.word	1073874944
 348              		.cfi_endproc
 349              	.LFE136:
 351              		.global	hi2s3
 352              		.section	.bss.hi2s3,"aw",%nobits
 353              		.align	2
 356              	hi2s3:
 357 0000 00000000 		.space	72
 357      00000000 
 357      00000000 
 357      00000000 
 357      00000000 
 358              		.text
 359              	.Letext0:
 360              		.file 2 "/opt/st/stm32cubeclt_1.21.0/GNU-tools-for-STM32/arm-none-eabi/include/machine/_default_ty
 361              		.file 3 "/opt/st/stm32cubeclt_1.21.0/GNU-tools-for-STM32/arm-none-eabi/include/sys/_stdint.h"
 362              		.file 4 "Drivers/CMSIS/Device/ST/STM32F4xx/Include/stm32f407xx.h"
 363              		.file 5 "Drivers/STM32F4xx_HAL_Driver/Inc/stm32f4xx_hal_def.h"
 364              		.file 6 "Drivers/STM32F4xx_HAL_Driver/Inc/stm32f4xx_hal_rcc_ex.h"
 365              		.file 7 "Drivers/STM32F4xx_HAL_Driver/Inc/stm32f4xx_hal_gpio.h"
 366              		.file 8 "Drivers/STM32F4xx_HAL_Driver/Inc/stm32f4xx_hal_dma.h"
 367              		.file 9 "Drivers/STM32F4xx_HAL_Driver/Inc/stm32f4xx_hal_i2s.h"
 368              		.file 10 "Core/Inc/i2s.h"
 369              		.file 11 "Core/Inc/main.h"
ARM GAS  /tmp/ccjzmoNk.s 			page 11


DEFINED SYMBOLS
                            *ABS*:00000000 i2s.c
     /tmp/ccjzmoNk.s:21     .text.MX_I2S3_Init:00000000 $t
     /tmp/ccjzmoNk.s:27     .text.MX_I2S3_Init:00000000 MX_I2S3_Init
     /tmp/ccjzmoNk.s:88     .text.MX_I2S3_Init:00000030 $d
     /tmp/ccjzmoNk.s:356    .bss.hi2s3:00000000 hi2s3
     /tmp/ccjzmoNk.s:95     .text.HAL_I2S_MspInit:00000000 $t
     /tmp/ccjzmoNk.s:101    .text.HAL_I2S_MspInit:00000000 HAL_I2S_MspInit
     /tmp/ccjzmoNk.s:282    .text.HAL_I2S_MspInit:000000b4 $d
     /tmp/ccjzmoNk.s:290    .text.HAL_I2S_MspDeInit:00000000 $t
     /tmp/ccjzmoNk.s:296    .text.HAL_I2S_MspDeInit:00000000 HAL_I2S_MspDeInit
     /tmp/ccjzmoNk.s:344    .text.HAL_I2S_MspDeInit:0000002c $d
     /tmp/ccjzmoNk.s:353    .bss.hi2s3:00000000 $d

UNDEFINED SYMBOLS
HAL_I2S_Init
Error_Handler
HAL_RCCEx_PeriphCLKConfig
HAL_GPIO_Init
HAL_GPIO_DeInit
