Archive member included to satisfy reference by file (symbol)

/opt/st/stm32cubeclt_1.21.0/GNU-tools-for-STM32/bin/../lib/gcc/arm-none-eabi/14.3.1/../../../../arm-none-eabi/lib/thumb/v7e-m+fp/hard/libc_nano.a(libc_a-exit.o)
                              /opt/st/stm32cubeclt_1.21.0/GNU-tools-for-STM32/bin/../lib/gcc/arm-none-eabi/14.3.1/../../../../arm-none-eabi/lib/thumb/v7e-m+fp/hard/crt0.o (exit)
/opt/st/stm32cubeclt_1.21.0/GNU-tools-for-STM32/bin/../lib/gcc/arm-none-eabi/14.3.1/../../../../arm-none-eabi/lib/thumb/v7e-m+fp/hard/libc_nano.a(libc_a-malloc.o)
                              build/usbh_cdc.o (malloc)
/opt/st/stm32cubeclt_1.21.0/GNU-tools-for-STM32/bin/../lib/gcc/arm-none-eabi/14.3.1/../../../../arm-none-eabi/lib/thumb/v7e-m+fp/hard/libc_nano.a(libc_a-mallocr.o)
                              /opt/st/stm32cubeclt_1.21.0/GNU-tools-for-STM32/bin/../lib/gcc/arm-none-eabi/14.3.1/../../../../arm-none-eabi/lib/thumb/v7e-m+fp/hard/libc_nano.a(libc_a-malloc.o) (_malloc_r)
/opt/st/stm32cubeclt_1.21.0/GNU-tools-for-STM32/bin/../lib/gcc/arm-none-eabi/14.3.1/../../../../arm-none-eabi/lib/thumb/v7e-m+fp/hard/libc_nano.a(libc_a-mlock.o)
                              /opt/st/stm32cubeclt_1.21.0/GNU-tools-for-STM32/bin/../lib/gcc/arm-none-eabi/14.3.1/../../../../arm-none-eabi/lib/thumb/v7e-m+fp/hard/libc_nano.a(libc_a-mallocr.o) (__malloc_lock)
/opt/st/stm32cubeclt_1.21.0/GNU-tools-for-STM32/bin/../lib/gcc/arm-none-eabi/14.3.1/../../../../arm-none-eabi/lib/thumb/v7e-m+fp/hard/libc_nano.a(libc_a-findfp.o)
                              /opt/st/stm32cubeclt_1.21.0/GNU-tools-for-STM32/bin/../lib/gcc/arm-none-eabi/14.3.1/../../../../arm-none-eabi/lib/thumb/v7e-m+fp/hard/libc_nano.a(libc_a-exit.o) (__stdio_exit_handler)
/opt/st/stm32cubeclt_1.21.0/GNU-tools-for-STM32/bin/../lib/gcc/arm-none-eabi/14.3.1/../../../../arm-none-eabi/lib/thumb/v7e-m+fp/hard/libc_nano.a(libc_a-fwalk.o)
                              /opt/st/stm32cubeclt_1.21.0/GNU-tools-for-STM32/bin/../lib/gcc/arm-none-eabi/14.3.1/../../../../arm-none-eabi/lib/thumb/v7e-m+fp/hard/libc_nano.a(libc_a-findfp.o) (_fwalk_sglue)
/opt/st/stm32cubeclt_1.21.0/GNU-tools-for-STM32/bin/../lib/gcc/arm-none-eabi/14.3.1/../../../../arm-none-eabi/lib/thumb/v7e-m+fp/hard/libc_nano.a(libc_a-stdio.o)
                              /opt/st/stm32cubeclt_1.21.0/GNU-tools-for-STM32/bin/../lib/gcc/arm-none-eabi/14.3.1/../../../../arm-none-eabi/lib/thumb/v7e-m+fp/hard/libc_nano.a(libc_a-findfp.o) (__sread)
/opt/st/stm32cubeclt_1.21.0/GNU-tools-for-STM32/bin/../lib/gcc/arm-none-eabi/14.3.1/../../../../arm-none-eabi/lib/thumb/v7e-m+fp/hard/libc_nano.a(libc_a-memset.o)
                              /opt/st/stm32cubeclt_1.21.0/GNU-tools-for-STM32/bin/../lib/gcc/arm-none-eabi/14.3.1/../../../../arm-none-eabi/lib/thumb/v7e-m+fp/hard/crt0.o (memset)
/opt/st/stm32cubeclt_1.21.0/GNU-tools-for-STM32/bin/../lib/gcc/arm-none-eabi/14.3.1/../../../../arm-none-eabi/lib/thumb/v7e-m+fp/hard/libc_nano.a(libc_a-closer.o)
                              /opt/st/stm32cubeclt_1.21.0/GNU-tools-for-STM32/bin/../lib/gcc/arm-none-eabi/14.3.1/../../../../arm-none-eabi/lib/thumb/v7e-m+fp/hard/libc_nano.a(libc_a-stdio.o) (_close_r)
/opt/st/stm32cubeclt_1.21.0/GNU-tools-for-STM32/bin/../lib/gcc/arm-none-eabi/14.3.1/../../../../arm-none-eabi/lib/thumb/v7e-m+fp/hard/libc_nano.a(libc_a-reent.o)
                              /opt/st/stm32cubeclt_1.21.0/GNU-tools-for-STM32/bin/../lib/gcc/arm-none-eabi/14.3.1/../../../../arm-none-eabi/lib/thumb/v7e-m+fp/hard/libc_nano.a(libc_a-closer.o) (errno)
/opt/st/stm32cubeclt_1.21.0/GNU-tools-for-STM32/bin/../lib/gcc/arm-none-eabi/14.3.1/../../../../arm-none-eabi/lib/thumb/v7e-m+fp/hard/libc_nano.a(libc_a-impure.o)
                              /opt/st/stm32cubeclt_1.21.0/GNU-tools-for-STM32/bin/../lib/gcc/arm-none-eabi/14.3.1/../../../../arm-none-eabi/lib/thumb/v7e-m+fp/hard/libc_nano.a(libc_a-malloc.o) (_impure_ptr)
/opt/st/stm32cubeclt_1.21.0/GNU-tools-for-STM32/bin/../lib/gcc/arm-none-eabi/14.3.1/../../../../arm-none-eabi/lib/thumb/v7e-m+fp/hard/libc_nano.a(libc_a-lseekr.o)
                              /opt/st/stm32cubeclt_1.21.0/GNU-tools-for-STM32/bin/../lib/gcc/arm-none-eabi/14.3.1/../../../../arm-none-eabi/lib/thumb/v7e-m+fp/hard/libc_nano.a(libc_a-stdio.o) (_lseek_r)
/opt/st/stm32cubeclt_1.21.0/GNU-tools-for-STM32/bin/../lib/gcc/arm-none-eabi/14.3.1/../../../../arm-none-eabi/lib/thumb/v7e-m+fp/hard/libc_nano.a(libc_a-readr.o)
                              /opt/st/stm32cubeclt_1.21.0/GNU-tools-for-STM32/bin/../lib/gcc/arm-none-eabi/14.3.1/../../../../arm-none-eabi/lib/thumb/v7e-m+fp/hard/libc_nano.a(libc_a-stdio.o) (_read_r)
/opt/st/stm32cubeclt_1.21.0/GNU-tools-for-STM32/bin/../lib/gcc/arm-none-eabi/14.3.1/../../../../arm-none-eabi/lib/thumb/v7e-m+fp/hard/libc_nano.a(libc_a-sbrkr.o)
[...]
Memory Configuration

Name             Origin             Length             Attributes
RAM              0x20000000         0x00020000         xrw
CCMRAM           0x10000000         0x00010000         xrw
FLASH            0x08000000         0x00100000         xr
*default*        0x00000000         0xffffffff

Linker script and memory map

LOAD /opt/st/stm32cubeclt_1.21.0/GNU-tools-for-STM32/bin/../lib/gcc/arm-none-eabi/14.3.1/thumb/v7e-m+fp/hard/crti.o
LOAD /opt/st/stm32cubeclt_1.21.0/GNU-tools-for-STM32/bin/../lib/gcc/arm-none-eabi/14.3.1/thumb/v7e-m+fp/hard/crtbegin.o
LOAD /opt/st/stm32cubeclt_1.21.0/GNU-tools-for-STM32/bin/../lib/gcc/arm-none-eabi/14.3.1/../../../../arm-none-eabi/lib/thumb/v7e-m+fp/hard/crt0.o
LOAD build/main.o
LOAD build/ssd1306.o
LOAD build/ssd1306_fonts.o
LOAD build/gpio.o
LOAD build/i2c.o
LOAD build/i2s.o
LOAD build/usart.o
LOAD build/stm32f4xx_it.o
LOAD build/stm32f4xx_hal_msp.o
LOAD build/usbh_conf.o
LOAD build/usbh_platform.o
LOAD build/usb_host.o
LOAD build/stm32f4xx_hal_hcd.o
LOAD build/stm32f4xx_ll_usb.o
LOAD build/stm32f4xx_hal_rcc.o
LOAD build/stm32f4xx_hal_rcc_ex.o
LOAD build/stm32f4xx_hal_flash.o
LOAD build/stm32f4xx_hal_flash_ex.o
LOAD build/stm32f4xx_hal_flash_ramfunc.o
LOAD build/stm32f4xx_hal_gpio.o
LOAD build/stm32f4xx_hal_dma_ex.o
LOAD build/stm32f4xx_hal_dma.o
LOAD build/stm32f4xx_hal_pwr.o
LOAD build/stm32f4xx_hal_pwr_ex.o
LOAD build/stm32f4xx_hal_cortex.o
LOAD build/stm32f4xx_hal.o
LOAD build/stm32f4xx_hal_exti.o
LOAD build/stm32f4xx_hal_i2c.o
LOAD build/stm32f4xx_hal_i2c_ex.o
LOAD build/stm32f4xx_hal_i2s.o
LOAD build/stm32f4xx_hal_i2s_ex.o
LOAD build/stm32f4xx_hal_uart.o
LOAD build/system_stm32f4xx.o
LOAD build/usbh_core.o
LOAD build/usbh_ctlreq.o
LOAD build/usbh_ioreq.o
LOAD build/usbh_pipes.o
LOAD build/usbh_cdc.o
LOAD build/sysmem.o
LOAD build/syscalls.o
LOAD build/tim.o
LOAD build/stm32f4xx_hal_tim.o
LOAD build/stm32f4xx_hal_tim_ex.o
LOAD build/adc.o
LOAD build/stm32f4xx_hal_adc.o
LOAD build/stm32f4xx_hal_adc_ex.o
LOAD build/startup_stm32f407xx.o
LOAD /opt/st/stm32cubeclt_1.21.0/GNU-tools-for-STM32/bin/../lib/gcc/arm-none-eabi/14.3.1/../../../../arm-none-eabi/lib/thumb/v7e-m+fp/hard/libc_nano.a
LOAD /opt/st/stm32cubeclt_1.21.0/GNU-tools-for-STM32/bin/../lib/gcc/arm-none-eabi/14.3.1/../../../../arm-none-eabi/lib/thumb/v7e-m+fp/hard/libm.a
LOAD /opt/st/stm32cubeclt_1.21.0/GNU-tools-for-STM32/bin/../lib/gcc/arm-none-eabi/14.3.1/../../../../arm-none-eabi/lib/thumb/v7e-m+fp/hard/libnosys.a
START GROUP
LOAD /opt/st/stm32cubeclt_1.21.0/GNU-tools-for-STM32/bin/../lib/gcc/arm-none-eabi/14.3.1/thumb/v7e-m+fp/hard/libgcc.a
LOAD /opt/st/stm32cubeclt_1.21.0/GNU-tools-for-STM32/bin/../lib/gcc/arm-none-eabi/14.3.1/../../../../arm-none-eabi/lib/thumb/v7e-m+fp/hard/libc_nano.a
END GROUP
START GROUP
LOAD /opt/st/stm32cubeclt_1.21.0/GNU-tools-for-STM32/bin/../lib/gcc/arm-none-eabi/14.3.1/thumb/v7e-m+fp/hard/libgcc.a
LOAD /opt/st/stm32cubeclt_1.21.0/GNU-tools-for-STM32/bin/../lib/gcc/arm-none-eabi/14.3.1/../../../../arm-none-eabi/lib/thumb/v7e-m+fp/hard/libc_nano.a
END GROUP
LOAD /opt/st/stm32cubeclt_1.21.0/GNU-tools-for-STM32/bin/../lib/gcc/arm-none-eabi/14.3.1/thumb/v7e-m+fp/hard/crtend.o
LOAD /opt/st/stm32cubeclt_1.21.0/GNU-tools-for-STM32/bin/../lib/gcc/arm-none-eabi/14.3.1/thumb/v7e-m+fp/hard/crtn.o
                0x20020000                        _estack = (ORIGIN (RAM) + LENGTH (RAM))
                0x2001fc00                        _sstack = (_estack - _Min_Stack_Size)
                0x00000200                        _Min_Heap_Size = 0x200
                0x00000400                        _Min_Stack_Size = 0x400

.isr_vector     0x08000000      0x188
                0x08000000                        . = ALIGN (0x4)
 *(.isr_vector)
 .isr_vector    0x08000000      0x188 build/startup_stm32f407xx.o
                0x08000000                g_pfnVectors
                0x08000188                        . = ALIGN (0x4)

.text           0x08000188     0x60d4
                0x08000188                        . = ALIGN (0x4)
 *(.text)
 .text          0x08000188       0x40 /opt/st/stm32cubeclt_1.21.0/GNU-tools-for-STM32/bin/../lib/gcc/arm-none-eabi/14.3.1/thumb/v7e-m+fp/hard/crtbegin.o
 .text          0x080001c8       0x30 /opt/st/stm32cubeclt_1.21.0/GNU-tools-for-STM32/bin/../lib/gcc/arm-none-eabi/14.3.1/thumb/v7e-m+fp/hard/libgcc.a(_aeabi_uldivmod.o)
                0x080001c8                __aeabi_uldivmod
 .text          0x080001f8      0x2f8 /opt/st/stm32cubeclt_1.21.0/GNU-tools-for-STM32/bin/../lib/gcc/arm-none-eabi/14.3.1/thumb/v7e-m+fp/hard/libgcc.a(_udivmoddi4.o)
                0x080001f8                __udivmoddi4
 .text          0x080004f0        0x4 /opt/st/stm32cubeclt_1.21.0/GNU-tools-for-STM32/bin/../lib/gcc/arm-none-eabi/14.3.1/thumb/v7e-m+fp/hard/libgcc.a(_dvmd_tls.o)
                0x080004f0                __aeabi_ldiv0
                0x080004f0                __aeabi_idiv0
 *(.text*)
 .text.Error_Handler
                0x080004f4        0x4 build/main.o
                0x080004f4                Error_Handler
 .text.SystemClock_Config
                0x080004f8       0xac build/main.o
                0x080004f8                SystemClock_Config
 .text.main     0x080005a4      0x118 build/main.o
                0x080005a4                main
 .text.MX_GPIO_Init
                0x080006bc      0x19c build/gpio.o
                0x080006bc                MX_GPIO_Init
 .text.MX_I2C1_Init
                0x08000858       0x3c build/i2c.o
                0x08000858                MX_I2C1_Init
 .text.HAL_I2C_MspInit
                0x08000894       0x70 build/i2c.o
                0x08000894                HAL_I2C_MspInit
 .text.MX_I2S3_Init
                0x08000904       0x3c build/i2s.o
                0x08000904                MX_I2S3_Init
 .text.HAL_I2S_MspInit
                0x08000940       0xc4 build/i2s.o
                0x08000940                HAL_I2S_MspInit
 .text.MX_USART2_UART_Init
                0x08000a04       0x34 build/usart.o
                0x08000a04                MX_USART2_UART_Init
 .text.HAL_UART_MspInit
                0x08000a38       0x6c build/usart.o
                0x08000a38                HAL_UART_MspInit
 .text.NMI_Handler
                0x08000aa4        0x2 build/stm32f4xx_it.o
                0x08000aa4                NMI_Handler
 .text.HardFault_Handler
                0x08000aa6        0x2 build/stm32f4xx_it.o
                0x08000aa6                HardFault_Handler
 .text.MemManage_Handler
                0x08000aa8        0x2 build/stm32f4xx_it.o
                0x08000aa8                MemManage_Handler
 .text.BusFault_Handler
                0x08000aaa        0x2 build/stm32f4xx_it.o
                0x08000aaa                BusFault_Handler
 .text.UsageFault_Handler
                0x08000aac        0x2 build/stm32f4xx_it.o
                0x08000aac                UsageFault_Handler
 .text.SVC_Handler
                0x08000aae        0x2 build/stm32f4xx_it.o
                0x08000aae                SVC_Handler
 .text.DebugMon_Handler
                0x08000ab0        0x2 build/stm32f4xx_it.o
                0x08000ab0                DebugMon_Handler
 .text.PendSV_Handler
                0x08000ab2        0x2 build/stm32f4xx_it.o
                0x08000ab2                PendSV_Handler
 .text.SysTick_Handler
                0x08000ab4        0x8 build/stm32f4xx_it.o
                0x08000ab4                SysTick_Handler
 .text.OTG_FS_IRQHandler
                0x08000abc       0x10 build/stm32f4xx_it.o
                0x08000abc                OTG_FS_IRQHandler
 .text.HAL_MspInit
                0x08000acc       0x40 build/stm32f4xx_hal_msp.o
                0x08000acc                HAL_MspInit
 .text.HAL_HCD_MspInit
                0x08000b0c       0x98 build/usbh_conf.o
                0x08000b0c                HAL_HCD_MspInit
 .text.HAL_HCD_SOF_Callback
                0x08000ba4        0xc build/usbh_conf.o
                0x08000ba4                HAL_HCD_SOF_Callback
 .text.HAL_HCD_Connect_Callback
                0x08000bb0        0xc build/usbh_conf.o
                0x08000bb0                HAL_HCD_Connect_Callback
 .text.HAL_HCD_Disconnect_Callback
                0x08000bbc        0xc build/usbh_conf.o
                0x08000bbc                HAL_HCD_Disconnect_Callback
 .text.HAL_HCD_HC_NotifyURBChange_Callback
                0x08000bc8        0x2 build/usbh_conf.o
                0x08000bc8                HAL_HCD_HC_NotifyURBChange_Callback
 .text.HAL_HCD_PortEnabled_Callback
                0x08000bca        0xc build/usbh_conf.o
                0x08000bca                HAL_HCD_PortEnabled_Callback
 .text.HAL_HCD_PortDisabled_Callback
                0x08000bd6        0xc build/usbh_conf.o
                0x08000bd6                HAL_HCD_PortDisabled_Callback
 *fill*         0x08000be2        0x2 
 .text.USBH_LL_Init
                0x08000be4       0x54 build/usbh_conf.o
                0x08000be4                USBH_LL_Init
 .text.USBH_LL_GetSpeed
                0x08000c38       0x20 build/usbh_conf.o
                0x08000c38                USBH_LL_GetSpeed
 .text.USBH_LL_GetLastXferSize
                0x08000c58        0xc build/usbh_conf.o
                0x08000c58                USBH_LL_GetLastXferSize
 .text.USBH_LL_ClosePipe
                0x08000c64        0x4 build/usbh_conf.o
                0x08000c64                USBH_LL_ClosePipe
 .text.USBH_LL_GetURBState
                0x08000c68        0xc build/usbh_conf.o
                0x08000c68                USBH_LL_GetURBState
 .text.USBH_LL_DriverVBUS
                0x08000c74       0x1c build/usbh_conf.o
                0x08000c74                USBH_LL_DriverVBUS
 .text.USBH_LL_SetToggle
                0x08000c90       0x2e build/usbh_conf.o
                0x08000c90                USBH_LL_SetToggle
 .text.USBH_Delay
                0x08000cbe        0x8 build/usbh_conf.o
                0x08000cbe                USBH_Delay
 .text.USBH_Get_USB_Status
                0x08000cc6       0x14 build/usbh_conf.o
                0x08000cc6                USBH_Get_USB_Status
 .text.USBH_LL_Start
                0x08000cda       0x10 build/usbh_conf.o
                0x08000cda                USBH_LL_Start
 .text.USBH_LL_Stop
                0x08000cea       0x10 build/usbh_conf.o
                0x08000cea                USBH_LL_Stop
 .text.USBH_LL_ResetPort
                0x08000cfa       0x10 build/usbh_conf.o
                0x08000cfa                USBH_LL_ResetPort
 .text.USBH_LL_OpenPipe
                0x08000d0a       0x26 build/usbh_conf.o
                0x08000d0a                USBH_LL_OpenPipe
 .text.USBH_LL_SubmitURB
                0x08000d30       0x2a build/usbh_conf.o
                0x08000d30                USBH_LL_SubmitURB
 *fill*         0x08000d5a        0x2 
 .text.MX_DriverVbusFS
                0x08000d5c       0x18 build/usbh_platform.o
                0x08000d5c                MX_DriverVbusFS
 .text.USBH_UserProcess
                0x08000d74       0x2c build/usb_host.o
 .text.MX_USB_HOST_Init
                0x08000da0       0x40 build/usb_host.o
                0x08000da0                MX_USB_HOST_Init
 .text.MX_USB_HOST_Process
                0x08000de0       0x10 build/usb_host.o
                0x08000de0                MX_USB_HOST_Process
 .text.HCD_RXQLVL_IRQHandler
                0x08000df0       0xac build/stm32f4xx_hal_hcd.o
 .text.HAL_HCD_Init
                0x08000e9c       0x8e build/stm32f4xx_hal_hcd.o
                0x08000e9c                HAL_HCD_Init
 .text.HAL_HCD_HC_SubmitRequest
                0x08000f2a      0x1ce build/stm32f4xx_hal_hcd.o
                0x08000f2a                HAL_HCD_HC_SubmitRequest
 .text.HCD_Port_IRQHandler
                0x080010f8       0xb0 build/stm32f4xx_hal_hcd.o
 .text.HCD_HC_IN_IRQHandler
                0x080011a8      0x5bc build/stm32f4xx_hal_hcd.o
 .text.HCD_HC_OUT_IRQHandler
                0x08001764      0x48c build/stm32f4xx_hal_hcd.o
 .text.HAL_HCD_IRQHandler
                0x08001bf0      0x15c build/stm32f4xx_hal_hcd.o
                0x08001bf0                HAL_HCD_IRQHandler
 .text.HAL_HCD_Start
                0x08001d4c       0x2a build/stm32f4xx_hal_hcd.o
                0x08001d4c                HAL_HCD_Start
 .text.HAL_HCD_Stop
                0x08001d76       0x24 build/stm32f4xx_hal_hcd.o
                0x08001d76                HAL_HCD_Stop
 .text.HAL_HCD_ResetPort
                0x08001d9a        0xa build/stm32f4xx_hal_hcd.o
                0x08001d9a                HAL_HCD_ResetPort
 .text.HAL_HCD_HC_GetURBState
                0x08001da4        0xe build/stm32f4xx_hal_hcd.o
                0x08001da4                HAL_HCD_HC_GetURBState
 .text.HAL_HCD_HC_GetXferCount
                0x08001db2        0xc build/stm32f4xx_hal_hcd.o
                0x08001db2                HAL_HCD_HC_GetXferCount
 .text.HAL_HCD_GetCurrentFrame
                0x08001dbe        0xa build/stm32f4xx_hal_hcd.o
                0x08001dbe                HAL_HCD_GetCurrentFrame
 .text.HAL_HCD_GetCurrentSpeed
                0x08001dc8        0xa build/stm32f4xx_hal_hcd.o
                0x08001dc8                HAL_HCD_GetCurrentSpeed
 .text.HAL_HCD_HC_ClearHubInfo
                0x08001dd2       0x18 build/stm32f4xx_hal_hcd.o
                0x08001dd2                HAL_HCD_HC_ClearHubInfo
 .text.HAL_HCD_HC_Init
                0x08001dea       0xca build/stm32f4xx_hal_hcd.o
                0x08001dea                HAL_HCD_HC_Init
 .text.USB_CoreReset
                0x08001eb4       0x58 build/stm32f4xx_ll_usb.o
 .text.USB_CoreInit
                0x08001f0c       0x92 build/stm32f4xx_ll_usb.o
                0x08001f0c                USB_CoreInit
 .text.USB_EnableGlobalInt
                0x08001f9e        0xc build/stm32f4xx_ll_usb.o
                0x08001f9e                USB_EnableGlobalInt
 .text.USB_DisableGlobalInt
                0x08001faa        0xc build/stm32f4xx_ll_usb.o
                0x08001faa                USB_DisableGlobalInt
 .text.USB_FlushTxFifo
                0x08001fb6       0x4a build/stm32f4xx_ll_usb.o
                0x08001fb6                USB_FlushTxFifo
 .text.USB_FlushRxFifo
                0x08002000       0x46 build/stm32f4xx_ll_usb.o
                0x08002000                USB_FlushRxFifo
 .text.USB_WritePacket
                0x08002046       0x2e build/stm32f4xx_ll_usb.o
                0x08002046                USB_WritePacket
 .text.USB_ReadPacket
                0x08002074       0x46 build/stm32f4xx_ll_usb.o
                0x08002074                USB_ReadPacket
 .text.USB_ReadInterrupts
                0x080020ba        0x8 build/stm32f4xx_ll_usb.o
                0x080020ba                USB_ReadInterrupts
 .text.USB_ReadChInterrupts
                0x080020c2       0x12 build/stm32f4xx_ll_usb.o
                0x080020c2                USB_ReadChInterrupts
 .text.USB_GetMode
                0x080020d4        0x8 build/stm32f4xx_ll_usb.o
                0x080020d4                USB_GetMode
 .text.USB_SetCurrentMode
                0x080020dc       0x62 build/stm32f4xx_ll_usb.o
                0x080020dc                USB_SetCurrentMode
 *fill*         0x0800213e        0x2 
 .text.USB_HostInit
                0x08002140      0x100 build/stm32f4xx_ll_usb.o
                0x08002140                USB_HostInit
 .text.USB_InitFSLSPClkSel
                0x08002240       0x42 build/stm32f4xx_ll_usb.o
                0x08002240                USB_InitFSLSPClkSel
 .text.USB_ResetPort
                0x08002282       0x3e build/stm32f4xx_ll_usb.o
                0x08002282                USB_ResetPort
 .text.USB_DriveVbus
                0x080022c0       0x46 build/stm32f4xx_ll_usb.o
                0x080022c0                USB_DriveVbus
 .text.USB_GetHostSpeed
                0x08002306       0x16 build/stm32f4xx_ll_usb.o
                0x08002306                USB_GetHostSpeed
 .text.USB_GetCurrentFrame
                0x0800231c        0xa build/stm32f4xx_ll_usb.o
                0x0800231c                USB_GetCurrentFrame
 *fill*         0x08002326        0x2 
 .text.USB_HC_Init
                0x08002328      0x130 build/stm32f4xx_ll_usb.o
                0x08002328                USB_HC_Init
 .text.USB_HC_ReadInterrupt
                0x08002458        0xa build/stm32f4xx_ll_usb.o
                0x08002458                USB_HC_ReadInterrupt
 .text.USB_HC_Halt
                0x08002462       0xfc build/stm32f4xx_ll_usb.o
                0x08002462                USB_HC_Halt
 *fill*         0x0800255e        0x2 
 .text.USB_DoPing
                0x08002560       0x24 build/stm32f4xx_ll_usb.o
                0x08002560                USB_DoPing
 .text.USB_HC_StartXfer
                0x08002584      0x2c8 build/stm32f4xx_ll_usb.o
                0x08002584                USB_HC_StartXfer
 .text.USB_StopHost
                0x0800284c       0x92 build/stm32f4xx_ll_usb.o
                0x0800284c                USB_StopHost
 *fill*         0x080028de        0x2 
 .text.HAL_RCC_OscConfig
                0x080028e0      0x3f8 build/stm32f4xx_hal_rcc.o
                0x080028e0                HAL_RCC_OscConfig
 .text.HAL_RCC_GetSysClockFreq
                0x08002cd8       0xdc build/stm32f4xx_hal_rcc.o
                0x08002cd8                HAL_RCC_GetSysClockFreq
 .text.HAL_RCC_ClockConfig
                0x08002db4      0x160 build/stm32f4xx_hal_rcc.o
                0x08002db4                HAL_RCC_ClockConfig
 .text.HAL_RCC_GetHCLKFreq
                0x08002f14        0xc build/stm32f4xx_hal_rcc.o
                0x08002f14                HAL_RCC_GetHCLKFreq
 .text.HAL_RCC_GetPCLK1Freq
                0x08002f20       0x20 build/stm32f4xx_hal_rcc.o
                0x08002f20                HAL_RCC_GetPCLK1Freq
 .text.HAL_RCC_GetPCLK2Freq
                0x08002f40       0x20 build/stm32f4xx_hal_rcc.o
                0x08002f40                HAL_RCC_GetPCLK2Freq
 .text.HAL_RCCEx_PeriphCLKConfig
                0x08002f60      0x154 build/stm32f4xx_hal_rcc_ex.o
                0x08002f60                HAL_RCCEx_PeriphCLKConfig
 .text.HAL_RCCEx_GetPeriphCLKFreq
                0x080030b4       0x70 build/stm32f4xx_hal_rcc_ex.o
                0x080030b4                HAL_RCCEx_GetPeriphCLKFreq
 .text.HAL_GPIO_Init
                0x08003124      0x1ec build/stm32f4xx_hal_gpio.o
                0x08003124                HAL_GPIO_Init
 .text.HAL_GPIO_WritePin
                0x08003310        0xc build/stm32f4xx_hal_gpio.o
                0x08003310                HAL_GPIO_WritePin
 .text.__NVIC_EnableIRQ
                0x0800331c       0x1c build/stm32f4xx_hal_cortex.o
 .text.__NVIC_SetPriority
                0x08003338       0x28 build/stm32f4xx_hal_cortex.o
 .text.NVIC_EncodePriority
                0x08003360       0x3c build/stm32f4xx_hal_cortex.o
 .text.HAL_NVIC_SetPriorityGrouping
                0x0800339c       0x24 build/stm32f4xx_hal_cortex.o
                0x0800339c                HAL_NVIC_SetPriorityGrouping
 .text.HAL_NVIC_SetPriority
                0x080033c0       0x20 build/stm32f4xx_hal_cortex.o
                0x080033c0                HAL_NVIC_SetPriority
 .text.HAL_NVIC_EnableIRQ
                0x080033e0        0x8 build/stm32f4xx_hal_cortex.o
                0x080033e0                HAL_NVIC_EnableIRQ
 .text.HAL_SYSTICK_Config
                0x080033e8       0x28 build/stm32f4xx_hal_cortex.o
                0x080033e8                HAL_SYSTICK_Config
 .text.HAL_InitTick
                0x08003410       0x4c build/stm32f4xx_hal.o
                0x08003410                HAL_InitTick
 .text.HAL_Init
                0x0800345c       0x34 build/stm32f4xx_hal.o
                0x0800345c                HAL_Init
 .text.HAL_IncTick
                0x08003490       0x18 build/stm32f4xx_hal.o
                0x08003490                HAL_IncTick
 .text.HAL_GetTick
                0x080034a8        0xc build/stm32f4xx_hal.o
                0x080034a8                HAL_GetTick
 .text.HAL_Delay
                0x080034b4       0x28 build/stm32f4xx_hal.o
                0x080034b4                HAL_Delay
 .text.HAL_I2C_Init
                0x080034dc      0x1bc build/stm32f4xx_hal_i2c.o
                0x080034dc                HAL_I2C_Init
 .text.HAL_I2S_Init
                0x08003698      0x19c build/stm32f4xx_hal_i2s.o
                0x08003698                HAL_I2S_Init
 .text.HAL_I2S_TxCpltCallback
                0x08003834        0x2 build/stm32f4xx_hal_i2s.o
                0x08003834                HAL_I2S_TxCpltCallback
 .text.I2S_Transmit_IT
                0x08003836       0x38 build/stm32f4xx_hal_i2s.o
 .text.HAL_I2S_RxCpltCallback
                0x0800386e        0x2 build/stm32f4xx_hal_i2s.o
                0x0800386e                HAL_I2S_RxCpltCallback
 .text.I2S_Receive_IT
                0x08003870       0x38 build/stm32f4xx_hal_i2s.o
 .text.HAL_I2S_ErrorCallback
                0x080038a8        0x2 build/stm32f4xx_hal_i2s.o
                0x080038a8                HAL_I2S_ErrorCallback
 .text.I2S_IRQHandler
                0x080038aa       0xcc build/stm32f4xx_hal_i2s.o
 .text.HAL_I2SEx_TxRxCpltCallback
                0x08003976        0x2 build/stm32f4xx_hal_i2s_ex.o
                0x08003976                HAL_I2SEx_TxRxCpltCallback
 .text.I2SEx_TxISR_I2S
                0x08003978       0x3c build/stm32f4xx_hal_i2s_ex.o
 .text.I2SEx_RxISR_I2SExt
                0x080039b4       0x64 build/stm32f4xx_hal_i2s_ex.o
 .text.I2SEx_TxISR_I2SExt
                0x08003a18       0x64 build/stm32f4xx_hal_i2s_ex.o
 .text.I2SEx_RxISR_I2S
                0x08003a7c       0x3c build/stm32f4xx_hal_i2s_ex.o
 .text.HAL_I2SEx_FullDuplex_IRQHandler
                0x08003ab8      0x1d8 build/stm32f4xx_hal_i2s_ex.o
                0x08003ab8                HAL_I2SEx_FullDuplex_IRQHandler
 .text.UART_SetConfig
                0x08003c90      0x110 build/stm32f4xx_hal_uart.o
 .text.HAL_UART_Init
                0x08003da0       0x60 build/stm32f4xx_hal_uart.o
                0x08003da0                HAL_UART_Init
 .text.SystemInit
                0x08003e00       0x14 build/system_stm32f4xx.o
                0x08003e00                SystemInit
 .text.USBH_HandleSof
                0x08003e14       0x18 build/usbh_core.o
 .text.DeInitStateMachine
                0x08003e2c       0x94 build/usbh_core.o
 .text.USBH_HandleEnum
                0x08003ec0      0x26e build/usbh_core.o
 .text.USBH_Init
                0x0800412e       0x3e build/usbh_core.o
                0x0800412e                USBH_Init
 .text.USBH_RegisterClass
                0x0800416c       0x22 build/usbh_core.o
                0x0800416c                USBH_RegisterClass
 .text.USBH_SelectInterface
                0x0800418e       0x14 build/usbh_core.o
                0x0800418e                USBH_SelectInterface
 .text.USBH_FindInterface
                0x080041a2       0x54 build/usbh_core.o
                0x080041a2                USBH_FindInterface
 .text.USBH_Start
                0x080041f6       0x14 build/usbh_core.o
                0x080041f6                USBH_Start
 .text.USBH_Process
                0x0800420a      0x284 build/usbh_core.o
                0x0800420a                USBH_Process
 .text.USBH_LL_SetTimer
                0x0800448e        0x6 build/usbh_core.o
                0x0800448e                USBH_LL_SetTimer
 .text.USBH_LL_IncTimer
                0x08004494       0x12 build/usbh_core.o
                0x08004494                USBH_LL_IncTimer
 .text.USBH_LL_PortEnabled
                0x080044a6        0x8 build/usbh_core.o
                0x080044a6                USBH_LL_PortEnabled
 .text.USBH_LL_PortDisabled
                0x080044ae        0xe build/usbh_core.o
                0x080044ae                USBH_LL_PortDisabled
 .text.USBH_LL_Connect
                0x080044bc       0x14 build/usbh_core.o
                0x080044bc                USBH_LL_Connect
 .text.USBH_LL_Disconnect
                0x080044d0       0x2c build/usbh_core.o
                0x080044d0                USBH_LL_Disconnect
 .text.USBH_ParseDevDesc
                0x080044fc       0xf4 build/usbh_ctlreq.o
 .text.USBH_ParseInterfaceDesc
                0x080045f0       0x26 build/usbh_ctlreq.o
 .text.USBH_ParseEPDesc
                0x08004616       0xe4 build/usbh_ctlreq.o
 .text.USBH_ParseStringDesc
                0x080046fa       0x32 build/usbh_ctlreq.o
 .text.USBH_HandleControl
                0x0800472c      0x1da build/usbh_ctlreq.o
 .text.USBH_GetNextDesc
                0x08004906        0xe build/usbh_ctlreq.o
                0x08004906                USBH_GetNextDesc
 .text.USBH_ParseCfgDesc
                0x08004914      0x182 build/usbh_ctlreq.o
 .text.USBH_CtlReq
                0x08004a96       0x40 build/usbh_ctlreq.o
                0x08004a96                USBH_CtlReq
 .text.USBH_GetDescriptor
                0x08004ad6       0x42 build/usbh_ctlreq.o
                0x08004ad6                USBH_GetDescriptor
 .text.USBH_Get_DevDesc
                0x08004b18       0x36 build/usbh_ctlreq.o
                0x08004b18                USBH_Get_DevDesc
 .text.USBH_Get_CfgDesc
                0x08004b4e       0x36 build/usbh_ctlreq.o
                0x08004b4e                USBH_Get_CfgDesc
 .text.USBH_Get_StringDesc
                0x08004b84       0x40 build/usbh_ctlreq.o
                0x08004b84                USBH_Get_StringDesc
 .text.USBH_SetAddress
                0x08004bc4       0x22 build/usbh_ctlreq.o
                0x08004bc4                USBH_SetAddress
 .text.USBH_SetCfg
                0x08004be6       0x22 build/usbh_ctlreq.o
                0x08004be6                USBH_SetCfg
 .text.USBH_SetFeature
                0x08004c08       0x22 build/usbh_ctlreq.o
                0x08004c08                USBH_SetFeature
 .text.USBH_ClrFeature
                0x08004c2a       0x24 build/usbh_ctlreq.o
                0x08004c2a                USBH_ClrFeature
 .text.USBH_CtlSendSetup
                0x08004c4e       0x22 build/usbh_ioreq.o
                0x08004c4e                USBH_CtlSendSetup
 .text.USBH_CtlSendData
                0x08004c70       0x2c build/usbh_ioreq.o
                0x08004c70                USBH_CtlSendData
 .text.USBH_CtlReceiveData
                0x08004c9c       0x20 build/usbh_ioreq.o
                0x08004c9c                USBH_CtlReceiveData
 .text.USBH_BulkSendData
                0x08004cbc       0x2c build/usbh_ioreq.o
                0x08004cbc                USBH_BulkSendData
 .text.USBH_BulkReceiveData
                0x08004ce8       0x20 build/usbh_ioreq.o
                0x08004ce8                USBH_BulkReceiveData
 .text.USBH_GetFreePipe
                0x08004d08       0x26 build/usbh_pipes.o
 .text.USBH_OpenPipe
                0x08004d2e       0x20 build/usbh_pipes.o
                0x08004d2e                USBH_OpenPipe
 .text.USBH_ClosePipe
                0x08004d4e        0xa build/usbh_pipes.o
                0x08004d4e                USBH_ClosePipe
 .text.USBH_AllocPipe
                0x08004d58       0x26 build/usbh_pipes.o
                0x08004d58                USBH_AllocPipe
 .text.USBH_FreePipe
                0x08004d7e       0x16 build/usbh_pipes.o
                0x08004d7e                USBH_FreePipe
 .text.USBH_CDC_SOFProcess
                0x08004d94        0x4 build/usbh_cdc.o
 .text.SetLineCoding
                0x08004d98       0x1a build/usbh_cdc.o
 .text.GetLineCoding
                0x08004db2       0x1a build/usbh_cdc.o
 .text.USBH_CDC_ClassRequest
                0x08004dcc       0x22 build/usbh_cdc.o
 .text.USBH_CDC_InterfaceDeInit
                0x08004dee       0x68 build/usbh_cdc.o
 .text.USBH_CDC_InterfaceInit
                0x08004e56      0x186 build/usbh_cdc.o
 .text.USBH_CDC_TransmitCallback
                0x08004fdc        0x2 build/usbh_cdc.o
                0x08004fdc                USBH_CDC_TransmitCallback
 .text.CDC_ProcessTransmission
                0x08004fde       0x92 build/usbh_cdc.o
 .text.USBH_CDC_ReceiveCallback
                0x08005070        0x2 build/usbh_cdc.o
                0x08005070                USBH_CDC_ReceiveCallback
 .text.CDC_ProcessReception
                0x08005072       0x66 build/usbh_cdc.o
 .text.USBH_CDC_LineCodingChanged
                0x080050d8        0x2 build/usbh_cdc.o
                0x080050d8                USBH_CDC_LineCodingChanged
 .text.USBH_CDC_Process
                0x080050da       0xae build/usbh_cdc.o
 .text._sbrk    0x08005188       0x48 build/sysmem.o
                0x08005188                _sbrk
 .text.HAL_TIM_Base_MspInit
                0x080051d0       0x54 build/tim.o
                0x080051d0                HAL_TIM_Base_MspInit
 .text.HAL_TIM_MspPostInit
                0x08005224       0x90 build/tim.o
                0x08005224                HAL_TIM_MspPostInit
 .text.MX_TIM3_Init
                0x080052b4       0xac build/tim.o
                0x080052b4                MX_TIM3_Init
 .text.MX_TIM4_Init
                0x08005360       0xe8 build/tim.o
                0x08005360                MX_TIM4_Init
 .text.TIM_OC1_SetConfig
                0x08005448       0x70 build/stm32f4xx_hal_tim.o
 .text.TIM_OC3_SetConfig
                0x080054b8       0x70 build/stm32f4xx_hal_tim.o
 .text.TIM_OC4_SetConfig
                0x08005528       0x50 build/stm32f4xx_hal_tim.o
 .text.TIM_TI1_ConfigInputStage
                0x08005578       0x26 build/stm32f4xx_hal_tim.o
 .text.TIM_TI2_ConfigInputStage
                0x0800559e       0x28 build/stm32f4xx_hal_tim.o
 .text.TIM_ITRx_SetConfig
                0x080055c6       0x10 build/stm32f4xx_hal_tim.o
 .text.HAL_TIM_PWM_MspInit
                0x080055d6        0x2 build/stm32f4xx_hal_tim.o
                0x080055d6                HAL_TIM_PWM_MspInit
 .text.TIM_Base_SetConfig
                0x080055d8       0xd0 build/stm32f4xx_hal_tim.o
                0x080055d8                TIM_Base_SetConfig
 .text.HAL_TIM_Base_Init
                0x080056a8       0x58 build/stm32f4xx_hal_tim.o
                0x080056a8                HAL_TIM_Base_Init
 .text.HAL_TIM_PWM_Init
                0x08005700       0x58 build/stm32f4xx_hal_tim.o
                0x08005700                HAL_TIM_PWM_Init
 .text.TIM_OC2_SetConfig
                0x08005758       0x70 build/stm32f4xx_hal_tim.o
                0x08005758                TIM_OC2_SetConfig
 .text.HAL_TIM_PWM_ConfigChannel
                0x080057c8       0xdc build/stm32f4xx_hal_tim.o
                0x080057c8                HAL_TIM_PWM_ConfigChannel
 .text.TIM_ETR_SetConfig
                0x080058a4       0x1a build/stm32f4xx_hal_tim.o
                0x080058a4                TIM_ETR_SetConfig
 .text.HAL_TIM_ConfigClockSource
                0x080058be       0xfe build/stm32f4xx_hal_tim.o
                0x080058be                HAL_TIM_ConfigClockSource
 .text.TIM_CCxChannelCmd
                0x080059bc       0x1e build/stm32f4xx_hal_tim.o
                0x080059bc                TIM_CCxChannelCmd
 *fill*         0x080059da        0x2 
 .text.HAL_TIM_PWM_Start
                0x080059dc       0xfc build/stm32f4xx_hal_tim.o
                0x080059dc                HAL_TIM_PWM_Start
 .text.HAL_TIMEx_MasterConfigSynchronization
                0x08005ad8       0x8c build/stm32f4xx_hal_tim_ex.o
                0x08005ad8                HAL_TIMEx_MasterConfigSynchronization
 .text.MX_ADC1_Init
                0x08005b64       0x6c build/adc.o
                0x08005b64                MX_ADC1_Init
 .text.HAL_ADC_MspInit
                0x08005bd0       0x68 build/adc.o
                0x08005bd0                HAL_ADC_MspInit
 .text.ADC_Init
                0x08005c38      0x134 build/stm32f4xx_hal_adc.o
 .text.HAL_ADC_Init
                0x08005d6c       0x56 build/stm32f4xx_hal_adc.o
                0x08005d6c                HAL_ADC_Init
 *fill*         0x08005dc2        0x2 
 .text.HAL_ADC_ConfigChannel
                0x08005dc4      0x194 build/stm32f4xx_hal_adc.o
                0x08005dc4                HAL_ADC_ConfigChannel
 .text.Reset_Handler
                0x08005f58       0x50 build/startup_stm32f407xx.o
                0x08005f58                Reset_Handler
 .text.Default_Handler
                0x08005fa8        0x2 build/startup_stm32f407xx.o
                0x08005fa8                RTC_Alarm_IRQHandler
                0x08005fa8                HASH_RNG_IRQHandler
                0x08005fa8                EXTI2_IRQHandler
                0x08005fa8                TIM8_CC_IRQHandler
                0x08005fa8                TIM1_CC_IRQHandler
                0x08005fa8                DMA2_Stream5_IRQHandler
                0x08005fa8                DMA1_Stream5_IRQHandler
                0x08005fa8                PVD_IRQHandler
                0x08005fa8                SDIO_IRQHandler
                0x08005fa8                TAMP_STAMP_IRQHandler
                0x08005fa8                CAN2_RX1_IRQHandler
                0x08005fa8                EXTI3_IRQHandler
                0x08005fa8                TIM8_TRG_COM_TIM14_IRQHandler
                0x08005fa8                TIM1_UP_TIM10_IRQHandler
                0x08005fa8                TIM8_UP_TIM13_IRQHandler
                0x08005fa8                I2C3_ER_IRQHandler
                0x08005fa8                EXTI0_IRQHandler
                0x08005fa8                I2C2_EV_IRQHandler
                0x08005fa8                DMA1_Stream2_IRQHandler
                0x08005fa8                CAN1_RX0_IRQHandler
                0x08005fa8                FPU_IRQHandler
                0x08005fa8                OTG_HS_WKUP_IRQHandler
                0x08005fa8                CAN2_SCE_IRQHandler
                0x08005fa8                DMA2_Stream2_IRQHandler
                0x08005fa8                SPI1_IRQHandler
                0x08005fa8                TIM6_DAC_IRQHandler
                0x08005fa8                TIM1_BRK_TIM9_IRQHandler
                0x08005fa8                DCMI_IRQHandler
                0x08005fa8                CAN2_RX0_IRQHandler
                0x08005fa8                DMA2_Stream3_IRQHandler
                0x08005fa8                USART6_IRQHandler
                0x08005fa8                USART3_IRQHandler
                0x08005fa8                CAN1_RX1_IRQHandler
                0x08005fa8                UART5_IRQHandler
                0x08005fa8                DMA2_Stream0_IRQHandler
                0x08005fa8                TIM4_IRQHandler
                0x08005fa8                I2C1_EV_IRQHandler
                0x08005fa8                DMA1_Stream6_IRQHandler
                0x08005fa8                DMA1_Stream1_IRQHandler
                0x08005fa8                UART4_IRQHandler
                0x08005fa8                TIM3_IRQHandler
                0x08005fa8                RCC_IRQHandler
                0x08005fa8                TIM8_BRK_TIM12_IRQHandler
                0x08005fa8                Default_Handler
                0x08005fa8                EXTI15_10_IRQHandler
                0x08005fa8                ADC_IRQHandler
                0x08005fa8                DMA1_Stream7_IRQHandler
                0x08005fa8                TIM7_IRQHandler
                0x08005fa8                CAN2_TX_IRQHandler
                0x08005fa8                TIM5_IRQHandler
                0x08005fa8                DMA2_Stream7_IRQHandler
                0x08005fa8                I2C3_EV_IRQHandler
                0x08005fa8                EXTI9_5_IRQHandler
                0x08005fa8                RTC_WKUP_IRQHandler
                0x08005fa8                ETH_WKUP_IRQHandler
                0x08005fa8                SPI2_IRQHandler
                0x08005fa8                OTG_HS_EP1_IN_IRQHandler
                0x08005fa8                DMA1_Stream0_IRQHandler
                0x08005fa8                CAN1_TX_IRQHandler
                0x08005fa8                EXTI4_IRQHandler
                0x08005fa8                FSMC_IRQHandler
                0x08005fa8                ETH_IRQHandler
                0x08005fa8                OTG_HS_EP1_OUT_IRQHandler
                0x08005fa8                WWDG_IRQHandler
                0x08005fa8                TIM2_IRQHandler
                0x08005fa8                OTG_FS_WKUP_IRQHandler
                0x08005fa8                TIM1_TRG_COM_TIM11_IRQHandler
                0x08005fa8                OTG_HS_IRQHandler
                0x08005fa8                EXTI1_IRQHandler
                0x08005fa8                USART2_IRQHandler
                0x08005fa8                I2C2_ER_IRQHandler
                0x08005fa8                DMA2_Stream1_IRQHandler
                0x08005fa8                CAN1_SCE_IRQHandler
                0x08005fa8                FLASH_IRQHandler
                0x08005fa8                DMA2_Stream4_IRQHandler
                0x08005fa8                USART1_IRQHandler
                0x08005fa8                SPI3_IRQHandler
                0x08005fa8                DMA1_Stream4_IRQHandler
                0x08005fa8                I2C1_ER_IRQHandler
                0x08005fa8                DMA2_Stream6_IRQHandler
                0x08005fa8                DMA1_Stream3_IRQHandler
 *fill*         0x08005faa        0x2 
 .text.malloc   0x08005fac       0x10 /opt/st/stm32cubeclt_1.21.0/GNU-tools-for-STM32/bin/../lib/gcc/arm-none-eabi/14.3.1/../../../../arm-none-eabi/lib/thumb/v7e-m+fp/hard/libc_nano.a(libc_a-malloc.o)
                0x08005fac                malloc
 .text.free     0x08005fbc       0x10 /opt/st/stm32cubeclt_1.21.0/GNU-tools-for-STM32/bin/../lib/gcc/arm-none-eabi/14.3.1/../../../../arm-none-eabi/lib/thumb/v7e-m+fp/hard/libc_nano.a(libc_a-malloc.o)
                0x08005fbc                free
 .text.sbrk_aligned
                0x08005fcc       0x44 /opt/st/stm32cubeclt_1.21.0/GNU-tools-for-STM32/bin/../lib/gcc/arm-none-eabi/14.3.1/../../../../arm-none-eabi/lib/thumb/v7e-m+fp/hard/libc_nano.a(libc_a-mallocr.o)
 .text._malloc_r
                0x08006010      0x100 /opt/st/stm32cubeclt_1.21.0/GNU-tools-for-STM32/bin/../lib/gcc/arm-none-eabi/14.3.1/../../../../arm-none-eabi/lib/thumb/v7e-m+fp/hard/libc_nano.a(libc_a-mallocr.o)
                0x08006010                _malloc_r
 .text.__malloc_lock
                0x08006110        0xc /opt/st/stm32cubeclt_1.21.0/GNU-tools-for-STM32/bin/../lib/gcc/arm-none-eabi/14.3.1/../../../../arm-none-eabi/lib/thumb/v7e-m+fp/hard/libc_nano.a(libc_a-mlock.o)
                0x08006110                __malloc_lock
 .text.__malloc_unlock
                0x0800611c        0xc /opt/st/stm32cubeclt_1.21.0/GNU-tools-for-STM32/bin/../lib/gcc/arm-none-eabi/14.3.1/../../../../arm-none-eabi/lib/thumb/v7e-m+fp/hard/libc_nano.a(libc_a-mlock.o)
                0x0800611c                __malloc_unlock
 .text.memset   0x08006128       0x10 /opt/st/stm32cubeclt_1.21.0/GNU-tools-for-STM32/bin/../lib/gcc/arm-none-eabi/14.3.1/../../../../arm-none-eabi/lib/thumb/v7e-m+fp/hard/libc_nano.a(libc_a-memset.o)
                0x08006128                memset
 .text._sbrk_r  0x08006138       0x20 /opt/st/stm32cubeclt_1.21.0/GNU-tools-for-STM32/bin/../lib/gcc/arm-none-eabi/14.3.1/../../../../arm-none-eabi/lib/thumb/v7e-m+fp/hard/libc_nano.a(libc_a-sbrkr.o)
                0x08006138                _sbrk_r
 .text.__errno  0x08006158        0xc /opt/st/stm32cubeclt_1.21.0/GNU-tools-for-STM32/bin/../lib/gcc/arm-none-eabi/14.3.1/../../../../arm-none-eabi/lib/thumb/v7e-m+fp/hard/libc_nano.a(libc_a-errno.o)
                0x08006158                __errno
 .text.__libc_init_array
                0x08006164       0x48 /opt/st/stm32cubeclt_1.21.0/GNU-tools-for-STM32/bin/../lib/gcc/arm-none-eabi/14.3.1/../../../../arm-none-eabi/lib/thumb/v7e-m+fp/hard/libc_nano.a(libc_a-init.o)
                0x08006164                __libc_init_array
 .text.__retarget_lock_acquire_recursive
                0x080061ac        0x2 /opt/st/stm32cubeclt_1.21.0/GNU-tools-for-STM32/bin/../lib/gcc/arm-none-eabi/14.3.1/../../../../arm-none-eabi/lib/thumb/v7e-m+fp/hard/libc_nano.a(libc_a-lock.o)
                0x080061ac                __retarget_lock_acquire_recursive
 .text.__retarget_lock_release_recursive
                0x080061ae        0x2 /opt/st/stm32cubeclt_1.21.0/GNU-tools-for-STM32/bin/../lib/gcc/arm-none-eabi/14.3.1/../../../../arm-none-eabi/lib/thumb/v7e-m+fp/hard/libc_nano.a(libc_a-lock.o)
                0x080061ae                __retarget_lock_release_recursive
 .text._free_r  0x080061b0       0x94 /opt/st/stm32cubeclt_1.21.0/GNU-tools-for-STM32/bin/../lib/gcc/arm-none-eabi/14.3.1/../../../../arm-none-eabi/lib/thumb/v7e-m+fp/hard/libc_nano.a(libc_a-freer.o)
                0x080061b0                _free_r
 *(.glue_7)
 .glue_7        0x08006244        0x0 linker stubs
 *(.glue_7t)
 .glue_7t       0x08006244        0x0 linker stubs
 *(.eh_frame)
 .eh_frame      0x08006244        0x0 /opt/st/stm32cubeclt_1.21.0/GNU-tools-for-STM32/bin/../lib/gcc/arm-none-eabi/14.3.1/thumb/v7e-m+fp/hard/crtbegin.o
 *(.init)
 .init          0x08006244        0x4 /opt/st/stm32cubeclt_1.21.0/GNU-tools-for-STM32/bin/../lib/gcc/arm-none-eabi/14.3.1/thumb/v7e-m+fp/hard/crti.o
                0x08006244                _init
 .init          0x08006248        0x8 /opt/st/stm32cubeclt_1.21.0/GNU-tools-for-STM32/bin/../lib/gcc/arm-none-eabi/14.3.1/thumb/v7e-m+fp/hard/crtn.o
 *(.fini)
 .fini          0x08006250        0x4 /opt/st/stm32cubeclt_1.21.0/GNU-tools-for-STM32/bin/../lib/gcc/arm-none-eabi/14.3.1/thumb/v7e-m+fp/hard/crti.o
                0x08006250                _fini
 .fini          0x08006254        0x8 /opt/st/stm32cubeclt_1.21.0/GNU-tools-for-STM32/bin/../lib/gcc/arm-none-eabi/14.3.1/thumb/v7e-m+fp/hard/crtn.o
                0x0800625c                        . = ALIGN (0x4)
                0x0800625c                        _etext = .

.vfp11_veneer   0x0800625c        0x0
 .vfp11_veneer  0x0800625c        0x0 linker stubs

.v4_bx          0x0800625c        0x0
 .v4_bx         0x0800625c        0x0 linker stubs

.iplt           0x0800625c        0x0
 .iplt          0x0800625c        0x0 /opt/st/stm32cubeclt_1.21.0/GNU-tools-for-STM32/bin/../lib/gcc/arm-none-eabi/14.3.1/thumb/v7e-m+fp/hard/crtbegin.o

.rodata         0x0800625c       0x1c
                0x0800625c                        . = ALIGN (0x4)
 *(.rodata)
 *(.rodata*)
 .rodata.APBPrescTable
                0x0800625c        0x8 build/system_stm32f4xx.o
                0x0800625c                APBPrescTable
 .rodata.AHBPrescTable
                0x08006264       0x10 build/system_stm32f4xx.o
                0x08006264                AHBPrescTable
 .rodata.str1.4
                0x08006274        0x4 build/usbh_cdc.o
                0x08006278                        . = ALIGN (0x4)

.ARM.extab      0x08006278        0x0
                0x08006278                        . = ALIGN (0x4)
 *(.ARM.extab* .gnu.linkonce.armextab.*)
                0x08006278                        . = ALIGN (0x4)

.ARM            0x08006278        0x8
                0x08006278                        . = ALIGN (0x4)
                0x08006278                        __exidx_start = .
 *(.ARM.exidx*)
 .ARM.exidx     0x08006278        0x8 /opt/st/stm32cubeclt_1.21.0/GNU-tools-for-STM32/bin/../lib/gcc/arm-none-eabi/14.3.1/thumb/v7e-m+fp/hard/libgcc.a(_udivmoddi4.o)
                0x08006280                        __exidx_end = .
                0x08006280                        . = ALIGN (0x4)

.preinit_array  0x08006280        0x0
                0x08006280                        . = ALIGN (0x4)
                0x08006280                        PROVIDE (__preinit_array_start = .)
 *(.preinit_array*)
                0x08006280                        PROVIDE (__preinit_array_end = .)
                0x08006280                        . = ALIGN (0x4)

.init_array     0x08006280        0x4
                0x08006280                        . = ALIGN (0x4)
                0x08006280                        PROVIDE (__init_array_start = .)
 *(SORT_BY_NAME(.init_array.*))
 *(.init_array*)
 .init_array    0x08006280        0x4 /opt/st/stm32cubeclt_1.21.0/GNU-tools-for-STM32/bin/../lib/gcc/arm-none-eabi/14.3.1/thumb/v7e-m+fp/hard/crtbegin.o
                0x08006284                        PROVIDE (__init_array_end = .)
                0x08006284                        . = ALIGN (0x4)

.fini_array     0x08006284        0x4
                0x08006284                        . = ALIGN (0x4)
                [!provide]                        PROVIDE (__fini_array_start = .)
 *(SORT_BY_NAME(.fini_array.*))
 *(.fini_array*)
 .fini_array    0x08006284        0x4 /opt/st/stm32cubeclt_1.21.0/GNU-tools-for-STM32/bin/../lib/gcc/arm-none-eabi/14.3.1/thumb/v7e-m+fp/hard/crtbegin.o
                [!provide]                        PROVIDE (__fini_array_end = .)
                0x08006288                        . = ALIGN (0x4)
                0x08006288                        _sidata = LOADADDR (.data)

.rel.dyn        0x08006288        0x0
 .rel.iplt      0x08006288        0x0 /opt/st/stm32cubeclt_1.21.0/GNU-tools-for-STM32/bin/../lib/gcc/arm-none-eabi/14.3.1/thumb/v7e-m+fp/hard/crtbegin.o

.data           0x20000000       0x7c load address 0x08006288
                0x20000000                        . = ALIGN (0x4)
                0x20000000                        _sdata = .
 *(.data)
 *(.data*)
 .data.uwTickFreq
                0x20000000        0x1 build/stm32f4xx_hal.o
                0x20000000                uwTickFreq
 *fill*         0x20000001        0x3 
 .data.uwTickPrio
                0x20000004        0x4 build/stm32f4xx_hal.o
                0x20000004                uwTickPrio
 .data.SystemCoreClock
                0x20000008        0x4 build/system_stm32f4xx.o
                0x20000008                SystemCoreClock
 .data.CDC_Class
                0x2000000c       0x20 build/usbh_cdc.o
                0x2000000c                CDC_Class
 .data._impure_ptr
                0x2000002c        0x4 /opt/st/stm32cubeclt_1.21.0/GNU-tools-for-STM32/bin/../lib/gcc/arm-none-eabi/14.3.1/../../../../arm-none-eabi/lib/thumb/v7e-m+fp/hard/libc_nano.a(libc_a-impure.o)
                0x2000002c                _impure_ptr
 .data._impure_data
                0x20000030       0x4c /opt/st/stm32cubeclt_1.21.0/GNU-tools-for-STM32/bin/../lib/gcc/arm-none-eabi/14.3.1/../../../../arm-none-eabi/lib/thumb/v7e-m+fp/hard/libc_nano.a(libc_a-impure.o)
                0x20000030                _impure_data
 *(.RamFunc)
 *(.RamFunc*)
                0x2000007c                        . = ALIGN (0x4)
                0x2000007c                        _edata = .
                0x08006304                        _siccmram = LOADADDR (.ccmram)

.igot.plt       0x2000007c        0x0 load address 0x08006304
 .igot.plt      0x2000007c        0x0 /opt/st/stm32cubeclt_1.21.0/GNU-tools-for-STM32/bin/../lib/gcc/arm-none-eabi/14.3.1/thumb/v7e-m+fp/hard/crtbegin.o

.ccmram         0x10000000        0x0 load address 0x08006304
                0x10000000                        . = ALIGN (0x4)
                0x10000000                        _sccmram = .
 *(.ccmram)
 *(.ccmram*)
                0x10000000                        . = ALIGN (0x4)
                0x10000000                        _eccmram = .
                0x10000000                        . = ALIGN (0x4)

.bss            0x2000007c      0xae4
                0x2000007c                        _sbss = .
                0x2000007c                        __bss_start__ = _sbss
 *(.bss)
 .bss           0x2000007c       0x1c /opt/st/stm32cubeclt_1.21.0/GNU-tools-for-STM32/bin/../lib/gcc/arm-none-eabi/14.3.1/thumb/v7e-m+fp/hard/crtbegin.o
 *(.bss*)
 .bss.hi2c1     0x20000098       0x54 build/i2c.o
                0x20000098                hi2c1
 .bss.hi2s3     0x200000ec       0x48 build/i2s.o
                0x200000ec                hi2s3
 .bss.huart2    0x20000134       0x48 build/usart.o
                0x20000134                huart2
 .bss.hhcd_USB_OTG_FS
                0x2000017c      0x3e0 build/usbh_conf.o
                0x2000017c                hhcd_USB_OTG_FS
 .bss.Appli_state
                0x2000055c        0x1 build/usb_host.o
                0x2000055c                Appli_state
 *fill*         0x2000055d        0x3 
 .bss.hUsbHostFS
                0x20000560      0x3d8 build/usb_host.o
                0x20000560                hUsbHostFS
 .bss.uwTick    0x20000938        0x4 build/stm32f4xx_hal.o
                0x20000938                uwTick
 .bss.__sbrk_heap_end
                0x2000093c        0x4 build/sysmem.o
 .bss.htim4     0x20000940       0x48 build/tim.o
                0x20000940                htim4
 .bss.htim3     0x20000988       0x48 build/tim.o
                0x20000988                htim3
 .bss.hadc1     0x200009d0       0x48 build/adc.o
                0x200009d0                hadc1
 .bss.__malloc_sbrk_start
                0x20000a18        0x4 /opt/st/stm32cubeclt_1.21.0/GNU-tools-for-STM32/bin/../lib/gcc/arm-none-eabi/14.3.1/../../../../arm-none-eabi/lib/thumb/v7e-m+fp/hard/libc_nano.a(libc_a-mallocr.o)
                0x20000a18                __malloc_sbrk_start
 .bss.__malloc_free_list
                0x20000a1c        0x4 /opt/st/stm32cubeclt_1.21.0/GNU-tools-for-STM32/bin/../lib/gcc/arm-none-eabi/14.3.1/../../../../arm-none-eabi/lib/thumb/v7e-m+fp/hard/libc_nano.a(libc_a-mallocr.o)
                0x20000a1c                __malloc_free_list
 .bss.__sf      0x20000a20      0x138 /opt/st/stm32cubeclt_1.21.0/GNU-tools-for-STM32/bin/../lib/gcc/arm-none-eabi/14.3.1/../../../../arm-none-eabi/lib/thumb/v7e-m+fp/hard/libc_nano.a(libc_a-findfp.o)
                0x20000a20                __sf
 .bss.errno     0x20000b58        0x4 /opt/st/stm32cubeclt_1.21.0/GNU-tools-for-STM32/bin/../lib/gcc/arm-none-eabi/14.3.1/../../../../arm-none-eabi/lib/thumb/v7e-m+fp/hard/libc_nano.a(libc_a-reent.o)
                0x20000b58                errno
 .bss.__lock___malloc_recursive_mutex
                0x20000b5c        0x1 /opt/st/stm32cubeclt_1.21.0/GNU-tools-for-STM32/bin/../lib/gcc/arm-none-eabi/14.3.1/../../../../arm-none-eabi/lib/thumb/v7e-m+fp/hard/libc_nano.a(libc_a-lock.o)
                0x20000b5c                __lock___malloc_recursive_mutex
 *(COMMON)
                0x20000b60                        . = ALIGN (0x4)
 *fill*         0x20000b5d        0x3 
                0x20000b60                        _ebss = .
                0x20000b60                        __bss_end__ = _ebss

._user_heap_stack
                0x20000b60      0x600
                0x20000b60                        . = ALIGN (0x8)
                [!provide]                        PROVIDE (end = .)
                0x20000b60                        PROVIDE (_end = .)
                0x20000d60                        . = (. + _Min_Heap_Size)
 *fill*         0x20000b60      0x200 
                0x20001160                        . = (. + _Min_Stack_Size)
 *fill*         0x20000d60      0x400 
                0x20001160                        . = ALIGN (0x8)

/DISCARD/
 libc.a(*)
 libm.a(*)
 libgcc.a(*)
OUTPUT(build/led.elf elf32-littlearm)
LOAD linker stubs
LOAD /opt/st/stm32cubeclt_1.21.0/GNU-tools-for-STM32/bin/../lib/gcc/arm-none-eabi/14.3.1/../../../../arm-none-eabi/lib/thumb/v7e-m+fp/hard/libc.a
LOAD /opt/st/stm32cubeclt_1.21.0/GNU-tools-for-STM32/bin/../lib/gcc/arm-none-eabi/14.3.1/../../../../arm-none-eabi/lib/thumb/v7e-m+fp/hard/libm.a
LOAD /opt/st/stm32cubeclt_1.21.0/GNU-tools-for-STM32/bin/../lib/gcc/arm-none-eabi/14.3.1/thumb/v7e-m+fp/hard/libgcc.a

.ARM.attributes
                0x00000000       0x30
 .ARM.attributes
                0x00000000       0x22 /opt/st/stm32cubeclt_1.21.0/GNU-tools-for-STM32/bin/../lib/gcc/arm-none-eabi/14.3.1/thumb/v7e-m+fp/hard/crti.o
 .ARM.attributes
                0x00000022       0x34 /opt/st/stm32cubeclt_1.21.0/GNU-tools-for-STM32/bin/../lib/gcc/arm-none-eabi/14.3.1/thumb/v7e-m+fp/hard/crtbegin.o
 .ARM.attributes
                0x00000056       0x34 build/main.o
 .ARM.attributes
                0x0000008a       0x34 build/gpio.o
 .ARM.attributes
                0x000000be       0x34 build/i2c.o
 .ARM.attributes
                0x000000f2       0x34 build/i2s.o
 .ARM.attributes
                0x00000126       0x34 build/usart.o
 .ARM.attributes
                0x0000015a       0x34 build/stm32f4xx_it.o
 .ARM.attributes
                0x0000018e       0x34 build/stm32f4xx_hal_msp.o
 .ARM.attributes
                0x000001c2       0x34 build/usbh_conf.o
 .ARM.attributes
                0x000001f6       0x34 build/usbh_platform.o
 .ARM.attributes
                0x0000022a       0x34 build/usb_host.o
 .ARM.attributes
                0x0000025e       0x34 build/stm32f4xx_hal_hcd.o
 .ARM.attributes
                0x00000292       0x34 build/stm32f4xx_ll_usb.o
 .ARM.attributes
                0x000002c6       0x34 build/stm32f4xx_hal_rcc.o
 .ARM.attributes
                0x000002fa       0x34 build/stm32f4xx_hal_rcc_ex.o
 .ARM.attributes
                0x0000032e       0x34 build/stm32f4xx_hal_gpio.o
 .ARM.attributes
                0x00000362       0x34 build/stm32f4xx_hal_cortex.o
 .ARM.attributes
                0x00000396       0x34 build/stm32f4xx_hal.o
 .ARM.attributes
                0x000003ca       0x34 build/stm32f4xx_hal_i2c.o
 .ARM.attributes
                0x000003fe       0x34 build/stm32f4xx_hal_i2s.o
 .ARM.attributes
                0x00000432       0x34 build/stm32f4xx_hal_i2s_ex.o
 .ARM.attributes
                0x00000466       0x34 build/stm32f4xx_hal_uart.o
 .ARM.attributes
                0x0000049a       0x34 build/system_stm32f4xx.o
 .ARM.attributes
                0x000004ce       0x34 build/usbh_core.o
 .ARM.attributes
                0x00000502       0x34 build/usbh_ctlreq.o
 .ARM.attributes
                0x00000536       0x34 build/usbh_ioreq.o
 .ARM.attributes
                0x0000056a       0x34 build/usbh_pipes.o
 .ARM.attributes
                0x0000059e       0x34 build/usbh_cdc.o
 .ARM.attributes
                0x000005d2       0x34 build/sysmem.o
 .ARM.attributes
                0x00000606       0x34 build/tim.o
 .ARM.attributes
                0x0000063a       0x34 build/stm32f4xx_hal_tim.o
 .ARM.attributes
                0x0000066e       0x34 build/stm32f4xx_hal_tim_ex.o
 .ARM.attributes
                0x000006a2       0x34 build/adc.o
 .ARM.attributes
                0x000006d6       0x34 build/stm32f4xx_hal_adc.o
 .ARM.attributes
                0x0000070a       0x21 build/startup_stm32f407xx.o
 .ARM.attributes
                0x0000072b       0x34 /opt/st/stm32cubeclt_1.21.0/GNU-tools-for-STM32/bin/../lib/gcc/arm-none-eabi/14.3.1/../../../../arm-none-eabi/lib/thumb/v7e-m+fp/hard/libc_nano.a(libc_a-malloc.o)
 .ARM.attributes
                0x0000075f       0x34 /opt/st/stm32cubeclt_1.21.0/GNU-tools-for-STM32/bin/../lib/gcc/arm-none-eabi/14.3.1/../../../../arm-none-eabi/lib/thumb/v7e-m+fp/hard/libc_nano.a(libc_a-mallocr.o)
 .ARM.attributes
                0x00000793       0x34 /opt/st/stm32cubeclt_1.21.0/GNU-tools-for-STM32/bin/../lib/gcc/arm-none-eabi/14.3.1/../../../../arm-none-eabi/lib/thumb/v7e-m+fp/hard/libc_nano.a(libc_a-mlock.o)
 .ARM.attributes
                0x000007c7       0x34 /opt/st/stm32cubeclt_1.21.0/GNU-tools-for-STM32/bin/../lib/gcc/arm-none-eabi/14.3.1/../../../../arm-none-eabi/lib/thumb/v7e-m+fp/hard/libc_nano.a(libc_a-findfp.o)
 .ARM.attributes
                0x000007fb       0x34 /opt/st/stm32cubeclt_1.21.0/GNU-tools-for-STM32/bin/../lib/gcc/arm-none-eabi/14.3.1/../../../../arm-none-eabi/lib/thumb/v7e-m+fp/hard/libc_nano.a(libc_a-memset.o)
 .ARM.attributes
                0x0000082f       0x34 /opt/st/stm32cubeclt_1.21.0/GNU-tools-for-STM32/bin/../lib/gcc/arm-none-eabi/14.3.1/../../../../arm-none-eabi/lib/thumb/v7e-m+fp/hard/libc_nano.a(libc_a-reent.o)
 .ARM.attributes
                0x00000863       0x34 /opt/st/stm32cubeclt_1.21.0/GNU-tools-for-STM32/bin/../lib/gcc/arm-none-eabi/14.3.1/../../../../arm-none-eabi/lib/thumb/v7e-m+fp/hard/libc_nano.a(libc_a-impure.o)
 .ARM.attributes
                0x00000897       0x34 /opt/st/stm32cubeclt_1.21.0/GNU-tools-for-STM32/bin/../lib/gcc/arm-none-eabi/14.3.1/../../../../arm-none-eabi/lib/thumb/v7e-m+fp/hard/libc_nano.a(libc_a-sbrkr.o)
 .ARM.attributes
                0x000008cb       0x34 /opt/st/stm32cubeclt_1.21.0/GNU-tools-for-STM32/bin/../lib/gcc/arm-none-eabi/14.3.1/../../../../arm-none-eabi/lib/thumb/v7e-m+fp/hard/libc_nano.a(libc_a-errno.o)
 .ARM.attributes
                0x000008ff       0x34 /opt/st/stm32cubeclt_1.21.0/GNU-tools-for-STM32/bin/../lib/gcc/arm-none-eabi/14.3.1/../../../../arm-none-eabi/lib/thumb/v7e-m+fp/hard/libc_nano.a(libc_a-init.o)
 .ARM.attributes
                0x00000933       0x34 /opt/st/stm32cubeclt_1.21.0/GNU-tools-for-STM32/bin/../lib/gcc/arm-none-eabi/14.3.1/../../../../arm-none-eabi/lib/thumb/v7e-m+fp/hard/libc_nano.a(libc_a-lock.o)
 .ARM.attributes
                0x00000967       0x34 /opt/st/stm32cubeclt_1.21.0/GNU-tools-for-STM32/bin/../lib/gcc/arm-none-eabi/14.3.1/../../../../arm-none-eabi/lib/thumb/v7e-m+fp/hard/libc_nano.a(libc_a-freer.o)
 .ARM.attributes
                0x0000099b       0x22 /opt/st/stm32cubeclt_1.21.0/GNU-tools-for-STM32/bin/../lib/gcc/arm-none-eabi/14.3.1/thumb/v7e-m+fp/hard/libgcc.a(_aeabi_uldivmod.o)
 .ARM.attributes
                0x000009bd       0x34 /opt/st/stm32cubeclt_1.21.0/GNU-tools-for-STM32/bin/../lib/gcc/arm-none-eabi/14.3.1/thumb/v7e-m+fp/hard/libgcc.a(_udivmoddi4.o)
 .ARM.attributes
                0x000009f1       0x22 /opt/st/stm32cubeclt_1.21.0/GNU-tools-for-STM32/bin/../lib/gcc/arm-none-eabi/14.3.1/thumb/v7e-m+fp/hard/libgcc.a(_dvmd_tls.o)
 .ARM.attributes
                0x00000a13       0x22 /opt/st/stm32cubeclt_1.21.0/GNU-tools-for-STM32/bin/../lib/gcc/arm-none-eabi/14.3.1/thumb/v7e-m+fp/hard/crtn.o

.comment        0x00000000       0x43
 .comment       0x00000000       0x43 build/main.o
                                 0x44 (size before relaxing)
 .comment       0x00000043       0x44 build/gpio.o
 .comment       0x00000043       0x44 build/i2c.o
 .comment       0x00000043       0x44 build/i2s.o
 .comment       0x00000043       0x44 build/usart.o
 .comment       0x00000043       0x44 build/stm32f4xx_it.o
 .comment       0x00000043       0x44 build/stm32f4xx_hal_msp.o
 .comment       0x00000043       0x44 build/usbh_conf.o
 .comment       0x00000043       0x44 build/usbh_platform.o
 .comment       0x00000043       0x44 build/usb_host.o
 .comment       0x00000043       0x44 build/stm32f4xx_hal_hcd.o
 .comment       0x00000043       0x44 build/stm32f4xx_ll_usb.o
 .comment       0x00000043       0x44 build/stm32f4xx_hal_rcc.o
 .comment       0x00000043       0x44 build/stm32f4xx_hal_rcc_ex.o
 .comment       0x00000043       0x44 build/stm32f4xx_hal_gpio.o
 .comment       0x00000043       0x44 build/stm32f4xx_hal_cortex.o
 .comment       0x00000043       0x44 build/stm32f4xx_hal.o
 .comment       0x00000043       0x44 build/stm32f4xx_hal_i2c.o
 .comment       0x00000043       0x44 build/stm32f4xx_hal_i2s.o
 .comment       0x00000043       0x44 build/stm32f4xx_hal_i2s_ex.o
 .comment       0x00000043       0x44 build/stm32f4xx_hal_uart.o
 .comment       0x00000043       0x44 build/system_stm32f4xx.o
 .comment       0x00000043       0x44 build/usbh_core.o
 .comment       0x00000043       0x44 build/usbh_ctlreq.o
 .comment       0x00000043       0x44 build/usbh_ioreq.o
 .comment       0x00000043       0x44 build/usbh_pipes.o
 .comment       0x00000043       0x44 build/usbh_cdc.o
 .comment       0x00000043       0x44 build/sysmem.o
 .comment       0x00000043       0x44 build/tim.o
 .comment       0x00000043       0x44 build/stm32f4xx_hal_tim.o
 .comment       0x00000043       0x44 build/stm32f4xx_hal_tim_ex.o
 .comment       0x00000043       0x44 build/adc.o
 .comment       0x00000043       0x44 build/stm32f4xx_hal_adc.o

.debug_info     0x00000000    0x2896d
 .debug_info    0x00000000     0x1214 build/main.o
 .debug_info    0x00001214      0x69b build/gpio.o
 .debug_info    0x000018af      0xb82 build/i2c.o
 .debug_info    0x00002431      0xc3d build/i2s.o
 .debug_info    0x0000306e      0xb12 build/usart.o
 .debug_info    0x00003b80      0x7b0 build/stm32f4xx_it.o
 .debug_info    0x00004330      0x314 build/stm32f4xx_hal_msp.o
 .debug_info    0x00004644     0x2382 build/usbh_conf.o
 .debug_info    0x000069c6      0x225 build/usbh_platform.o
 .debug_info    0x00006beb      0xc12 build/usb_host.o
 .debug_info    0x000077fd     0x1b56 build/stm32f4xx_hal_hcd.o
 .debug_info    0x00009353     0x2202 build/stm32f4xx_ll_usb.o
 .debug_info    0x0000b555      0xc20 build/stm32f4xx_hal_rcc.o
 .debug_info    0x0000c175      0x700 build/stm32f4xx_hal_rcc_ex.o
 .debug_info    0x0000c875      0x848 build/stm32f4xx_hal_gpio.o
 .debug_info    0x0000d0bd     0x11e0 build/stm32f4xx_hal_cortex.o
 .debug_info    0x0000e29d      0xafa build/stm32f4xx_hal.o
 .debug_info    0x0000ed97     0x3c10 build/stm32f4xx_hal_i2c.o
 .debug_info    0x000129a7     0x1318 build/stm32f4xx_hal_i2s.o
 .debug_info    0x00013cbf      0xecd build/stm32f4xx_hal_i2s_ex.o
 .debug_info    0x00014b8c     0x43b5 build/stm32f4xx_hal_uart.o
 .debug_info    0x00018f41      0x5b3 build/system_stm32f4xx.o
 .debug_info    0x000194f4     0x1806 build/usbh_core.o
 .debug_info    0x0001acfa     0x15ff build/usbh_ctlreq.o
 .debug_info    0x0001c2f9     0x110f build/usbh_ioreq.o
 .debug_info    0x0001d408      0xcd5 build/usbh_pipes.o
 .debug_info    0x0001e0dd     0x1b0e build/usbh_cdc.o
 .debug_info    0x0001fbeb      0x18c build/sysmem.o
 .debug_info    0x0001fd77     0x1076 build/tim.o
 .debug_info    0x00020ded     0x41a0 build/stm32f4xx_hal_tim.o
 .debug_info    0x00024f8d     0x1d97 build/stm32f4xx_hal_tim_ex.o
 .debug_info    0x00026d24      0xbbf build/adc.o
 .debug_info    0x000278e3     0x105a build/stm32f4xx_hal_adc.o
 .debug_info    0x0002893d       0x30 build/startup_stm32f407xx.o

.debug_abbrev   0x00000000     0x5136
 .debug_abbrev  0x00000000      0x2b1 build/main.o
 .debug_abbrev  0x000002b1      0x160 build/gpio.o
 .debug_abbrev  0x00000411      0x208 build/i2c.o
 .debug_abbrev  0x00000619      0x208 build/i2s.o
 .debug_abbrev  0x00000821      0x20f build/usart.o
 .debug_abbrev  0x00000a30      0x183 build/stm32f4xx_it.o
 .debug_abbrev  0x00000bb3       0xfd build/stm32f4xx_hal_msp.o
 .debug_abbrev  0x00000cb0      0x3dd build/usbh_conf.o
 .debug_abbrev  0x0000108d      0x12e build/usbh_platform.o
 .debug_abbrev  0x000011bb      0x293 build/usb_host.o
 .debug_abbrev  0x0000144e      0x2d6 build/stm32f4xx_hal_hcd.o
 .debug_abbrev  0x00001724      0x344 build/stm32f4xx_ll_usb.o
 .debug_abbrev  0x00001a68      0x2de build/stm32f4xx_hal_rcc.o
 .debug_abbrev  0x00001d46      0x1dc build/stm32f4xx_hal_rcc_ex.o
 .debug_abbrev  0x00001f22      0x22b build/stm32f4xx_hal_gpio.o
 .debug_abbrev  0x0000214d      0x3ca build/stm32f4xx_hal_cortex.o
 .debug_abbrev  0x00002517      0x244 build/stm32f4xx_hal.o
 .debug_abbrev  0x0000275b      0x328 build/stm32f4xx_hal_i2c.o
 .debug_abbrev  0x00002a83      0x2b0 build/stm32f4xx_hal_i2s.o
 .debug_abbrev  0x00002d33      0x2aa build/stm32f4xx_hal_i2s_ex.o
 .debug_abbrev  0x00002fdd      0x366 build/stm32f4xx_hal_uart.o
 .debug_abbrev  0x00003343      0x11b build/system_stm32f4xx.o
 .debug_abbrev  0x0000345e      0x383 build/usbh_core.o
 .debug_abbrev  0x000037e1      0x353 build/usbh_ctlreq.o
 .debug_abbrev  0x00003b34      0x23d build/usbh_ioreq.o
 .debug_abbrev  0x00003d71      0x2a3 build/usbh_pipes.o
 .debug_abbrev  0x00004014      0x37f build/usbh_cdc.o
 .debug_abbrev  0x00004393       0xeb build/sysmem.o
 .debug_abbrev  0x0000447e      0x258 build/tim.o
 .debug_abbrev  0x000046d6      0x2bd build/stm32f4xx_hal_tim.o
 .debug_abbrev  0x00004993      0x2b7 build/stm32f4xx_hal_tim_ex.o
 .debug_abbrev  0x00004c4a      0x208 build/adc.o
 .debug_abbrev  0x00004e52      0x2c7 build/stm32f4xx_hal_adc.o
 .debug_abbrev  0x00005119       0x1d build/startup_stm32f407xx.o

.debug_loc      0x00000000    0x1fc7a
 .debug_loc     0x00000000      0x13f build/main.o
 .debug_loc     0x0000013f       0x39 build/gpio.o
 .debug_loc     0x00000178       0xfd build/i2c.o
 .debug_loc     0x00000275      0x122 build/i2s.o
 .debug_loc     0x00000397      0x120 build/usart.o
 .debug_loc     0x000004b7       0x40 build/stm32f4xx_it.o
 .debug_loc     0x000004f7       0x38 build/stm32f4xx_hal_msp.o
 .debug_loc     0x0000052f      0xccd build/usbh_conf.o
 .debug_loc     0x000011fc       0x6d build/usbh_platform.o
 .debug_loc     0x00001269       0x40 build/usb_host.o
 .debug_loc     0x000012a9     0x1065 build/stm32f4xx_hal_hcd.o
 .debug_loc     0x0000230e     0x2a90 build/stm32f4xx_ll_usb.o
 .debug_loc     0x00004d9e      0x712 build/stm32f4xx_hal_rcc.o
 .debug_loc     0x000054b0      0x453 build/stm32f4xx_hal_rcc_ex.o
 .debug_loc     0x00005903      0x60b build/stm32f4xx_hal_gpio.o
 .debug_loc     0x00005f0e      0x8ff build/stm32f4xx_hal_cortex.o
 .debug_loc     0x0000680d      0x1f9 build/stm32f4xx_hal.o
 .debug_loc     0x00006a06     0x544e build/stm32f4xx_hal_i2c.o
 .debug_loc     0x0000be54     0x13e5 build/stm32f4xx_hal_i2s.o
 .debug_loc     0x0000d239      0xc54 build/stm32f4xx_hal_i2s_ex.o
 .debug_loc     0x0000de8d     0x507d build/stm32f4xx_hal_uart.o
 .debug_loc     0x00012f0a       0xb0 build/system_stm32f4xx.o
 .debug_loc     0x00012fba      0xb48 build/usbh_core.o
 .debug_loc     0x00013b02     0x15d5 build/usbh_ctlreq.o
 .debug_loc     0x000150d7      0x8bb build/usbh_ioreq.o
 .debug_loc     0x00015992      0x2f2 build/usbh_pipes.o
 .debug_loc     0x00015c84      0x9af build/usbh_cdc.o
 .debug_loc     0x00016633       0x90 build/sysmem.o
 .debug_loc     0x000166c3      0x179 build/tim.o
 .debug_loc     0x0001683c     0x6083 build/stm32f4xx_hal_tim.o
 .debug_loc     0x0001c8bf     0x22c1 build/stm32f4xx_hal_tim_ex.o
 .debug_loc     0x0001eb80      0x144 build/adc.o
 .debug_loc     0x0001ecc4      0xfb6 build/stm32f4xx_hal_adc.o

.debug_aranges  0x00000000     0x1840
 .debug_aranges
                0x00000000       0x38 build/main.o
 .debug_aranges
                0x00000038       0x20 build/gpio.o
 .debug_aranges
                0x00000058       0x30 build/i2c.o
 .debug_aranges
                0x00000088       0x30 build/i2s.o
 .debug_aranges
                0x000000b8       0x30 build/usart.o
 .debug_aranges
                0x000000e8       0x68 build/stm32f4xx_it.o
 .debug_aranges
                0x00000150       0x20 build/stm32f4xx_hal_msp.o
 .debug_aranges
                0x00000170       0xe0 build/usbh_conf.o
 .debug_aranges
                0x00000250       0x20 build/usbh_platform.o
 .debug_aranges
                0x00000270       0x30 build/usb_host.o
 .debug_aranges
                0x000002a0      0x108 build/stm32f4xx_hal_hcd.o
 .debug_aranges
                0x000003a8      0x1a0 build/stm32f4xx_ll_usb.o
 .debug_aranges
                0x00000548       0x88 build/stm32f4xx_hal_rcc.o
 .debug_aranges
                0x000005d0       0x48 build/stm32f4xx_hal_rcc_ex.o
 .debug_aranges
                0x00000618       0x58 build/stm32f4xx_hal_gpio.o
 .debug_aranges
                0x00000670       0xf8 build/stm32f4xx_hal_cortex.o
 .debug_aranges
                0x00000768       0xf0 build/stm32f4xx_hal.o
 .debug_aranges
                0x00000858      0x2a8 build/stm32f4xx_hal_i2c.o
 .debug_aranges
                0x00000b00      0x108 build/stm32f4xx_hal_i2s.o
 .debug_aranges
                0x00000c08       0x88 build/stm32f4xx_hal_i2s_ex.o
 .debug_aranges
                0x00000c90      0x208 build/stm32f4xx_hal_uart.o
 .debug_aranges
                0x00000e98       0x28 build/system_stm32f4xx.o
 .debug_aranges
                0x00000ec0       0xc0 build/usbh_core.o
 .debug_aranges
                0x00000f80       0xa0 build/usbh_ctlreq.o
 .debug_aranges
                0x00001020       0x60 build/usbh_ioreq.o
 .debug_aranges
                0x00001080       0x40 build/usbh_pipes.o
 .debug_aranges
                0x000010c0       0xa8 build/usbh_cdc.o
 .debug_aranges
                0x00001168       0x20 build/sysmem.o
 .debug_aranges
                0x00001188       0x40 build/tim.o
 .debug_aranges
                0x000011c8      0x3d0 build/stm32f4xx_hal_tim.o
 .debug_aranges
                0x00001598      0x168 build/stm32f4xx_hal_tim_ex.o
 .debug_aranges
                0x00001700       0x30 build/adc.o
 .debug_aranges
                0x00001730       0xe8 build/stm32f4xx_hal_adc.o
 .debug_aranges
                0x00001818       0x28 build/startup_stm32f407xx.o

.debug_ranges   0x00000000     0x16b8
 .debug_ranges  0x00000000       0x40 build/main.o
 .debug_ranges  0x00000040       0x10 build/gpio.o
 .debug_ranges  0x00000050       0x20 build/i2c.o
 .debug_ranges  0x00000070       0x20 build/i2s.o
 .debug_ranges  0x00000090       0x20 build/usart.o
 .debug_ranges  0x000000b0       0x58 build/stm32f4xx_it.o
 .debug_ranges  0x00000108       0x10 build/stm32f4xx_hal_msp.o
 .debug_ranges  0x00000118       0xd0 build/usbh_conf.o
 .debug_ranges  0x000001e8       0x10 build/usbh_platform.o
 .debug_ranges  0x000001f8       0x20 build/usb_host.o
 .debug_ranges  0x00000218       0xf8 build/stm32f4xx_hal_hcd.o
 .debug_ranges  0x00000310      0x190 build/stm32f4xx_ll_usb.o
 .debug_ranges  0x000004a0       0x90 build/stm32f4xx_hal_rcc.o
 .debug_ranges  0x00000530       0x38 build/stm32f4xx_hal_rcc_ex.o
 .debug_ranges  0x00000568       0x48 build/stm32f4xx_hal_gpio.o
 .debug_ranges  0x000005b0       0xe8 build/stm32f4xx_hal_cortex.o
 .debug_ranges  0x00000698       0xe0 build/stm32f4xx_hal.o
 .debug_ranges  0x00000778      0x2b0 build/stm32f4xx_hal_i2c.o
 .debug_ranges  0x00000a28      0x128 build/stm32f4xx_hal_i2s.o
 .debug_ranges  0x00000b50       0x90 build/stm32f4xx_hal_i2s_ex.o
 .debug_ranges  0x00000be0      0x1f8 build/stm32f4xx_hal_uart.o
 .debug_ranges  0x00000dd8       0x18 build/system_stm32f4xx.o
 .debug_ranges  0x00000df0       0xb0 build/usbh_core.o
 .debug_ranges  0x00000ea0       0x90 build/usbh_ctlreq.o
 .debug_ranges  0x00000f30       0x50 build/usbh_ioreq.o
 .debug_ranges  0x00000f80       0x30 build/usbh_pipes.o
 .debug_ranges  0x00000fb0       0x98 build/usbh_cdc.o
 .debug_ranges  0x00001048       0x10 build/sysmem.o
 .debug_ranges  0x00001058       0x30 build/tim.o
 .debug_ranges  0x00001088      0x3c0 build/stm32f4xx_hal_tim.o
 .debug_ranges  0x00001448      0x158 build/stm32f4xx_hal_tim_ex.o
 .debug_ranges  0x000015a0       0x20 build/adc.o
 .debug_ranges  0x000015c0       0xd8 build/stm32f4xx_hal_adc.o
 .debug_ranges  0x00001698       0x20 build/startup_stm32f407xx.o

.debug_line     0x00000000    0x1ccf6
 .debug_line    0x00000000      0x47b build/main.o
 .debug_line    0x0000047b      0x2e5 build/gpio.o
 .debug_line    0x00000760      0x2c4 build/i2c.o
 .debug_line    0x00000a24      0x34e build/i2s.o
 .debug_line    0x00000d72      0x2c3 build/usart.o
 .debug_line    0x00001035      0x28e build/stm32f4xx_it.o
 .debug_line    0x000012c3      0x190 build/stm32f4xx_hal_msp.o
 .debug_line    0x00001453      0x6f9 build/usbh_conf.o
 .debug_line    0x00001b4c      0x195 build/usbh_platform.o
 .debug_line    0x00001ce1      0x23a build/usb_host.o
 .debug_line    0x00001f1b     0x1475 build/stm32f4xx_hal_hcd.o
 .debug_line    0x00003390     0x1f71 build/stm32f4xx_ll_usb.o
 .debug_line    0x00005301      0xbc0 build/stm32f4xx_hal_rcc.o
 .debug_line    0x00005ec1      0x643 build/stm32f4xx_hal_rcc_ex.o
 .debug_line    0x00006504      0x6f3 build/stm32f4xx_hal_gpio.o
 .debug_line    0x00006bf7      0x828 build/stm32f4xx_hal_cortex.o
 .debug_line    0x0000741f      0x567 build/stm32f4xx_hal.o
 .debug_line    0x00007986     0x53c7 build/stm32f4xx_hal_i2c.o
 .debug_line    0x0000cd4d     0x139a build/stm32f4xx_hal_i2s.o
 .debug_line    0x0000e0e7      0xfe7 build/stm32f4xx_hal_i2s_ex.o
 .debug_line    0x0000f0ce     0x340c build/stm32f4xx_hal_uart.o
 .debug_line    0x000124da      0x24b build/system_stm32f4xx.o
 .debug_line    0x00012725      0xe29 build/usbh_core.o
 .debug_line    0x0001354e      0xd29 build/usbh_ctlreq.o
 .debug_line    0x00014277      0x2d7 build/usbh_ioreq.o
 .debug_line    0x0001454e      0x261 build/usbh_pipes.o
 .debug_line    0x000147af      0xa25 build/usbh_cdc.o
 .debug_line    0x000151d4      0x1bd build/sysmem.o
 .debug_line    0x00015391      0x4e6 build/tim.o
 .debug_line    0x00015877     0x469d build/stm32f4xx_hal_tim.o
 .debug_line    0x00019f14     0x19f5 build/stm32f4xx_hal_tim_ex.o
 .debug_line    0x0001b909      0x30e build/adc.o
 .debug_line    0x0001bc17     0x106c build/stm32f4xx_hal_adc.o
 .debug_line    0x0001cc83       0x73 build/startup_stm32f407xx.o

.debug_str      0x00000000     0x7575
 .debug_str     0x00000000     0x7575 build/main.o
                                0xc78 (size before relaxing)
 .debug_str     0x00007575      0x353 build/gpio.o
 .debug_str     0x00007575      0x871 build/i2c.o
 .debug_str     0x00007575      0x859 build/i2s.o
 .debug_str     0x00007575      0x7fd build/usart.o
 .debug_str     0x00007575      0x6c4 build/stm32f4xx_it.o
 .debug_str     0x00007575      0x29f build/stm32f4xx_hal_msp.o
 .debug_str     0x00007575     0x19a6 build/usbh_conf.o
 .debug_str     0x00007575      0x225 build/usbh_platform.o
 .debug_str     0x00007575      0xa87 build/usb_host.o
 .debug_str     0x00007575      0xc24 build/stm32f4xx_hal_hcd.o
 .debug_str     0x00007575      0xcf5 build/stm32f4xx_ll_usb.o
 .debug_str     0x00007575      0x6cd build/stm32f4xx_hal_rcc.o
 .debug_str     0x00007575      0x48e build/stm32f4xx_hal_rcc_ex.o
 .debug_str     0x00007575      0x4a7 build/stm32f4xx_hal_gpio.o
 .debug_str     0x00007575      0xc3c build/stm32f4xx_hal_cortex.o
 .debug_str     0x00007575      0xb2b build/stm32f4xx_hal.o
 .debug_str     0x00007575     0x1004 build/stm32f4xx_hal_i2c.o
 .debug_str     0x00007575      0x917 build/stm32f4xx_hal_i2s.o
 .debug_str     0x00007575      0x82f build/stm32f4xx_hal_i2s_ex.o
 .debug_str     0x00007575      0xd62 build/stm32f4xx_hal_uart.o
 .debug_str     0x00007575      0x33c build/system_stm32f4xx.o
 .debug_str     0x00007575      0xcdb build/usbh_core.o
 .debug_str     0x00007575      0xcc7 build/usbh_ctlreq.o
 .debug_str     0x00007575      0xaba build/usbh_ioreq.o
 .debug_str     0x00007575      0xa50 build/usbh_pipes.o
 .debug_str     0x00007575     0x113f build/usbh_cdc.o
 .debug_str     0x00007575      0x1ec build/sysmem.o
 .debug_str     0x00007575      0xa75 build/tim.o
 .debug_str     0x00007575     0x16c6 build/stm32f4xx_hal_tim.o
 .debug_str     0x00007575      0xed2 build/stm32f4xx_hal_tim_ex.o
 .debug_str     0x00007575      0x7b4 build/adc.o
 .debug_str     0x00007575      0x929 build/stm32f4xx_hal_adc.o
 .debug_str     0x00007575       0x49 build/startup_stm32f407xx.o

.debug_frame    0x00000000     0x45f4
 .debug_frame   0x00000000       0x78 build/main.o
 .debug_frame   0x00000078       0x3c build/gpio.o
 .debug_frame   0x000000b4       0x64 build/i2c.o
 .debug_frame   0x00000118       0x68 build/i2s.o
 .debug_frame   0x00000180       0x60 build/usart.o
 .debug_frame   0x000001e0       0xc0 build/stm32f4xx_it.o
 .debug_frame   0x000002a0       0x2c build/stm32f4xx_hal_msp.o
 .debug_frame   0x000002cc      0x258 build/usbh_conf.o
 .debug_frame   0x00000524       0x28 build/usbh_platform.o
 .debug_frame   0x0000054c       0x50 build/usb_host.o
 .debug_frame   0x0000059c      0x2dc build/stm32f4xx_hal_hcd.o
 .debug_frame   0x00000878      0x48c build/stm32f4xx_ll_usb.o
 .debug_frame   0x00000d04      0x16c build/stm32f4xx_hal_rcc.o
 .debug_frame   0x00000e70       0xa4 build/stm32f4xx_hal_rcc_ex.o
 .debug_frame   0x00000f14       0xd8 build/stm32f4xx_hal_gpio.o
 .debug_frame   0x00000fec      0x214 build/stm32f4xx_hal_cortex.o
 .debug_frame   0x00001200      0x1ec build/stm32f4xx_hal.o
 .debug_frame   0x000013ec      0x984 build/stm32f4xx_hal_i2c.o
 .debug_frame   0x00001d70      0x304 build/stm32f4xx_hal_i2s.o
 .debug_frame   0x00002074      0x18c build/stm32f4xx_hal_i2s_ex.o
 .debug_frame   0x00002200      0x5e0 build/stm32f4xx_hal_uart.o
 .debug_frame   0x000027e0       0x30 build/system_stm32f4xx.o
 .debug_frame   0x00002810      0x1f4 build/usbh_core.o
 .debug_frame   0x00002a04      0x1e0 build/usbh_ctlreq.o
 .debug_frame   0x00002be4      0x130 build/usbh_ioreq.o
 .debug_frame   0x00002d14       0x84 build/usbh_pipes.o
 .debug_frame   0x00002d98      0x1b0 build/usbh_cdc.o
 .debug_frame   0x00002f48       0x28 build/sysmem.o
 .debug_frame   0x00002f70       0x9c build/tim.o
 .debug_frame   0x0000300c      0xb04 build/stm32f4xx_hal_tim.o
 .debug_frame   0x00003b10      0x40c build/stm32f4xx_hal_tim_ex.o
 .debug_frame   0x00003f1c       0x68 build/adc.o
 .debug_frame   0x00003f84      0x264 build/stm32f4xx_hal_adc.o
 .debug_frame   0x000041e8       0x30 /opt/st/stm32cubeclt_1.21.0/GNU-tools-for-STM32/bin/../lib/gcc/arm-none-eabi/14.3.1/../../../../arm-none-eabi/lib/thumb/v7e-m+fp/hard/libc_nano.a(libc_a-malloc.o)
 .debug_frame   0x00004218       0x50 /opt/st/stm32cubeclt_1.21.0/GNU-tools-for-STM32/bin/../lib/gcc/arm-none-eabi/14.3.1/../../../../arm-none-eabi/lib/thumb/v7e-m+fp/hard/libc_nano.a(libc_a-mallocr.o)
 .debug_frame   0x00004268       0x30 /opt/st/stm32cubeclt_1.21.0/GNU-tools-for-STM32/bin/../lib/gcc/arm-none-eabi/14.3.1/../../../../arm-none-eabi/lib/thumb/v7e-m+fp/hard/libc_nano.a(libc_a-mlock.o)
 .debug_frame   0x00004298      0x144 /opt/st/stm32cubeclt_1.21.0/GNU-tools-for-STM32/bin/../lib/gcc/arm-none-eabi/14.3.1/../../../../arm-none-eabi/lib/thumb/v7e-m+fp/hard/libc_nano.a(libc_a-findfp.o)
 .debug_frame   0x000043dc       0x20 /opt/st/stm32cubeclt_1.21.0/GNU-tools-for-STM32/bin/../lib/gcc/arm-none-eabi/14.3.1/../../../../arm-none-eabi/lib/thumb/v7e-m+fp/hard/libc_nano.a(libc_a-memset.o)
 .debug_frame   0x000043fc       0x38 /opt/st/stm32cubeclt_1.21.0/GNU-tools-for-STM32/bin/../lib/gcc/arm-none-eabi/14.3.1/../../../../arm-none-eabi/lib/thumb/v7e-m+fp/hard/libc_nano.a(libc_a-reent.o)
 .debug_frame   0x00004434       0x2c /opt/st/stm32cubeclt_1.21.0/GNU-tools-for-STM32/bin/../lib/gcc/arm-none-eabi/14.3.1/../../../../arm-none-eabi/lib/thumb/v7e-m+fp/hard/libc_nano.a(libc_a-sbrkr.o)
 .debug_frame   0x00004460       0x20 /opt/st/stm32cubeclt_1.21.0/GNU-tools-for-STM32/bin/../lib/gcc/arm-none-eabi/14.3.1/../../../../arm-none-eabi/lib/thumb/v7e-m+fp/hard/libc_nano.a(libc_a-errno.o)
 .debug_frame   0x00004480       0x2c /opt/st/stm32cubeclt_1.21.0/GNU-tools-for-STM32/bin/../lib/gcc/arm-none-eabi/14.3.1/../../../../arm-none-eabi/lib/thumb/v7e-m+fp/hard/libc_nano.a(libc_a-init.o)
 .debug_frame   0x000044ac       0xb0 /opt/st/stm32cubeclt_1.21.0/GNU-tools-for-STM32/bin/../lib/gcc/arm-none-eabi/14.3.1/../../../../arm-none-eabi/lib/thumb/v7e-m+fp/hard/libc_nano.a(libc_a-lock.o)
 .debug_frame   0x0000455c       0x38 /opt/st/stm32cubeclt_1.21.0/GNU-tools-for-STM32/bin/../lib/gcc/arm-none-eabi/14.3.1/../../../../arm-none-eabi/lib/thumb/v7e-m+fp/hard/libc_nano.a(libc_a-freer.o)
 .debug_frame   0x00004594       0x2c /opt/st/stm32cubeclt_1.21.0/GNU-tools-for-STM32/bin/../lib/gcc/arm-none-eabi/14.3.1/thumb/v7e-m+fp/hard/libgcc.a(_aeabi_uldivmod.o)
 .debug_frame   0x000045c0       0x34 /opt/st/stm32cubeclt_1.21.0/GNU-tools-for-STM32/bin/../lib/gcc/arm-none-eabi/14.3.1/thumb/v7e-m+fp/hard/libgcc.a(_udivmoddi4.o)

Cross Reference Table

Symbol                                            File
ADC_IRQHandler                                    build/startup_stm32f407xx.o
AHBPrescTable                                     build/system_stm32f4xx.o
                                                  build/stm32f4xx_hal_rcc.o
APBPrescTable                                     build/system_stm32f4xx.o
                                                  build/stm32f4xx_hal_rcc.o
Appli_state                                       build/usb_host.o
BusFault_Handler                                  build/stm32f4xx_it.o
CAN1_RX0_IRQHandler                               build/startup_stm32f407xx.o
CAN1_RX1_IRQHandler                               build/startup_stm32f407xx.o
CAN1_SCE_IRQHandler                               build/startup_stm32f407xx.o
CAN1_TX_IRQHandler                                build/startup_stm32f407xx.o
CAN2_RX0_IRQHandler                               build/startup_stm32f407xx.o
CAN2_RX1_IRQHandler                               build/startup_stm32f407xx.o
CAN2_SCE_IRQHandler                               build/startup_stm32f407xx.o
CAN2_TX_IRQHandler                                build/startup_stm32f407xx.o
CDC_Class                                         build/usbh_cdc.o
                                                  build/usb_host.o
DCMI_IRQHandler                                   build/startup_stm32f407xx.o
DMA1_Stream0_IRQHandler                           build/startup_stm32f407xx.o
DMA1_Stream1_IRQHandler                           build/startup_stm32f407xx.o
DMA1_Stream2_IRQHandler                           build/startup_stm32f407xx.o
DMA1_Stream3_IRQHandler                           build/startup_stm32f407xx.o
DMA1_Stream4_IRQHandler                           build/startup_stm32f407xx.o
DMA1_Stream5_IRQHandler                           build/startup_stm32f407xx.o
DMA1_Stream6_IRQHandler                           build/startup_stm32f407xx.o
DMA1_Stream7_IRQHandler                           build/startup_stm32f407xx.o
DMA2_Stream0_IRQHandler                           build/startup_stm32f407xx.o
DMA2_Stream1_IRQHandler                           build/startup_stm32f407xx.o
DMA2_Stream2_IRQHandler                           build/startup_stm32f407xx.o
DMA2_Stream3_IRQHandler                           build/startup_stm32f407xx.o
DMA2_Stream4_IRQHandler                           build/startup_stm32f407xx.o
DMA2_Stream5_IRQHandler                           build/startup_stm32f407xx.o
DMA2_Stream6_IRQHandler                           build/startup_stm32f407xx.o
DMA2_Stream7_IRQHandler                           build/startup_stm32f407xx.o
DebugMon_Handler                                  build/stm32f4xx_it.o
Default_Handler                                   build/startup_stm32f407xx.o
ETH_IRQHandler                                    build/startup_stm32f407xx.o
ETH_WKUP_IRQHandler                               build/startup_stm32f407xx.o
EXTI0_IRQHandler                                  build/startup_stm32f407xx.o
EXTI15_10_IRQHandler                              build/startup_stm32f407xx.o
EXTI1_IRQHandler                                  build/startup_stm32f407xx.o
EXTI2_IRQHandler                                  build/startup_stm32f407xx.o
EXTI3_IRQHandler                                  build/startup_stm32f407xx.o
EXTI4_IRQHandler                                  build/startup_stm32f407xx.o
EXTI9_5_IRQHandler                                build/startup_stm32f407xx.o
Error_Handler                                     build/main.o
                                                  build/adc.o
                                                  build/tim.o
                                                  build/usb_host.o
                                                  build/usbh_conf.o
                                                  build/usart.o
                                                  build/i2s.o
                                                  build/i2c.o
FLASH_Erase_Sector                                build/stm32f4xx_hal_flash_ex.o
                                                  build/stm32f4xx_hal_flash.o
FLASH_FlushCaches                                 build/stm32f4xx_hal_flash_ex.o
                                                  build/stm32f4xx_hal_flash.o
FLASH_IRQHandler                                  build/startup_stm32f407xx.o
FLASH_WaitForLastOperation                        build/stm32f4xx_hal_flash.o
                                                  build/stm32f4xx_hal_flash_ex.o
FPU_IRQHandler                                    build/startup_stm32f407xx.o
FSMC_IRQHandler                                   build/startup_stm32f407xx.o
Font_11x18                                        build/ssd1306_fonts.o
Font_16x15                                        build/ssd1306_fonts.o
Font_16x24                                        build/ssd1306_fonts.o
Font_16x26                                        build/ssd1306_fonts.o
Font_6x8                                          build/ssd1306_fonts.o
Font_7x10                                         build/ssd1306_fonts.o
HAL_ADCEx_InjectedConfigChannel                   build/stm32f4xx_hal_adc_ex.o
HAL_ADCEx_InjectedConvCpltCallback                build/stm32f4xx_hal_adc_ex.o
                                                  build/stm32f4xx_hal_adc.o
HAL_ADCEx_InjectedGetValue                        build/stm32f4xx_hal_adc_ex.o
HAL_ADCEx_InjectedPollForConversion               build/stm32f4xx_hal_adc_ex.o
HAL_ADCEx_InjectedStart                           build/stm32f4xx_hal_adc_ex.o
HAL_ADCEx_InjectedStart_IT                        build/stm32f4xx_hal_adc_ex.o
HAL_ADCEx_InjectedStop                            build/stm32f4xx_hal_adc_ex.o
HAL_ADCEx_InjectedStop_IT                         build/stm32f4xx_hal_adc_ex.o
HAL_ADCEx_MultiModeConfigChannel                  build/stm32f4xx_hal_adc_ex.o
HAL_ADCEx_MultiModeGetValue                       build/stm32f4xx_hal_adc_ex.o
HAL_ADCEx_MultiModeStart_DMA                      build/stm32f4xx_hal_adc_ex.o
HAL_ADCEx_MultiModeStop_DMA                       build/stm32f4xx_hal_adc_ex.o
HAL_ADC_AnalogWDGConfig                           build/stm32f4xx_hal_adc.o
HAL_ADC_ConfigChannel                             build/stm32f4xx_hal_adc.o
                                                  build/adc.o
HAL_ADC_ConvCpltCallback                          build/stm32f4xx_hal_adc.o
                                                  build/stm32f4xx_hal_adc_ex.o
HAL_ADC_ConvHalfCpltCallback                      build/stm32f4xx_hal_adc.o
                                                  build/stm32f4xx_hal_adc_ex.o
HAL_ADC_DeInit                                    build/stm32f4xx_hal_adc.o
HAL_ADC_ErrorCallback                             build/stm32f4xx_hal_adc.o
                                                  build/stm32f4xx_hal_adc_ex.o
HAL_ADC_GetError                                  build/stm32f4xx_hal_adc.o
HAL_ADC_GetState                                  build/stm32f4xx_hal_adc.o
HAL_ADC_GetValue                                  build/stm32f4xx_hal_adc.o
HAL_ADC_IRQHandler                                build/stm32f4xx_hal_adc.o
HAL_ADC_Init                                      build/stm32f4xx_hal_adc.o
                                                  build/adc.o
HAL_ADC_LevelOutOfWindowCallback                  build/stm32f4xx_hal_adc.o
HAL_ADC_MspDeInit                                 build/adc.o
HAL_ADC_MspInit                                   build/adc.o
HAL_ADC_PollForConversion                         build/stm32f4xx_hal_adc.o
HAL_ADC_PollForEvent                              build/stm32f4xx_hal_adc.o
HAL_ADC_Start                                     build/stm32f4xx_hal_adc.o
HAL_ADC_Start_DMA                                 build/stm32f4xx_hal_adc.o
HAL_ADC_Start_IT                                  build/stm32f4xx_hal_adc.o
HAL_ADC_Stop                                      build/stm32f4xx_hal_adc.o
HAL_ADC_Stop_DMA                                  build/stm32f4xx_hal_adc.o
HAL_ADC_Stop_IT                                   build/stm32f4xx_hal_adc.o
HAL_CORTEX_ClearEvent                             build/stm32f4xx_hal_cortex.o
HAL_DBGMCU_DisableDBGSleepMode                    build/stm32f4xx_hal.o
HAL_DBGMCU_DisableDBGStandbyMode                  build/stm32f4xx_hal.o
HAL_DBGMCU_DisableDBGStopMode                     build/stm32f4xx_hal.o
HAL_DBGMCU_EnableDBGSleepMode                     build/stm32f4xx_hal.o
HAL_DBGMCU_EnableDBGStandbyMode                   build/stm32f4xx_hal.o
HAL_DBGMCU_EnableDBGStopMode                      build/stm32f4xx_hal.o
HAL_DMAEx_ChangeMemory                            build/stm32f4xx_hal_dma_ex.o
HAL_DMAEx_MultiBufferStart                        build/stm32f4xx_hal_dma_ex.o
HAL_DMAEx_MultiBufferStart_IT                     build/stm32f4xx_hal_dma_ex.o
HAL_DMA_Abort                                     build/stm32f4xx_hal_dma.o
                                                  build/stm32f4xx_hal_adc_ex.o
                                                  build/stm32f4xx_hal_adc.o
                                                  build/stm32f4xx_hal_uart.o
                                                  build/stm32f4xx_hal_i2s.o
HAL_DMA_Abort_IT                                  build/stm32f4xx_hal_dma.o
                                                  build/stm32f4xx_hal_tim_ex.o
                                                  build/stm32f4xx_hal_tim.o
                                                  build/stm32f4xx_hal_uart.o
                                                  build/stm32f4xx_hal_i2c.o
HAL_DMA_DeInit                                    build/stm32f4xx_hal_dma.o
HAL_DMA_GetError                                  build/stm32f4xx_hal_dma.o
                                                  build/stm32f4xx_hal_uart.o
                                                  build/stm32f4xx_hal_i2c.o
HAL_DMA_GetState                                  build/stm32f4xx_hal_dma.o
                                                  build/stm32f4xx_hal_i2c.o
HAL_DMA_IRQHandler                                build/stm32f4xx_hal_dma.o
HAL_DMA_Init                                      build/stm32f4xx_hal_dma.o
HAL_DMA_PollForTransfer                           build/stm32f4xx_hal_dma.o
HAL_DMA_RegisterCallback                          build/stm32f4xx_hal_dma.o
HAL_DMA_Start                                     build/stm32f4xx_hal_dma.o
HAL_DMA_Start_IT                                  build/stm32f4xx_hal_dma.o
                                                  build/stm32f4xx_hal_adc_ex.o
                                                  build/stm32f4xx_hal_adc.o
                                                  build/stm32f4xx_hal_tim_ex.o
                                                  build/stm32f4xx_hal_tim.o
                                                  build/stm32f4xx_hal_uart.o
                                                  build/stm32f4xx_hal_i2s_ex.o
                                                  build/stm32f4xx_hal_i2s.o
                                                  build/stm32f4xx_hal_i2c.o
HAL_DMA_UnRegisterCallback                        build/stm32f4xx_hal_dma.o
HAL_DeInit                                        build/stm32f4xx_hal.o
HAL_Delay                                         build/stm32f4xx_hal.o
                                                  build/stm32f4xx_ll_usb.o
                                                  build/usbh_conf.o
                                                  build/ssd1306.o
                                                  build/main.o
HAL_DisableCompensationCell                       build/stm32f4xx_hal.o
HAL_EXTI_ClearConfigLine                          build/stm32f4xx_hal_exti.o
HAL_EXTI_ClearPending                             build/stm32f4xx_hal_exti.o
HAL_EXTI_GenerateSWI                              build/stm32f4xx_hal_exti.o
HAL_EXTI_GetConfigLine                            build/stm32f4xx_hal_exti.o
HAL_EXTI_GetHandle                                build/stm32f4xx_hal_exti.o
HAL_EXTI_GetPending                               build/stm32f4xx_hal_exti.o
HAL_EXTI_IRQHandler                               build/stm32f4xx_hal_exti.o
HAL_EXTI_RegisterCallback                         build/stm32f4xx_hal_exti.o
HAL_EXTI_SetConfigLine                            build/stm32f4xx_hal_exti.o
HAL_EnableCompensationCell                        build/stm32f4xx_hal.o
HAL_FLASHEx_Erase                                 build/stm32f4xx_hal_flash_ex.o
HAL_FLASHEx_Erase_IT                              build/stm32f4xx_hal_flash_ex.o
HAL_FLASHEx_OBGetConfig                           build/stm32f4xx_hal_flash_ex.o
HAL_FLASHEx_OBProgram                             build/stm32f4xx_hal_flash_ex.o
HAL_FLASH_EndOfOperationCallback                  build/stm32f4xx_hal_flash.o
HAL_FLASH_GetError                                build/stm32f4xx_hal_flash.o
HAL_FLASH_IRQHandler                              build/stm32f4xx_hal_flash.o
HAL_FLASH_Lock                                    build/stm32f4xx_hal_flash.o
HAL_FLASH_OB_Launch                               build/stm32f4xx_hal_flash.o
HAL_FLASH_OB_Lock                                 build/stm32f4xx_hal_flash.o
HAL_FLASH_OB_Unlock                               build/stm32f4xx_hal_flash.o
HAL_FLASH_OperationErrorCallback                  build/stm32f4xx_hal_flash.o
HAL_FLASH_Program                                 build/stm32f4xx_hal_flash.o
HAL_FLASH_Program_IT                              build/stm32f4xx_hal_flash.o
HAL_FLASH_Unlock                                  build/stm32f4xx_hal_flash.o
HAL_GPIO_DeInit                                   build/stm32f4xx_hal_gpio.o
                                                  build/adc.o
                                                  build/usbh_conf.o
                                                  build/usart.o
                                                  build/i2s.o
                                                  build/i2c.o
HAL_GPIO_EXTI_Callback                            build/stm32f4xx_hal_gpio.o
HAL_GPIO_EXTI_IRQHandler                          build/stm32f4xx_hal_gpio.o
HAL_GPIO_Init                                     build/stm32f4xx_hal_gpio.o
                                                  build/adc.o
                                                  build/tim.o
                                                  build/stm32f4xx_hal_rcc.o
                                                  build/usbh_conf.o
                                                  build/usart.o
                                                  build/i2s.o
                                                  build/i2c.o
                                                  build/gpio.o
HAL_GPIO_LockPin                                  build/stm32f4xx_hal_gpio.o
HAL_GPIO_ReadPin                                  build/stm32f4xx_hal_gpio.o
HAL_GPIO_TogglePin                                build/stm32f4xx_hal_gpio.o