Archive member included to satisfy reference by file (symbol)

/opt/st/stm32cubeclt_1.21.0/GNU-tools-for-STM32/bin/../lib/gcc/arm-none-eabi/14.3.1/../../../../arm-none-eabi/lib/thumb/v7e-m+fp/hard/libc_nano.a(libc_a-exit.o)
                              /opt/st/stm32cubeclt_1.21.0/GNU-tools-for-STM32/bin/../lib/gcc/arm-none-eabi/14.3.1/../../../../arm-none-eabi/lib/thumb/v7e-m+fp/hard/crt0.o (exit)
/opt/st/stm32cubeclt_1.21.0/GNU-tools-for-STM32/bin/../lib/gcc/arm-none-eabi/14.3.1/../../../../arm-none-eabi/lib/thumb/v7e-m+fp/hard/libc_nano.a(libc_a-malloc.o)
                              build/usbh_cdc.o (malloc)
/opt/st/stm32cubeclt_1.21.0/GNU-tools-for-STM32/bin/../lib/gcc/arm-none-eabi/14.3.1/../../../../arm-none-eabi/lib/thumb/v7e-m+fp/hard/libc_nano.a(libc_a-mallocr.o)
                              /opt/st/stm32cubeclt_1.21.0/GNU-tools-for-STM32/bin/../lib/gcc/arm-none-eabi/14.3.1/../../../../arm-none-eabi/lib/thumb/v7e-m+fp/hard/libc_nano.a(libc_a-malloc.o) (_malloc_r)
/opt/st/stm32cubeclt_1.21.0/GNU-tools-for-STM32/bin/../lib/gcc/arm-none-eabi/14.3.1/../../../../arm-none-eabi/lib/thumb/v7e-m+fp/hard/libc_nano.a(libc_a-mlock.o)
                              /opt/st/stm32cubeclt_1.21.0/GNU-tools-for-STM32/bin/../lib/gcc/arm-none-eabi/14.3.1/../../../../arm-none-eabi/lib/thumb/v7e-m+fp/hard/libc_nano.a(libc_a-mallocr.o) (__malloc_lock)
/opt/st/stm32cubeclt_1.21.0/GNU-tools-for-STM32/bin/../lib/gcc/arm-none-eabi/14.3.1/../../../../arm-none-eabi/lib/thumb/v7e-m+fp/hard/libc_nano.a(libc_a-findfp.o)
                              /opt/st/stm32cubeclt_1.21.0/GNU-tools-for-STM32/bin/../lib/gcc/arm-none-eabi/14.3.1/../../../../arm-none-eabi/lib/thumb/v7e-m+fp/hard/libc_nano.a(libc_a-exit.o) (__stdio_exit_handler)
/opt/st/stm32cubeclt_1.21.0/GNU-tools-for-STM32/bin/../lib/gcc/arm-none-eabi/14.3.1/../../../../arm-none-eabi/lib/thumb/v7e-m+fp/hard/libc_nano.a(libc_a-fwalk.o)
                              /opt/st/stm32cubeclt_1.21.0/GNU-tools-for-STM32/bin/../lib/gcc/arm-none-eabi/14.3.1/../../../../arm-none-eabi/lib/thumb/v7e-m+fp/hard/libc_nano.a(libc_a-findfp.o) (_fwalk_sglue)
/opt/st/stm32cubeclt_1.21.0/GNU-tools-for-STM32/bin/../lib/gcc/arm-none-eabi/14.3.1/../../../../arm-none-eabi/lib/thumb/v7e-m+fp/hard/libc_nano.a(libc_a-sprintf.o)
                              build/main.o (sprintf)
/opt/st/stm32cubeclt_1.21.0/GNU-tools-for-STM32/bin/../lib/gcc/arm-none-eabi/14.3.1/../../../../arm-none-eabi/lib/thumb/v7e-m+fp/hard/libc_nano.a(libc_a-stdio.o)
                              /opt/st/stm32cubeclt_1.21.0/GNU-tools-for-STM32/bin/../lib/gcc/arm-none-eabi/14.3.1/../../../../arm-none-eabi/lib/thumb/v7e-m+fp/hard/libc_nano.a(libc_a-findfp.o) (__sread)
/opt/st/stm32cubeclt_1.21.0/GNU-tools-for-STM32/bin/../lib/gcc/arm-none-eabi/14.3.1/../../../../arm-none-eabi/lib/thumb/v7e-m+fp/hard/libc_nano.a(libc_a-memset.o)
                              /opt/st/stm32cubeclt_1.21.0/GNU-tools-for-STM32/bin/../lib/gcc/arm-none-eabi/14.3.1/../../../../arm-none-eabi/lib/thumb/v7e-m+fp/hard/crt0.o (memset)
/opt/st/stm32cubeclt_1.21.0/GNU-tools-for-STM32/bin/../lib/gcc/arm-none-eabi/14.3.1/../../../../arm-none-eabi/lib/thumb/v7e-m+fp/hard/libc_nano.a(libc_a-closer.o)
                              /opt/st/stm32cubeclt_1.21.0/GNU-tools-for-STM32/bin/../lib/gcc/arm-none-eabi/14.3.1/../../../../arm-none-eabi/lib/thumb/v7e-m+fp/hard/libc_nano.a(libc_a-stdio.o) (_close_r)
/opt/st/stm32cubeclt_1.21.0/GNU-tools-for-STM32/bin/../lib/gcc/arm-none-eabi/14.3.1/../../../../arm-none-eabi/lib/thumb/v7e-m+fp/hard/libc_nano.a(libc_a-reent.o)
                              /opt/st/stm32cubeclt_1.21.0/GNU-tools-for-STM32/bin/../lib/gcc/arm-none-eabi/14.3.1/../../../../arm-none-eabi/lib/thumb/v7e-m+fp/hard/libc_nano.a(libc_a-closer.o) (errno)
/opt/st/stm32cubeclt_1.21.0/GNU-tools-for-STM32/bin/../lib/gcc/arm-none-eabi/14.3.1/../../../../arm-none-eabi/lib/thumb/v7e-m+fp/hard/libc_nano.a(libc_a-impure.o)
                              /opt/st/stm32cubeclt_1.21.0/GNU-tools-for-STM32/bin/../lib/gcc/arm-none-eabi/14.3.1/../../../../arm-none-eabi/lib/thumb/v7e-m+fp/hard/libc_nano.a(libc_a-malloc.o) (_impure_ptr)
/opt/st/stm32cubeclt_1.21.0/GNU-tools-for-STM32/bin/../lib/gcc/arm-none-eabi/14.3.1/../../../../arm-none-eabi/lib/thumb/v7e-m+fp/hard/libc_nano.a(libc_a-lseekr.o)
                              /opt/st/stm32cubeclt_1.21.0/GNU-tools-for-STM32/bin/../lib/gcc/arm-none-eabi/14.3.1/../../../../arm-none-eabi/lib/thumb/v7e-m+fp/hard/libc_nano.a(libc_a-stdio.o) (_lseek_r)
/opt/st/stm32cubeclt_1.21.0/GNU-tools-for-STM32/bin/../lib/gcc/arm-none-eabi/14.3.1/../../../../arm-none-eabi/lib/thumb/v7e-m+fp/hard/libc_nano.a(libc_a-readr.o)
                              /opt/st/stm32cubeclt_1.21.0/GNU-tools-for-STM32/bin/../lib/gcc/arm-none-eabi/14.3.1/../../../../arm-none-eabi/lib/thumb/v7e-m+fp/hard/libc_nano.a(libc_a-stdio.o) (_read_r)
[...]
Memory Configuration

Name             Origin             Length             Attributes
RAM              0x20000000         0x00020000         xrw
CCMRAM           0x10000000         0x00010000         xrw
FLASH            0x08000000         0x00100000         xr
*default*        0x00000000         0xffffffff

Linker script and memory map

LOAD /opt/st/stm32cubeclt_1.21.0/GNU-tools-for-STM32/bin/../lib/gcc/arm-none-eabi/14.3.1/thumb/v7e-m+fp/hard/crti.o
LOAD /opt/st/stm32cubeclt_1.21.0/GNU-tools-for-STM32/bin/../lib/gcc/arm-none-eabi/14.3.1/thumb/v7e-m+fp/hard/crtbegin.o
LOAD /opt/st/stm32cubeclt_1.21.0/GNU-tools-for-STM32/bin/../lib/gcc/arm-none-eabi/14.3.1/../../../../arm-none-eabi/lib/thumb/v7e-m+fp/hard/crt0.o
LOAD build/main.o
LOAD build/ssd1306.o
LOAD build/ssd1306_fonts.o
LOAD build/gpio.o
LOAD build/i2c.o
LOAD build/i2s.o
LOAD build/usart.o
LOAD build/stm32f4xx_it.o
LOAD build/stm32f4xx_hal_msp.o
LOAD build/usbh_conf.o
LOAD build/usbh_platform.o
LOAD build/usb_host.o
LOAD build/stm32f4xx_hal_hcd.o
LOAD build/stm32f4xx_ll_usb.o
LOAD build/stm32f4xx_hal_rcc.o
LOAD build/stm32f4xx_hal_rcc_ex.o
LOAD build/stm32f4xx_hal_flash.o
LOAD build/stm32f4xx_hal_flash_ex.o
LOAD build/stm32f4xx_hal_flash_ramfunc.o
LOAD build/stm32f4xx_hal_gpio.o
LOAD build/stm32f4xx_hal_dma_ex.o
LOAD build/stm32f4xx_hal_dma.o
LOAD build/stm32f4xx_hal_pwr.o
LOAD build/stm32f4xx_hal_pwr_ex.o
LOAD build/stm32f4xx_hal_cortex.o
LOAD build/stm32f4xx_hal.o
LOAD build/stm32f4xx_hal_exti.o
LOAD build/stm32f4xx_hal_i2c.o
LOAD build/stm32f4xx_hal_i2c_ex.o
LOAD build/stm32f4xx_hal_i2s.o
LOAD build/stm32f4xx_hal_i2s_ex.o
LOAD build/stm32f4xx_hal_uart.o
LOAD build/system_stm32f4xx.o
LOAD build/usbh_core.o
LOAD build/usbh_ctlreq.o
LOAD build/usbh_ioreq.o
LOAD build/usbh_pipes.o
LOAD build/usbh_cdc.o
LOAD build/sysmem.o
LOAD build/syscalls.o
LOAD build/tim.o
LOAD build/stm32f4xx_hal_tim.o
LOAD build/stm32f4xx_hal_tim_ex.o
LOAD build/adc.o
LOAD build/stm32f4xx_hal_adc.o
LOAD build/stm32f4xx_hal_adc_ex.o
LOAD build/startup_stm32f407xx.o
LOAD /opt/st/stm32cubeclt_1.21.0/GNU-tools-for-STM32/bin/../lib/gcc/arm-none-eabi/14.3.1/../../../../arm-none-eabi/lib/thumb/v7e-m+fp/hard/libc_nano.a
LOAD /opt/st/stm32cubeclt_1.21.0/GNU-tools-for-STM32/bin/../lib/gcc/arm-none-eabi/14.3.1/../../../../arm-none-eabi/lib/thumb/v7e-m+fp/hard/libm.a
LOAD /opt/st/stm32cubeclt_1.21.0/GNU-tools-for-STM32/bin/../lib/gcc/arm-none-eabi/14.3.1/../../../../arm-none-eabi/lib/thumb/v7e-m+fp/hard/libnosys.a
START GROUP
LOAD /opt/st/stm32cubeclt_1.21.0/GNU-tools-for-STM32/bin/../lib/gcc/arm-none-eabi/14.3.1/thumb/v7e-m+fp/hard/libgcc.a
LOAD /opt/st/stm32cubeclt_1.21.0/GNU-tools-for-STM32/bin/../lib/gcc/arm-none-eabi/14.3.1/../../../../arm-none-eabi/lib/thumb/v7e-m+fp/hard/libc_nano.a
END GROUP
START GROUP
LOAD /opt/st/stm32cubeclt_1.21.0/GNU-tools-for-STM32/bin/../lib/gcc/arm-none-eabi/14.3.1/thumb/v7e-m+fp/hard/libgcc.a
LOAD /opt/st/stm32cubeclt_1.21.0/GNU-tools-for-STM32/bin/../lib/gcc/arm-none-eabi/14.3.1/../../../../arm-none-eabi/lib/thumb/v7e-m+fp/hard/libc_nano.a
END GROUP
LOAD /opt/st/stm32cubeclt_1.21.0/GNU-tools-for-STM32/bin/../lib/gcc/arm-none-eabi/14.3.1/thumb/v7e-m+fp/hard/crtend.o
LOAD /opt/st/stm32cubeclt_1.21.0/GNU-tools-for-STM32/bin/../lib/gcc/arm-none-eabi/14.3.1/thumb/v7e-m+fp/hard/crtn.o
                0x20020000                        _estack = (ORIGIN (RAM) + LENGTH (RAM))
                0x2001fc00                        _sstack = (_estack - _Min_Stack_Size)
                0x00000200                        _Min_Heap_Size = 0x200
                0x00000400                        _Min_Stack_Size = 0x400

.isr_vector     0x08000000      0x188
                0x08000000                        . = ALIGN (0x4)
 *(.isr_vector)
 .isr_vector    0x08000000      0x188 build/startup_stm32f407xx.o
                0x08000000                g_pfnVectors
                0x08000188                        . = ALIGN (0x4)

.text           0x08000190     0x7068
                0x08000190                        . = ALIGN (0x4)
 *(.text)
 .text          0x08000190       0x40 /opt/st/stm32cubeclt_1.21.0/GNU-tools-for-STM32/bin/../lib/gcc/arm-none-eabi/14.3.1/thumb/v7e-m+fp/hard/crtbegin.o
 .text          0x080001d0       0xa0 /opt/st/stm32cubeclt_1.21.0/GNU-tools-for-STM32/bin/../lib/gcc/arm-none-eabi/14.3.1/../../../../arm-none-eabi/lib/thumb/v7e-m+fp/hard/libc_nano.a(libc_a-memchr.o)
                0x080001d0                memchr
 .text          0x08000270       0x30 /opt/st/stm32cubeclt_1.21.0/GNU-tools-for-STM32/bin/../lib/gcc/arm-none-eabi/14.3.1/thumb/v7e-m+fp/hard/libgcc.a(_aeabi_uldivmod.o)
                0x08000270                __aeabi_uldivmod
 .text          0x080002a0      0x2f8 /opt/st/stm32cubeclt_1.21.0/GNU-tools-for-STM32/bin/../lib/gcc/arm-none-eabi/14.3.1/thumb/v7e-m+fp/hard/libgcc.a(_udivmoddi4.o)
                0x080002a0                __udivmoddi4
 .text          0x08000598        0x4 /opt/st/stm32cubeclt_1.21.0/GNU-tools-for-STM32/bin/../lib/gcc/arm-none-eabi/14.3.1/thumb/v7e-m+fp/hard/libgcc.a(_dvmd_tls.o)
                0x08000598                __aeabi_ldiv0
                0x08000598                __aeabi_idiv0
 *(.text*)
 .text.Error_Handler
                0x0800059c        0x4 build/main.o
                0x0800059c                Error_Handler
 .text.SystemClock_Config
                0x080005a0       0xac build/main.o
                0x080005a0                SystemClock_Config
 .text.main     0x0800064c       0xa4 build/main.o
                0x0800064c                main
 .text.ssd1306_WriteCommand
                0x080006f0       0x2c build/ssd1306.o
                0x080006f0                ssd1306_WriteCommand
 .text.ssd1306_WriteData
                0x0800071c       0x24 build/ssd1306.o
                0x0800071c                ssd1306_WriteData
 .text.ssd1306_Fill
                0x08000740       0x1c build/ssd1306.o
                0x08000740                ssd1306_Fill
 .text.ssd1306_UpdateScreen
                0x0800075c       0x38 build/ssd1306.o
                0x0800075c                ssd1306_UpdateScreen
 .text.ssd1306_DrawPixel
                0x08000794       0x4c build/ssd1306.o
                0x08000794                ssd1306_DrawPixel
 .text.ssd1306_WriteChar
                0x080007e0       0xc0 build/ssd1306.o
                0x080007e0                ssd1306_WriteChar
 .text.ssd1306_WriteString
                0x080008a0       0x30 build/ssd1306.o
                0x080008a0                ssd1306_WriteString
 .text.ssd1306_SetCursor
                0x080008d0        0xc build/ssd1306.o
                0x080008d0                ssd1306_SetCursor
 .text.ssd1306_SetContrast
                0x080008dc       0x12 build/ssd1306.o
                0x080008dc                ssd1306_SetContrast
 *fill*         0x080008ee        0x2 
 .text.ssd1306_SetDisplayOn
                0x080008f0       0x20 build/ssd1306.o
                0x080008f0                ssd1306_SetDisplayOn
 .text.ssd1306_Init
                0x08000910       0xc8 build/ssd1306.o
                0x08000910                ssd1306_Init
 .text.MX_GPIO_Init
                0x080009d8      0x19c build/gpio.o
                0x080009d8                MX_GPIO_Init
 .text.MX_I2C1_Init
                0x08000b74       0x3c build/i2c.o
                0x08000b74                MX_I2C1_Init
 .text.HAL_I2C_MspInit
                0x08000bb0       0x70 build/i2c.o
                0x08000bb0                HAL_I2C_MspInit
 .text.MX_I2S3_Init
                0x08000c20       0x3c build/i2s.o
                0x08000c20                MX_I2S3_Init
 .text.HAL_I2S_MspInit
                0x08000c5c       0xc4 build/i2s.o
                0x08000c5c                HAL_I2S_MspInit
 .text.MX_USART2_UART_Init
                0x08000d20       0x34 build/usart.o
                0x08000d20                MX_USART2_UART_Init
 .text.HAL_UART_MspInit
                0x08000d54       0x6c build/usart.o
                0x08000d54                HAL_UART_MspInit
 .text.NMI_Handler
                0x08000dc0        0x2 build/stm32f4xx_it.o
                0x08000dc0                NMI_Handler
 .text.HardFault_Handler
                0x08000dc2        0x2 build/stm32f4xx_it.o
                0x08000dc2                HardFault_Handler
 .text.MemManage_Handler
                0x08000dc4        0x2 build/stm32f4xx_it.o
                0x08000dc4                MemManage_Handler
 .text.BusFault_Handler
                0x08000dc6        0x2 build/stm32f4xx_it.o
                0x08000dc6                BusFault_Handler
 .text.UsageFault_Handler
                0x08000dc8        0x2 build/stm32f4xx_it.o
                0x08000dc8                UsageFault_Handler
 .text.SVC_Handler
                0x08000dca        0x2 build/stm32f4xx_it.o
                0x08000dca                SVC_Handler
 .text.DebugMon_Handler
                0x08000dcc        0x2 build/stm32f4xx_it.o
                0x08000dcc                DebugMon_Handler
 .text.PendSV_Handler
                0x08000dce        0x2 build/stm32f4xx_it.o
                0x08000dce                PendSV_Handler
 .text.SysTick_Handler
                0x08000dd0        0x8 build/stm32f4xx_it.o
                0x08000dd0                SysTick_Handler
 .text.OTG_FS_IRQHandler
                0x08000dd8       0x10 build/stm32f4xx_it.o
                0x08000dd8                OTG_FS_IRQHandler
 .text.HAL_MspInit
                0x08000de8       0x40 build/stm32f4xx_hal_msp.o
                0x08000de8                HAL_MspInit
 .text.HAL_HCD_MspInit
                0x08000e28       0x98 build/usbh_conf.o
                0x08000e28                HAL_HCD_MspInit
 .text.HAL_HCD_SOF_Callback
                0x08000ec0        0xc build/usbh_conf.o
                0x08000ec0                HAL_HCD_SOF_Callback
 .text.HAL_HCD_Connect_Callback
                0x08000ecc        0xc build/usbh_conf.o
                0x08000ecc                HAL_HCD_Connect_Callback
 .text.HAL_HCD_Disconnect_Callback
                0x08000ed8        0xc build/usbh_conf.o
                0x08000ed8                HAL_HCD_Disconnect_Callback
 .text.HAL_HCD_HC_NotifyURBChange_Callback
                0x08000ee4        0x2 build/usbh_conf.o
                0x08000ee4                HAL_HCD_HC_NotifyURBChange_Callback
 .text.HAL_HCD_PortEnabled_Callback
                0x08000ee6        0xc build/usbh_conf.o
                0x08000ee6                HAL_HCD_PortEnabled_Callback
 .text.HAL_HCD_PortDisabled_Callback
                0x08000ef2        0xc build/usbh_conf.o
                0x08000ef2                HAL_HCD_PortDisabled_Callback
 *fill*         0x08000efe        0x2 
 .text.USBH_LL_Init
                0x08000f00       0x54 build/usbh_conf.o
                0x08000f00                USBH_LL_Init
 .text.USBH_LL_GetSpeed
                0x08000f54       0x20 build/usbh_conf.o
                0x08000f54                USBH_LL_GetSpeed
 .text.USBH_LL_GetLastXferSize
                0x08000f74        0xc build/usbh_conf.o
                0x08000f74                USBH_LL_GetLastXferSize
 .text.USBH_LL_ClosePipe
                0x08000f80        0x4 build/usbh_conf.o
                0x08000f80                USBH_LL_ClosePipe
 .text.USBH_LL_GetURBState
                0x08000f84        0xc build/usbh_conf.o
                0x08000f84                USBH_LL_GetURBState
 .text.USBH_LL_DriverVBUS
                0x08000f90       0x1c build/usbh_conf.o
                0x08000f90                USBH_LL_DriverVBUS
 .text.USBH_LL_SetToggle
                0x08000fac       0x2e build/usbh_conf.o
                0x08000fac                USBH_LL_SetToggle
 .text.USBH_Delay
                0x08000fda        0x8 build/usbh_conf.o
                0x08000fda                USBH_Delay
 .text.USBH_Get_USB_Status
                0x08000fe2       0x14 build/usbh_conf.o
                0x08000fe2                USBH_Get_USB_Status
 .text.USBH_LL_Start
                0x08000ff6       0x10 build/usbh_conf.o
                0x08000ff6                USBH_LL_Start
 .text.USBH_LL_Stop
                0x08001006       0x10 build/usbh_conf.o
                0x08001006                USBH_LL_Stop
 .text.USBH_LL_ResetPort
                0x08001016       0x10 build/usbh_conf.o
                0x08001016                USBH_LL_ResetPort
 .text.USBH_LL_OpenPipe
                0x08001026       0x26 build/usbh_conf.o
                0x08001026                USBH_LL_OpenPipe
 .text.USBH_LL_SubmitURB
                0x0800104c       0x2a build/usbh_conf.o
                0x0800104c                USBH_LL_SubmitURB
 *fill*         0x08001076        0x2 
 .text.MX_DriverVbusFS
                0x08001078       0x18 build/usbh_platform.o
                0x08001078                MX_DriverVbusFS
 .text.USBH_UserProcess
                0x08001090       0x2c build/usb_host.o
 .text.MX_USB_HOST_Init
                0x080010bc       0x40 build/usb_host.o
                0x080010bc                MX_USB_HOST_Init
 .text.MX_USB_HOST_Process
                0x080010fc       0x10 build/usb_host.o
                0x080010fc                MX_USB_HOST_Process
 .text.HCD_RXQLVL_IRQHandler
                0x0800110c       0xac build/stm32f4xx_hal_hcd.o
 .text.HAL_HCD_Init
                0x080011b8       0x8e build/stm32f4xx_hal_hcd.o
                0x080011b8                HAL_HCD_Init
 .text.HAL_HCD_HC_SubmitRequest
                0x08001246      0x1ce build/stm32f4xx_hal_hcd.o
                0x08001246                HAL_HCD_HC_SubmitRequest
 .text.HCD_Port_IRQHandler
                0x08001414       0xb0 build/stm32f4xx_hal_hcd.o
 .text.HCD_HC_IN_IRQHandler
                0x080014c4      0x5bc build/stm32f4xx_hal_hcd.o
 .text.HCD_HC_OUT_IRQHandler
                0x08001a80      0x48c build/stm32f4xx_hal_hcd.o
 .text.HAL_HCD_IRQHandler
                0x08001f0c      0x15c build/stm32f4xx_hal_hcd.o
                0x08001f0c                HAL_HCD_IRQHandler
 .text.HAL_HCD_Start
                0x08002068       0x2a build/stm32f4xx_hal_hcd.o
                0x08002068                HAL_HCD_Start
 .text.HAL_HCD_Stop
                0x08002092       0x24 build/stm32f4xx_hal_hcd.o
                0x08002092                HAL_HCD_Stop
 .text.HAL_HCD_ResetPort
                0x080020b6        0xa build/stm32f4xx_hal_hcd.o
                0x080020b6                HAL_HCD_ResetPort
 .text.HAL_HCD_HC_GetURBState
                0x080020c0        0xe build/stm32f4xx_hal_hcd.o
                0x080020c0                HAL_HCD_HC_GetURBState
 .text.HAL_HCD_HC_GetXferCount
                0x080020ce        0xc build/stm32f4xx_hal_hcd.o
                0x080020ce                HAL_HCD_HC_GetXferCount
 .text.HAL_HCD_GetCurrentFrame
                0x080020da        0xa build/stm32f4xx_hal_hcd.o
                0x080020da                HAL_HCD_GetCurrentFrame
 .text.HAL_HCD_GetCurrentSpeed
                0x080020e4        0xa build/stm32f4xx_hal_hcd.o
                0x080020e4                HAL_HCD_GetCurrentSpeed
 .text.HAL_HCD_HC_ClearHubInfo
                0x080020ee       0x18 build/stm32f4xx_hal_hcd.o
                0x080020ee                HAL_HCD_HC_ClearHubInfo
 .text.HAL_HCD_HC_Init
                0x08002106       0xca build/stm32f4xx_hal_hcd.o
                0x08002106                HAL_HCD_HC_Init
 .text.USB_CoreReset
                0x080021d0       0x58 build/stm32f4xx_ll_usb.o
 .text.USB_CoreInit
                0x08002228       0x92 build/stm32f4xx_ll_usb.o
                0x08002228                USB_CoreInit
 .text.USB_EnableGlobalInt
                0x080022ba        0xc build/stm32f4xx_ll_usb.o
                0x080022ba                USB_EnableGlobalInt
 .text.USB_DisableGlobalInt
                0x080022c6        0xc build/stm32f4xx_ll_usb.o
                0x080022c6                USB_DisableGlobalInt
 .text.USB_FlushTxFifo
                0x080022d2       0x4a build/stm32f4xx_ll_usb.o
                0x080022d2                USB_FlushTxFifo
 .text.USB_FlushRxFifo
                0x0800231c       0x46 build/stm32f4xx_ll_usb.o
                0x0800231c                USB_FlushRxFifo
 .text.USB_WritePacket
                0x08002362       0x2e build/stm32f4xx_ll_usb.o
                0x08002362                USB_WritePacket
 .text.USB_ReadPacket
                0x08002390       0x46 build/stm32f4xx_ll_usb.o
                0x08002390                USB_ReadPacket
 .text.USB_ReadInterrupts
                0x080023d6        0x8 build/stm32f4xx_ll_usb.o
                0x080023d6                USB_ReadInterrupts
 .text.USB_ReadChInterrupts
                0x080023de       0x12 build/stm32f4xx_ll_usb.o
                0x080023de                USB_ReadChInterrupts
 .text.USB_GetMode
                0x080023f0        0x8 build/stm32f4xx_ll_usb.o
                0x080023f0                USB_GetMode
 .text.USB_SetCurrentMode
                0x080023f8       0x62 build/stm32f4xx_ll_usb.o
                0x080023f8                USB_SetCurrentMode
 *fill*         0x0800245a        0x2 
 .text.USB_HostInit
                0x0800245c      0x100 build/stm32f4xx_ll_usb.o
                0x0800245c                USB_HostInit
 .text.USB_InitFSLSPClkSel
                0x0800255c       0x42 build/stm32f4xx_ll_usb.o
                0x0800255c                USB_InitFSLSPClkSel
 .text.USB_ResetPort
                0x0800259e       0x3e build/stm32f4xx_ll_usb.o
                0x0800259e                USB_ResetPort
 .text.USB_DriveVbus
                0x080025dc       0x46 build/stm32f4xx_ll_usb.o
                0x080025dc                USB_DriveVbus
 .text.USB_GetHostSpeed
                0x08002622       0x16 build/stm32f4xx_ll_usb.o
                0x08002622                USB_GetHostSpeed
 .text.USB_GetCurrentFrame
                0x08002638        0xa build/stm32f4xx_ll_usb.o
                0x08002638                USB_GetCurrentFrame
 *fill*         0x08002642        0x2 
 .text.USB_HC_Init
                0x08002644      0x130 build/stm32f4xx_ll_usb.o
                0x08002644                USB_HC_Init
 .text.USB_HC_ReadInterrupt
                0x08002774        0xa build/stm32f4xx_ll_usb.o
                0x08002774                USB_HC_ReadInterrupt
 .text.USB_HC_Halt
                0x0800277e       0xfc build/stm32f4xx_ll_usb.o
                0x0800277e                USB_HC_Halt
 *fill*         0x0800287a        0x2 
 .text.USB_DoPing
                0x0800287c       0x24 build/stm32f4xx_ll_usb.o
                0x0800287c                USB_DoPing
 .text.USB_HC_StartXfer
                0x080028a0      0x2c8 build/stm32f4xx_ll_usb.o
                0x080028a0                USB_HC_StartXfer
 .text.USB_StopHost
                0x08002b68       0x92 build/stm32f4xx_ll_usb.o
                0x08002b68                USB_StopHost
 *fill*         0x08002bfa        0x2 
 .text.HAL_RCC_OscConfig
                0x08002bfc      0x3f8 build/stm32f4xx_hal_rcc.o
                0x08002bfc                HAL_RCC_OscConfig
 .text.HAL_RCC_GetSysClockFreq
                0x08002ff4       0xdc build/stm32f4xx_hal_rcc.o
                0x08002ff4                HAL_RCC_GetSysClockFreq
 .text.HAL_RCC_ClockConfig
                0x080030d0      0x160 build/stm32f4xx_hal_rcc.o
                0x080030d0                HAL_RCC_ClockConfig
 .text.HAL_RCC_GetHCLKFreq
                0x08003230        0xc build/stm32f4xx_hal_rcc.o
                0x08003230                HAL_RCC_GetHCLKFreq
 .text.HAL_RCC_GetPCLK1Freq
                0x0800323c       0x20 build/stm32f4xx_hal_rcc.o
                0x0800323c                HAL_RCC_GetPCLK1Freq
 .text.HAL_RCC_GetPCLK2Freq
                0x0800325c       0x20 build/stm32f4xx_hal_rcc.o
                0x0800325c                HAL_RCC_GetPCLK2Freq
 .text.HAL_RCCEx_PeriphCLKConfig
                0x0800327c      0x154 build/stm32f4xx_hal_rcc_ex.o
                0x0800327c                HAL_RCCEx_PeriphCLKConfig
 .text.HAL_RCCEx_GetPeriphCLKFreq
                0x080033d0       0x70 build/stm32f4xx_hal_rcc_ex.o
                0x080033d0                HAL_RCCEx_GetPeriphCLKFreq
 .text.HAL_GPIO_Init
                0x08003440      0x1ec build/stm32f4xx_hal_gpio.o
                0x08003440                HAL_GPIO_Init
 .text.HAL_GPIO_WritePin
                0x0800362c        0xc build/stm32f4xx_hal_gpio.o
                0x0800362c                HAL_GPIO_WritePin
 .text.__NVIC_EnableIRQ
                0x08003638       0x1c build/stm32f4xx_hal_cortex.o
 .text.__NVIC_SetPriority
                0x08003654       0x28 build/stm32f4xx_hal_cortex.o
 .text.NVIC_EncodePriority
                0x0800367c       0x3c build/stm32f4xx_hal_cortex.o
 .text.HAL_NVIC_SetPriorityGrouping
                0x080036b8       0x24 build/stm32f4xx_hal_cortex.o
                0x080036b8                HAL_NVIC_SetPriorityGrouping
 .text.HAL_NVIC_SetPriority
                0x080036dc       0x20 build/stm32f4xx_hal_cortex.o
                0x080036dc                HAL_NVIC_SetPriority
 .text.HAL_NVIC_EnableIRQ
                0x080036fc        0x8 build/stm32f4xx_hal_cortex.o
                0x080036fc                HAL_NVIC_EnableIRQ
 .text.HAL_SYSTICK_Config
                0x08003704       0x28 build/stm32f4xx_hal_cortex.o
                0x08003704                HAL_SYSTICK_Config
 .text.HAL_InitTick
                0x0800372c       0x4c build/stm32f4xx_hal.o
                0x0800372c                HAL_InitTick
 .text.HAL_Init
                0x08003778       0x34 build/stm32f4xx_hal.o
                0x08003778                HAL_Init
 .text.HAL_IncTick
                0x080037ac       0x18 build/stm32f4xx_hal.o
                0x080037ac                HAL_IncTick
 .text.HAL_GetTick
                0x080037c4        0xc build/stm32f4xx_hal.o
                0x080037c4                HAL_GetTick
 .text.HAL_Delay
                0x080037d0       0x28 build/stm32f4xx_hal.o
                0x080037d0                HAL_Delay
 .text.I2C_IsAcknowledgeFailed
                0x080037f8       0x32 build/stm32f4xx_hal_i2c.o
 .text.I2C_WaitOnFlagUntilTimeout
                0x0800382a       0xaa build/stm32f4xx_hal_i2c.o
 .text.I2C_WaitOnMasterAddressFlagUntilTimeout
                0x080038d4       0xd6 build/stm32f4xx_hal_i2c.o
 .text.I2C_WaitOnTXEFlagUntilTimeout
                0x080039aa       0x5e build/stm32f4xx_hal_i2c.o
 .text.I2C_RequestMemoryWrite
                0x08003a08       0xd8 build/stm32f4xx_hal_i2c.o
 .text.I2C_WaitOnBTFFlagUntilTimeout
                0x08003ae0       0x5e build/stm32f4xx_hal_i2c.o
 *fill*         0x08003b3e        0x2 
 .text.HAL_I2C_Init
                0x08003b40      0x1bc build/stm32f4xx_hal_i2c.o
                0x08003b40                HAL_I2C_Init
 .text.HAL_I2C_Mem_Write
                0x08003cfc      0x160 build/stm32f4xx_hal_i2c.o
                0x08003cfc                HAL_I2C_Mem_Write
 .text.HAL_I2S_Init
                0x08003e5c      0x19c build/stm32f4xx_hal_i2s.o
                0x08003e5c                HAL_I2S_Init
 .text.HAL_I2S_TxCpltCallback
                0x08003ff8        0x2 build/stm32f4xx_hal_i2s.o
                0x08003ff8                HAL_I2S_TxCpltCallback
 .text.I2S_Transmit_IT
                0x08003ffa       0x38 build/stm32f4xx_hal_i2s.o
 .text.HAL_I2S_RxCpltCallback
                0x08004032        0x2 build/stm32f4xx_hal_i2s.o
                0x08004032                HAL_I2S_RxCpltCallback
 .text.I2S_Receive_IT
                0x08004034       0x38 build/stm32f4xx_hal_i2s.o
 .text.HAL_I2S_ErrorCallback
                0x0800406c        0x2 build/stm32f4xx_hal_i2s.o
                0x0800406c                HAL_I2S_ErrorCallback
 .text.I2S_IRQHandler
                0x0800406e       0xcc build/stm32f4xx_hal_i2s.o
 .text.HAL_I2SEx_TxRxCpltCallback
                0x0800413a        0x2 build/stm32f4xx_hal_i2s_ex.o
                0x0800413a                HAL_I2SEx_TxRxCpltCallback
 .text.I2SEx_TxISR_I2S
                0x0800413c       0x3c build/stm32f4xx_hal_i2s_ex.o
 .text.I2SEx_RxISR_I2SExt
                0x08004178       0x64 build/stm32f4xx_hal_i2s_ex.o
 .text.I2SEx_TxISR_I2SExt
                0x080041dc       0x64 build/stm32f4xx_hal_i2s_ex.o
 .text.I2SEx_RxISR_I2S
                0x08004240       0x3c build/stm32f4xx_hal_i2s_ex.o
 .text.HAL_I2SEx_FullDuplex_IRQHandler
                0x0800427c      0x1d8 build/stm32f4xx_hal_i2s_ex.o
                0x0800427c                HAL_I2SEx_FullDuplex_IRQHandler
 .text.UART_SetConfig
                0x08004454      0x110 build/stm32f4xx_hal_uart.o
 .text.HAL_UART_Init
                0x08004564       0x60 build/stm32f4xx_hal_uart.o
                0x08004564                HAL_UART_Init
 .text.SystemInit
                0x080045c4       0x14 build/system_stm32f4xx.o
                0x080045c4                SystemInit
 .text.USBH_HandleSof
                0x080045d8       0x18 build/usbh_core.o
 .text.DeInitStateMachine
                0x080045f0       0x94 build/usbh_core.o
 .text.USBH_HandleEnum
                0x08004684      0x26e build/usbh_core.o
 .text.USBH_Init
                0x080048f2       0x3e build/usbh_core.o
                0x080048f2                USBH_Init
 .text.USBH_RegisterClass
                0x08004930       0x22 build/usbh_core.o
                0x08004930                USBH_RegisterClass
 .text.USBH_SelectInterface
                0x08004952       0x14 build/usbh_core.o
                0x08004952                USBH_SelectInterface
 .text.USBH_FindInterface
                0x08004966       0x54 build/usbh_core.o
                0x08004966                USBH_FindInterface
 .text.USBH_Start
                0x080049ba       0x14 build/usbh_core.o
                0x080049ba                USBH_Start
 .text.USBH_Process
                0x080049ce      0x284 build/usbh_core.o
                0x080049ce                USBH_Process
 .text.USBH_LL_SetTimer
                0x08004c52        0x6 build/usbh_core.o
                0x08004c52                USBH_LL_SetTimer
 .text.USBH_LL_IncTimer
                0x08004c58       0x12 build/usbh_core.o
                0x08004c58                USBH_LL_IncTimer
 .text.USBH_LL_PortEnabled
                0x08004c6a        0x8 build/usbh_core.o
                0x08004c6a                USBH_LL_PortEnabled
 .text.USBH_LL_PortDisabled
                0x08004c72        0xe build/usbh_core.o
                0x08004c72                USBH_LL_PortDisabled
 .text.USBH_LL_Connect
                0x08004c80       0x14 build/usbh_core.o
                0x08004c80                USBH_LL_Connect
 .text.USBH_LL_Disconnect
                0x08004c94       0x2c build/usbh_core.o
                0x08004c94                USBH_LL_Disconnect
 .text.USBH_ParseDevDesc
                0x08004cc0       0xf4 build/usbh_ctlreq.o
 .text.USBH_ParseInterfaceDesc
                0x08004db4       0x26 build/usbh_ctlreq.o
 .text.USBH_ParseEPDesc
                0x08004dda       0xe4 build/usbh_ctlreq.o
 .text.USBH_ParseStringDesc
                0x08004ebe       0x32 build/usbh_ctlreq.o
 .text.USBH_HandleControl
                0x08004ef0      0x1da build/usbh_ctlreq.o
 .text.USBH_GetNextDesc
                0x080050ca        0xe build/usbh_ctlreq.o
                0x080050ca                USBH_GetNextDesc
 .text.USBH_ParseCfgDesc
                0x080050d8      0x182 build/usbh_ctlreq.o
 .text.USBH_CtlReq
                0x0800525a       0x40 build/usbh_ctlreq.o
                0x0800525a                USBH_CtlReq
 .text.USBH_GetDescriptor
                0x0800529a       0x42 build/usbh_ctlreq.o
                0x0800529a                USBH_GetDescriptor
 .text.USBH_Get_DevDesc
                0x080052dc       0x36 build/usbh_ctlreq.o
                0x080052dc                USBH_Get_DevDesc
 .text.USBH_Get_CfgDesc
                0x08005312       0x36 build/usbh_ctlreq.o
                0x08005312                USBH_Get_CfgDesc
 .text.USBH_Get_StringDesc
                0x08005348       0x40 build/usbh_ctlreq.o
                0x08005348                USBH_Get_StringDesc
 .text.USBH_SetAddress
                0x08005388       0x22 build/usbh_ctlreq.o
                0x08005388                USBH_SetAddress
 .text.USBH_SetCfg
                0x080053aa       0x22 build/usbh_ctlreq.o
                0x080053aa                USBH_SetCfg
 .text.USBH_SetFeature
                0x080053cc       0x22 build/usbh_ctlreq.o
                0x080053cc                USBH_SetFeature
 .text.USBH_ClrFeature
                0x080053ee       0x24 build/usbh_ctlreq.o
                0x080053ee                USBH_ClrFeature
 .text.USBH_CtlSendSetup
                0x08005412       0x22 build/usbh_ioreq.o
                0x08005412                USBH_CtlSendSetup
 .text.USBH_CtlSendData
                0x08005434       0x2c build/usbh_ioreq.o
                0x08005434                USBH_CtlSendData
 .text.USBH_CtlReceiveData
                0x08005460       0x20 build/usbh_ioreq.o
                0x08005460                USBH_CtlReceiveData
 .text.USBH_BulkSendData
                0x08005480       0x2c build/usbh_ioreq.o
                0x08005480                USBH_BulkSendData
 .text.USBH_BulkReceiveData
                0x080054ac       0x20 build/usbh_ioreq.o
                0x080054ac                USBH_BulkReceiveData
 .text.USBH_GetFreePipe
                0x080054cc       0x26 build/usbh_pipes.o
 .text.USBH_OpenPipe
                0x080054f2       0x20 build/usbh_pipes.o
                0x080054f2                USBH_OpenPipe
 .text.USBH_ClosePipe
                0x08005512        0xa build/usbh_pipes.o
                0x08005512                USBH_ClosePipe
 .text.USBH_AllocPipe
                0x0800551c       0x26 build/usbh_pipes.o
                0x0800551c                USBH_AllocPipe
 .text.USBH_FreePipe
                0x08005542       0x16 build/usbh_pipes.o
                0x08005542                USBH_FreePipe
 .text.USBH_CDC_SOFProcess
                0x08005558        0x4 build/usbh_cdc.o
 .text.SetLineCoding
                0x0800555c       0x1a build/usbh_cdc.o
 .text.GetLineCoding
                0x08005576       0x1a build/usbh_cdc.o
 .text.USBH_CDC_ClassRequest
                0x08005590       0x22 build/usbh_cdc.o
 .text.USBH_CDC_InterfaceDeInit
                0x080055b2       0x68 build/usbh_cdc.o
 .text.USBH_CDC_InterfaceInit
                0x0800561a      0x186 build/usbh_cdc.o
 .text.USBH_CDC_TransmitCallback
                0x080057a0        0x2 build/usbh_cdc.o
                0x080057a0                USBH_CDC_TransmitCallback
 .text.CDC_ProcessTransmission
                0x080057a2       0x92 build/usbh_cdc.o
 .text.USBH_CDC_ReceiveCallback
                0x08005834        0x2 build/usbh_cdc.o
                0x08005834                USBH_CDC_ReceiveCallback
 .text.CDC_ProcessReception
                0x08005836       0x66 build/usbh_cdc.o
 .text.USBH_CDC_LineCodingChanged
                0x0800589c        0x2 build/usbh_cdc.o
                0x0800589c                USBH_CDC_LineCodingChanged
 .text.USBH_CDC_Process
                0x0800589e       0xae build/usbh_cdc.o
 .text._sbrk    0x0800594c       0x48 build/sysmem.o
                0x0800594c                _sbrk
 .text.HAL_TIM_Base_MspInit
                0x08005994       0x30 build/tim.o
                0x08005994                HAL_TIM_Base_MspInit
 .text.HAL_TIM_MspPostInit
                0x080059c4       0x54 build/tim.o
                0x080059c4                HAL_TIM_MspPostInit
 .text.MX_TIM3_Init
                0x08005a18       0xb0 build/tim.o
                0x08005a18                MX_TIM3_Init
 .text.TIM_OC1_SetConfig
                0x08005ac8       0x70 build/stm32f4xx_hal_tim.o
 .text.TIM_OC3_SetConfig
                0x08005b38       0x70 build/stm32f4xx_hal_tim.o
 .text.TIM_OC4_SetConfig
                0x08005ba8       0x50 build/stm32f4xx_hal_tim.o
 .text.TIM_TI1_ConfigInputStage
                0x08005bf8       0x26 build/stm32f4xx_hal_tim.o
 .text.TIM_TI2_ConfigInputStage
                0x08005c1e       0x28 build/stm32f4xx_hal_tim.o
 .text.TIM_ITRx_SetConfig
                0x08005c46       0x10 build/stm32f4xx_hal_tim.o
 .text.HAL_TIM_PWM_MspInit
                0x08005c56        0x2 build/stm32f4xx_hal_tim.o
                0x08005c56                HAL_TIM_PWM_MspInit
 .text.TIM_Base_SetConfig
                0x08005c58       0xd0 build/stm32f4xx_hal_tim.o
                0x08005c58                TIM_Base_SetConfig
 .text.HAL_TIM_Base_Init
                0x08005d28       0x58 build/stm32f4xx_hal_tim.o
                0x08005d28                HAL_TIM_Base_Init
 .text.HAL_TIM_PWM_Init
                0x08005d80       0x58 build/stm32f4xx_hal_tim.o
                0x08005d80                HAL_TIM_PWM_Init
 .text.TIM_OC2_SetConfig
                0x08005dd8       0x70 build/stm32f4xx_hal_tim.o
                0x08005dd8                TIM_OC2_SetConfig
 .text.HAL_TIM_PWM_ConfigChannel
                0x08005e48       0xdc build/stm32f4xx_hal_tim.o
                0x08005e48                HAL_TIM_PWM_ConfigChannel
 .text.TIM_ETR_SetConfig
                0x08005f24       0x1a build/stm32f4xx_hal_tim.o
                0x08005f24                TIM_ETR_SetConfig
 .text.HAL_TIM_ConfigClockSource
                0x08005f3e       0xfe build/stm32f4xx_hal_tim.o
                0x08005f3e                HAL_TIM_ConfigClockSource
 .text.TIM_CCxChannelCmd
                0x0800603c       0x1e build/stm32f4xx_hal_tim.o
                0x0800603c                TIM_CCxChannelCmd
 *fill*         0x0800605a        0x2 
 .text.HAL_TIM_PWM_Start
                0x0800605c       0xfc build/stm32f4xx_hal_tim.o
                0x0800605c                HAL_TIM_PWM_Start
 .text.HAL_TIMEx_MasterConfigSynchronization
                0x08006158       0x8c build/stm32f4xx_hal_tim_ex.o
                0x08006158                HAL_TIMEx_MasterConfigSynchronization
 .text.MX_ADC1_Init
                0x080061e4       0x6c build/adc.o
                0x080061e4                MX_ADC1_Init
 .text.HAL_ADC_MspInit
                0x08006250       0x68 build/adc.o
                0x08006250                HAL_ADC_MspInit
 .text.ADC_Init
                0x080062b8      0x134 build/stm32f4xx_hal_adc.o
 .text.HAL_ADC_Init
                0x080063ec       0x56 build/stm32f4xx_hal_adc.o
                0x080063ec                HAL_ADC_Init
 *fill*         0x08006442        0x2 
 .text.HAL_ADC_Start
                0x08006444      0x144 build/stm32f4xx_hal_adc.o
                0x08006444                HAL_ADC_Start
 .text.HAL_ADC_Stop
                0x08006588       0x40 build/stm32f4xx_hal_adc.o
                0x08006588                HAL_ADC_Stop
 .text.HAL_ADC_PollForConversion
                0x080065c8       0xb8 build/stm32f4xx_hal_adc.o
                0x080065c8                HAL_ADC_PollForConversion
 .text.HAL_ADC_GetValue
                0x08006680        0x6 build/stm32f4xx_hal_adc.o
                0x08006680                HAL_ADC_GetValue
 *fill*         0x08006686        0x2 
 .text.HAL_ADC_ConfigChannel
                0x08006688      0x194 build/stm32f4xx_hal_adc.o
                0x08006688                HAL_ADC_ConfigChannel
 .text.Reset_Handler
                0x0800681c       0x50 build/startup_stm32f407xx.o
                0x0800681c                Reset_Handler
 .text.Default_Handler
                0x0800686c        0x2 build/startup_stm32f407xx.o
                0x0800686c                RTC_Alarm_IRQHandler
                0x0800686c                HASH_RNG_IRQHandler
                0x0800686c                EXTI2_IRQHandler
                0x0800686c                TIM8_CC_IRQHandler
                0x0800686c                TIM1_CC_IRQHandler
                0x0800686c                DMA2_Stream5_IRQHandler
                0x0800686c                DMA1_Stream5_IRQHandler
                0x0800686c                PVD_IRQHandler
                0x0800686c                SDIO_IRQHandler
                0x0800686c                TAMP_STAMP_IRQHandler
                0x0800686c                CAN2_RX1_IRQHandler
                0x0800686c                EXTI3_IRQHandler
                0x0800686c                TIM8_TRG_COM_TIM14_IRQHandler
                0x0800686c                TIM1_UP_TIM10_IRQHandler
                0x0800686c                TIM8_UP_TIM13_IRQHandler
                0x0800686c                I2C3_ER_IRQHandler
                0x0800686c                EXTI0_IRQHandler
                0x0800686c                I2C2_EV_IRQHandler
                0x0800686c                DMA1_Stream2_IRQHandler
                0x0800686c                CAN1_RX0_IRQHandler
                0x0800686c                FPU_IRQHandler
                0x0800686c                OTG_HS_WKUP_IRQHandler
                0x0800686c                CAN2_SCE_IRQHandler
                0x0800686c                DMA2_Stream2_IRQHandler
                0x0800686c                SPI1_IRQHandler
                0x0800686c                TIM6_DAC_IRQHandler
                0x0800686c                TIM1_BRK_TIM9_IRQHandler
                0x0800686c                DCMI_IRQHandler
                0x0800686c                CAN2_RX0_IRQHandler
                0x0800686c                DMA2_Stream3_IRQHandler
                0x0800686c                USART6_IRQHandler
                0x0800686c                USART3_IRQHandler
                0x0800686c                CAN1_RX1_IRQHandler
                0x0800686c                UART5_IRQHandler
                0x0800686c                DMA2_Stream0_IRQHandler
                0x0800686c                TIM4_IRQHandler
                0x0800686c                I2C1_EV_IRQHandler
                0x0800686c                DMA1_Stream6_IRQHandler
                0x0800686c                DMA1_Stream1_IRQHandler
                0x0800686c                UART4_IRQHandler
                0x0800686c                TIM3_IRQHandler
                0x0800686c                RCC_IRQHandler
                0x0800686c                TIM8_BRK_TIM12_IRQHandler
                0x0800686c                Default_Handler
                0x0800686c                EXTI15_10_IRQHandler
                0x0800686c                ADC_IRQHandler
                0x0800686c                DMA1_Stream7_IRQHandler
                0x0800686c                TIM7_IRQHandler
                0x0800686c                CAN2_TX_IRQHandler
                0x0800686c                TIM5_IRQHandler
                0x0800686c                DMA2_Stream7_IRQHandler
                0x0800686c                I2C3_EV_IRQHandler
                0x0800686c                EXTI9_5_IRQHandler
                0x0800686c                RTC_WKUP_IRQHandler
                0x0800686c                ETH_WKUP_IRQHandler
                0x0800686c                SPI2_IRQHandler
                0x0800686c                OTG_HS_EP1_IN_IRQHandler
                0x0800686c                DMA1_Stream0_IRQHandler
                0x0800686c                CAN1_TX_IRQHandler
                0x0800686c                EXTI4_IRQHandler
                0x0800686c                FSMC_IRQHandler
                0x0800686c                ETH_IRQHandler
                0x0800686c                OTG_HS_EP1_OUT_IRQHandler
                0x0800686c                WWDG_IRQHandler
                0x0800686c                TIM2_IRQHandler
                0x0800686c                OTG_FS_WKUP_IRQHandler
                0x0800686c                TIM1_TRG_COM_TIM11_IRQHandler
                0x0800686c                OTG_HS_IRQHandler
                0x0800686c                EXTI1_IRQHandler
                0x0800686c                USART2_IRQHandler
                0x0800686c                I2C2_ER_IRQHandler
                0x0800686c                DMA2_Stream1_IRQHandler
                0x0800686c                CAN1_SCE_IRQHandler
                0x0800686c                FLASH_IRQHandler
                0x0800686c                DMA2_Stream4_IRQHandler
                0x0800686c                USART1_IRQHandler
                0x0800686c                SPI3_IRQHandler
                0x0800686c                DMA1_Stream4_IRQHandler
                0x0800686c                I2C1_ER_IRQHandler
                0x0800686c                DMA2_Stream6_IRQHandler
                0x0800686c                DMA1_Stream3_IRQHandler
 *fill*         0x0800686e        0x2 
 .text.malloc   0x08006870       0x10 /opt/st/stm32cubeclt_1.21.0/GNU-tools-for-STM32/bin/../lib/gcc/arm-none-eabi/14.3.1/../../../../arm-none-eabi/lib/thumb/v7e-m+fp/hard/libc_nano.a(libc_a-malloc.o)
                0x08006870                malloc
 .text.free     0x08006880       0x10 /opt/st/stm32cubeclt_1.21.0/GNU-tools-for-STM32/bin/../lib/gcc/arm-none-eabi/14.3.1/../../../../arm-none-eabi/lib/thumb/v7e-m+fp/hard/libc_nano.a(libc_a-malloc.o)
                0x08006880                free
 .text.sbrk_aligned
                0x08006890       0x44 /opt/st/stm32cubeclt_1.21.0/GNU-tools-for-STM32/bin/../lib/gcc/arm-none-eabi/14.3.1/../../../../arm-none-eabi/lib/thumb/v7e-m+fp/hard/libc_nano.a(libc_a-mallocr.o)
 .text._malloc_r
                0x080068d4      0x100 /opt/st/stm32cubeclt_1.21.0/GNU-tools-for-STM32/bin/../lib/gcc/arm-none-eabi/14.3.1/../../../../arm-none-eabi/lib/thumb/v7e-m+fp/hard/libc_nano.a(libc_a-mallocr.o)
                0x080068d4                _malloc_r
 .text.__malloc_lock
                0x080069d4        0xc /opt/st/stm32cubeclt_1.21.0/GNU-tools-for-STM32/bin/../lib/gcc/arm-none-eabi/14.3.1/../../../../arm-none-eabi/lib/thumb/v7e-m+fp/hard/libc_nano.a(libc_a-mlock.o)
                0x080069d4                __malloc_lock
 .text.__malloc_unlock
                0x080069e0        0xc /opt/st/stm32cubeclt_1.21.0/GNU-tools-for-STM32/bin/../lib/gcc/arm-none-eabi/14.3.1/../../../../arm-none-eabi/lib/thumb/v7e-m+fp/hard/libc_nano.a(libc_a-mlock.o)
                0x080069e0                __malloc_unlock
 .text.sprintf  0x080069ec       0x44 /opt/st/stm32cubeclt_1.21.0/GNU-tools-for-STM32/bin/../lib/gcc/arm-none-eabi/14.3.1/../../../../arm-none-eabi/lib/thumb/v7e-m+fp/hard/libc_nano.a(libc_a-sprintf.o)
                0x080069ec                sprintf
                0x080069ec                siprintf
 .text.memset   0x08006a30       0x10 /opt/st/stm32cubeclt_1.21.0/GNU-tools-for-STM32/bin/../lib/gcc/arm-none-eabi/14.3.1/../../../../arm-none-eabi/lib/thumb/v7e-m+fp/hard/libc_nano.a(libc_a-memset.o)
                0x08006a30                memset
 .text._sbrk_r  0x08006a40       0x20 /opt/st/stm32cubeclt_1.21.0/GNU-tools-for-STM32/bin/../lib/gcc/arm-none-eabi/14.3.1/../../../../arm-none-eabi/lib/thumb/v7e-m+fp/hard/libc_nano.a(libc_a-sbrkr.o)
                0x08006a40                _sbrk_r
 .text.__errno  0x08006a60        0xc /opt/st/stm32cubeclt_1.21.0/GNU-tools-for-STM32/bin/../lib/gcc/arm-none-eabi/14.3.1/../../../../arm-none-eabi/lib/thumb/v7e-m+fp/hard/libc_nano.a(libc_a-errno.o)
                0x08006a60                __errno
 .text.__libc_init_array
                0x08006a6c       0x48 /opt/st/stm32cubeclt_1.21.0/GNU-tools-for-STM32/bin/../lib/gcc/arm-none-eabi/14.3.1/../../../../arm-none-eabi/lib/thumb/v7e-m+fp/hard/libc_nano.a(libc_a-init.o)
                0x08006a6c                __libc_init_array
 .text.__retarget_lock_acquire_recursive
                0x08006ab4        0x2 /opt/st/stm32cubeclt_1.21.0/GNU-tools-for-STM32/bin/../lib/gcc/arm-none-eabi/14.3.1/../../../../arm-none-eabi/lib/thumb/v7e-m+fp/hard/libc_nano.a(libc_a-lock.o)
                0x08006ab4                __retarget_lock_acquire_recursive
 .text.__retarget_lock_release_recursive
                0x08006ab6        0x2 /opt/st/stm32cubeclt_1.21.0/GNU-tools-for-STM32/bin/../lib/gcc/arm-none-eabi/14.3.1/../../../../arm-none-eabi/lib/thumb/v7e-m+fp/hard/libc_nano.a(libc_a-lock.o)
                0x08006ab6                __retarget_lock_release_recursive
 .text.memcpy   0x08006ab8       0x1c /opt/st/stm32cubeclt_1.21.0/GNU-tools-for-STM32/bin/../lib/gcc/arm-none-eabi/14.3.1/../../../../arm-none-eabi/lib/thumb/v7e-m+fp/hard/libc_nano.a(libc_a-memcpy-stub.o)
                0x08006ab8                memcpy
 .text._free_r  0x08006ad4       0x94 /opt/st/stm32cubeclt_1.21.0/GNU-tools-for-STM32/bin/../lib/gcc/arm-none-eabi/14.3.1/../../../../arm-none-eabi/lib/thumb/v7e-m+fp/hard/libc_nano.a(libc_a-freer.o)
                0x08006ad4                _free_r
 .text.__ssputs_r
                0x08006b68       0xc0 /opt/st/stm32cubeclt_1.21.0/GNU-tools-for-STM32/bin/../lib/gcc/arm-none-eabi/14.3.1/../../../../arm-none-eabi/lib/thumb/v7e-m+fp/hard/libc_nano.a(libc_a-nano-svfprintf.o)
                0x08006b68                __ssputs_r
 .text._svfprintf_r
                0x08006c28      0x1f0 /opt/st/stm32cubeclt_1.21.0/GNU-tools-for-STM32/bin/../lib/gcc/arm-none-eabi/14.3.1/../../../../arm-none-eabi/lib/thumb/v7e-m+fp/hard/libc_nano.a(libc_a-nano-svfprintf.o)
                0x08006c28                _svfprintf_r
                0x08006c28                _svfiprintf_r
 .text._printf_common
                0x08006e18       0xda /opt/st/stm32cubeclt_1.21.0/GNU-tools-for-STM32/bin/../lib/gcc/arm-none-eabi/14.3.1/../../../../arm-none-eabi/lib/thumb/v7e-m+fp/hard/libc_nano.a(libc_a-nano-vfprintf_i.o)
                0x08006e18                _printf_common
 *fill*         0x08006ef2        0x2 
 .text._printf_i
                0x08006ef4      0x24c /opt/st/stm32cubeclt_1.21.0/GNU-tools-for-STM32/bin/../lib/gcc/arm-none-eabi/14.3.1/../../../../arm-none-eabi/lib/thumb/v7e-m+fp/hard/libc_nano.a(libc_a-nano-vfprintf_i.o)
                0x08006ef4                _printf_i
 .text.memmove  0x08007140       0x32 /opt/st/stm32cubeclt_1.21.0/GNU-tools-for-STM32/bin/../lib/gcc/arm-none-eabi/14.3.1/../../../../arm-none-eabi/lib/thumb/v7e-m+fp/hard/libc_nano.a(libc_a-memmove.o)
                0x08007140                memmove
 .text._realloc_r
                0x08007172       0x5c /opt/st/stm32cubeclt_1.21.0/GNU-tools-for-STM32/bin/../lib/gcc/arm-none-eabi/14.3.1/../../../../arm-none-eabi/lib/thumb/v7e-m+fp/hard/libc_nano.a(libc_a-reallocr.o)
                0x08007172                _realloc_r
 .text._malloc_usable_size_r
                0x080071ce       0x10 /opt/st/stm32cubeclt_1.21.0/GNU-tools-for-STM32/bin/../lib/gcc/arm-none-eabi/14.3.1/../../../../arm-none-eabi/lib/thumb/v7e-m+fp/hard/libc_nano.a(libc_a-msizer.o)
                0x080071ce                _malloc_usable_size_r
 *(.glue_7)
 .glue_7        0x080071de        0x0 linker stubs
 *(.glue_7t)
 .glue_7t       0x080071de        0x0 linker stubs
 *(.eh_frame)
 *fill*         0x080071de        0x2 
 .eh_frame      0x080071e0        0x0 /opt/st/stm32cubeclt_1.21.0/GNU-tools-for-STM32/bin/../lib/gcc/arm-none-eabi/14.3.1/thumb/v7e-m+fp/hard/crtbegin.o
 *(.init)
 .init          0x080071e0        0x4 /opt/st/stm32cubeclt_1.21.0/GNU-tools-for-STM32/bin/../lib/gcc/arm-none-eabi/14.3.1/thumb/v7e-m+fp/hard/crti.o
                0x080071e0                _init
 .init          0x080071e4        0x8 /opt/st/stm32cubeclt_1.21.0/GNU-tools-for-STM32/bin/../lib/gcc/arm-none-eabi/14.3.1/thumb/v7e-m+fp/hard/crtn.o
 *(.fini)
 .fini          0x080071ec        0x4 /opt/st/stm32cubeclt_1.21.0/GNU-tools-for-STM32/bin/../lib/gcc/arm-none-eabi/14.3.1/thumb/v7e-m+fp/hard/crti.o
                0x080071ec                _fini
 .fini          0x080071f0        0x8 /opt/st/stm32cubeclt_1.21.0/GNU-tools-for-STM32/bin/../lib/gcc/arm-none-eabi/14.3.1/thumb/v7e-m+fp/hard/crtn.o
                0x080071f8                        . = ALIGN (0x4)
                0x080071f8                        _etext = .

.vfp11_veneer   0x080071f8        0x0
 .vfp11_veneer  0x080071f8        0x0 linker stubs

.v4_bx          0x080071f8        0x0
 .v4_bx         0x080071f8        0x0 linker stubs

.iplt           0x080071f8        0x0
 .iplt          0x080071f8        0x0 /opt/st/stm32cubeclt_1.21.0/GNU-tools-for-STM32/bin/../lib/gcc/arm-none-eabi/14.3.1/thumb/v7e-m+fp/hard/crtbegin.o

.rodata         0x080071f8      0x7d4
                0x080071f8                        . = ALIGN (0x4)
 *(.rodata)
 *(.rodata*)
 .rodata.main.str1.4
                0x080071f8       0x10 build/main.o
                                  0xb (size before relaxing)
 .rodata.Font_7x10
                0x08007208        0xc build/ssd1306_fonts.o
                0x08007208                Font_7x10
 .rodata.Font7x10
                0x08007214      0x76c build/ssd1306_fonts.o
 .rodata.APBPrescTable
                0x08007980        0x8 build/system_stm32f4xx.o
                0x08007980                APBPrescTable
 .rodata.AHBPrescTable
                0x08007988       0x10 build/system_stm32f4xx.o
                0x08007988                AHBPrescTable
 .rodata.str1.4
                0x08007998        0x4 build/usbh_cdc.o
 .rodata._svfprintf_r.str1.1
                0x08007998       0x33 /opt/st/stm32cubeclt_1.21.0/GNU-tools-for-STM32/bin/../lib/gcc/arm-none-eabi/14.3.1/../../../../arm-none-eabi/lib/thumb/v7e-m+fp/hard/libc_nano.a(libc_a-nano-svfprintf.o)
                                 0x11 (size before relaxing)
 .rodata._printf_i.str1.1
                0x080079cb       0x22 /opt/st/stm32cubeclt_1.21.0/GNU-tools-for-STM32/bin/../lib/gcc/arm-none-eabi/14.3.1/../../../../arm-none-eabi/lib/thumb/v7e-m+fp/hard/libc_nano.a(libc_a-nano-vfprintf_i.o)
                0x080079f0                        . = ALIGN (0x4)
 *fill*         0x080079cb        0x1 

.ARM.extab      0x080079cc        0x0
                0x080079cc                        . = ALIGN (0x4)
 *(.ARM.extab* .gnu.linkonce.armextab.*)
                0x080079cc                        . = ALIGN (0x4)

.ARM            0x080079cc        0x8
                0x080079cc                        . = ALIGN (0x4)
                0x080079cc                        __exidx_start = .
 *(.ARM.exidx*)
 .ARM.exidx     0x080079cc        0x8 /opt/st/stm32cubeclt_1.21.0/GNU-tools-for-STM32/bin/../lib/gcc/arm-none-eabi/14.3.1/../../../../arm-none-eabi/lib/thumb/v7e-m+fp/hard/libc_nano.a(libc_a-memchr.o)
 .ARM.exidx     0x080079d4        0x0 /opt/st/stm32cubeclt_1.21.0/GNU-tools-for-STM32/bin/../lib/gcc/arm-none-eabi/14.3.1/thumb/v7e-m+fp/hard/libgcc.a(_udivmoddi4.o)
                                  0x8 (size before relaxing)
                0x080079d4                        __exidx_end = .
                0x080079d4                        . = ALIGN (0x4)

.preinit_array  0x080079d4        0x0
                0x080079d4                        . = ALIGN (0x4)
                0x080079d4                        PROVIDE (__preinit_array_start = .)
 *(.preinit_array*)
                0x080079d4                        PROVIDE (__preinit_array_end = .)
                0x080079d4                        . = ALIGN (0x4)

.init_array     0x080079d4        0x4
                0x080079d4                        . = ALIGN (0x4)
                0x080079d4                        PROVIDE (__init_array_start = .)
 *(SORT_BY_NAME(.init_array.*))
 *(.init_array*)
 .init_array    0x080079d4        0x4 /opt/st/stm32cubeclt_1.21.0/GNU-tools-for-STM32/bin/../lib/gcc/arm-none-eabi/14.3.1/thumb/v7e-m+fp/hard/crtbegin.o
                0x080079d8                        PROVIDE (__init_array_end = .)
                0x080079d8                        . = ALIGN (0x4)

.fini_array     0x080079d8        0x4
                0x080079d8                        . = ALIGN (0x4)
                [!provide]                        PROVIDE (__fini_array_start = .)
 *(SORT_BY_NAME(.fini_array.*))
 *(.fini_array*)
 .fini_array    0x080079d8        0x4 /opt/st/stm32cubeclt_1.21.0/GNU-tools-for-STM32/bin/../lib/gcc/arm-none-eabi/14.3.1/thumb/v7e-m+fp/hard/crtbegin.o
                [!provide]                        PROVIDE (__fini_array_end = .)
                0x080079dc                        . = ALIGN (0x4)
                0x080079dc                        _sidata = LOADADDR (.data)

.rel.dyn        0x080079dc        0x0
 .rel.iplt      0x080079dc        0x0 /opt/st/stm32cubeclt_1.21.0/GNU-tools-for-STM32/bin/../lib/gcc/arm-none-eabi/14.3.1/thumb/v7e-m+fp/hard/crtbegin.o

.data           0x20000000       0x7c load address 0x080079dc
                0x20000000                        . = ALIGN (0x4)
                0x20000000                        _sdata = .
 *(.data)
 *(.data*)
 .data.uwTickFreq
                0x20000000        0x1 build/stm32f4xx_hal.o
                0x20000000                uwTickFreq
 *fill*         0x20000001        0x3 
 .data.uwTickPrio
                0x20000004        0x4 build/stm32f4xx_hal.o
                0x20000004                uwTickPrio
 .data.SystemCoreClock
                0x20000008        0x4 build/system_stm32f4xx.o
                0x20000008                SystemCoreClock
 .data.CDC_Class
                0x2000000c       0x20 build/usbh_cdc.o
                0x2000000c                CDC_Class
 .data._impure_ptr
                0x2000002c        0x4 /opt/st/stm32cubeclt_1.21.0/GNU-tools-for-STM32/bin/../lib/gcc/arm-none-eabi/14.3.1/../../../../arm-none-eabi/lib/thumb/v7e-m+fp/hard/libc_nano.a(libc_a-impure.o)
                0x2000002c                _impure_ptr
 .data._impure_data
                0x20000030       0x4c /opt/st/stm32cubeclt_1.21.0/GNU-tools-for-STM32/bin/../lib/gcc/arm-none-eabi/14.3.1/../../../../arm-none-eabi/lib/thumb/v7e-m+fp/hard/libc_nano.a(libc_a-impure.o)
                0x20000030                _impure_data
 *(.RamFunc)
 *(.RamFunc*)
                0x2000007c                        . = ALIGN (0x4)
                0x2000007c                        _edata = .
                0x08007a58                        _siccmram = LOADADDR (.ccmram)

.igot.plt       0x2000007c        0x0 load address 0x08007a58
 .igot.plt      0x2000007c        0x0 /opt/st/stm32cubeclt_1.21.0/GNU-tools-for-STM32/bin/../lib/gcc/arm-none-eabi/14.3.1/thumb/v7e-m+fp/hard/crtbegin.o

.ccmram         0x10000000        0x0 load address 0x08007a58
                0x10000000                        . = ALIGN (0x4)
                0x10000000                        _sccmram = .
 *(.ccmram)
 *(.ccmram*)
                0x10000000                        . = ALIGN (0x4)
                0x10000000                        _eccmram = .
                0x10000000                        . = ALIGN (0x4)

.bss            0x2000007c      0xca4
                0x2000007c                        _sbss = .
                0x2000007c                        __bss_start__ = _sbss
 *(.bss)
 .bss           0x2000007c       0x1c /opt/st/stm32cubeclt_1.21.0/GNU-tools-for-STM32/bin/../lib/gcc/arm-none-eabi/14.3.1/thumb/v7e-m+fp/hard/crtbegin.o
 *(.bss*)
 .bss.SSD1306   0x20000098        0x6 build/ssd1306.o
 *fill*         0x2000009e        0x2 
 .bss.SSD1306_Buffer
                0x200000a0      0x200 build/ssd1306.o
 .bss.hi2c1     0x200002a0       0x54 build/i2c.o
                0x200002a0                hi2c1
 .bss.hi2s3     0x200002f4       0x48 build/i2s.o
                0x200002f4                hi2s3
 .bss.huart2    0x2000033c       0x48 build/usart.o
                0x2000033c                huart2
 .bss.hhcd_USB_OTG_FS
                0x20000384      0x3e0 build/usbh_conf.o
                0x20000384                hhcd_USB_OTG_FS
 .bss.Appli_state
                0x20000764        0x1 build/usb_host.o
                0x20000764                Appli_state
 *fill*         0x20000765        0x3 
 .bss.hUsbHostFS
                0x20000768      0x3d8 build/usb_host.o
                0x20000768                hUsbHostFS
 .bss.uwTick    0x20000b40        0x4 build/stm32f4xx_hal.o
                0x20000b40                uwTick
 .bss.__sbrk_heap_end
                0x20000b44        0x4 build/sysmem.o
 .bss.htim3     0x20000b48       0x48 build/tim.o
                0x20000b48                htim3
 .bss.hadc1     0x20000b90       0x48 build/adc.o
                0x20000b90                hadc1
 .bss.__malloc_sbrk_start
                0x20000bd8        0x4 /opt/st/stm32cubeclt_1.21.0/GNU-tools-for-STM32/bin/../lib/gcc/arm-none-eabi/14.3.1/../../../../arm-none-eabi/lib/thumb/v7e-m+fp/hard/libc_nano.a(libc_a-mallocr.o)
                0x20000bd8                __malloc_sbrk_start
 .bss.__malloc_free_list
                0x20000bdc        0x4 /opt/st/stm32cubeclt_1.21.0/GNU-tools-for-STM32/bin/../lib/gcc/arm-none-eabi/14.3.1/../../../../arm-none-eabi/lib/thumb/v7e-m+fp/hard/libc_nano.a(libc_a-mallocr.o)
                0x20000bdc                __malloc_free_list
 .bss.__sf      0x20000be0      0x138 /opt/st/stm32cubeclt_1.21.0/GNU-tools-for-STM32/bin/../lib/gcc/arm-none-eabi/14.3.1/../../../../arm-none-eabi/lib/thumb/v7e-m+fp/hard/libc_nano.a(libc_a-findfp.o)
                0x20000be0                __sf
 .bss.errno     0x20000d18        0x4 /opt/st/stm32cubeclt_1.21.0/GNU-tools-for-STM32/bin/../lib/gcc/arm-none-eabi/14.3.1/../../../../arm-none-eabi/lib/thumb/v7e-m+fp/hard/libc_nano.a(libc_a-reent.o)
                0x20000d18                errno
 .bss.__lock___malloc_recursive_mutex
                0x20000d1c        0x1 /opt/st/stm32cubeclt_1.21.0/GNU-tools-for-STM32/bin/../lib/gcc/arm-none-eabi/14.3.1/../../../../arm-none-eabi/lib/thumb/v7e-m+fp/hard/libc_nano.a(libc_a-lock.o)
                0x20000d1c                __lock___malloc_recursive_mutex
 *(COMMON)
                0x20000d20                        . = ALIGN (0x4)
 *fill*         0x20000d1d        0x3 
                0x20000d20                        _ebss = .
                0x20000d20                        __bss_end__ = _ebss

._user_heap_stack
                0x20000d20      0x600
                0x20000d20                        . = ALIGN (0x8)
                [!provide]                        PROVIDE (end = .)
                0x20000d20                        PROVIDE (_end = .)
                0x20000f20                        . = (. + _Min_Heap_Size)
 *fill*         0x20000d20      0x200 
                0x20001320                        . = (. + _Min_Stack_Size)
 *fill*         0x20000f20      0x400 
                0x20001320                        . = ALIGN (0x8)

/DISCARD/
 libc.a(*)
 libm.a(*)
 libgcc.a(*)
OUTPUT(build/led.elf elf32-littlearm)
LOAD linker stubs
LOAD /opt/st/stm32cubeclt_1.21.0/GNU-tools-for-STM32/bin/../lib/gcc/arm-none-eabi/14.3.1/../../../../arm-none-eabi/lib/thumb/v7e-m+fp/hard/libc.a
LOAD /opt/st/stm32cubeclt_1.21.0/GNU-tools-for-STM32/bin/../lib/gcc/arm-none-eabi/14.3.1/../../../../arm-none-eabi/lib/thumb/v7e-m+fp/hard/libm.a
LOAD /opt/st/stm32cubeclt_1.21.0/GNU-tools-for-STM32/bin/../lib/gcc/arm-none-eabi/14.3.1/thumb/v7e-m+fp/hard/libgcc.a

.ARM.attributes
                0x00000000       0x30
 .ARM.attributes
                0x00000000       0x22 /opt/st/stm32cubeclt_1.21.0/GNU-tools-for-STM32/bin/../lib/gcc/arm-none-eabi/14.3.1/thumb/v7e-m+fp/hard/crti.o
 .ARM.attributes
                0x00000022       0x34 /opt/st/stm32cubeclt_1.21.0/GNU-tools-for-STM32/bin/../lib/gcc/arm-none-eabi/14.3.1/thumb/v7e-m+fp/hard/crtbegin.o
 .ARM.attributes
                0x00000056       0x34 build/main.o
 .ARM.attributes
                0x0000008a       0x34 build/ssd1306.o
 .ARM.attributes
                0x000000be       0x34 build/ssd1306_fonts.o
 .ARM.attributes
                0x000000f2       0x34 build/gpio.o
 .ARM.attributes
                0x00000126       0x34 build/i2c.o
 .ARM.attributes
                0x0000015a       0x34 build/i2s.o
 .ARM.attributes
                0x0000018e       0x34 build/usart.o
 .ARM.attributes
                0x000001c2       0x34 build/stm32f4xx_it.o
 .ARM.attributes
                0x000001f6       0x34 build/stm32f4xx_hal_msp.o
 .ARM.attributes
                0x0000022a       0x34 build/usbh_conf.o
 .ARM.attributes
                0x0000025e       0x34 build/usbh_platform.o
 .ARM.attributes
                0x00000292       0x34 build/usb_host.o
 .ARM.attributes
                0x000002c6       0x34 build/stm32f4xx_hal_hcd.o
 .ARM.attributes
                0x000002fa       0x34 build/stm32f4xx_ll_usb.o
 .ARM.attributes
                0x0000032e       0x34 build/stm32f4xx_hal_rcc.o
 .ARM.attributes
                0x00000362       0x34 build/stm32f4xx_hal_rcc_ex.o
 .ARM.attributes
                0x00000396       0x34 build/stm32f4xx_hal_gpio.o
 .ARM.attributes
                0x000003ca       0x34 build/stm32f4xx_hal_cortex.o
 .ARM.attributes
                0x000003fe       0x34 build/stm32f4xx_hal.o
 .ARM.attributes
                0x00000432       0x34 build/stm32f4xx_hal_i2c.o
 .ARM.attributes
                0x00000466       0x34 build/stm32f4xx_hal_i2s.o
 .ARM.attributes
                0x0000049a       0x34 build/stm32f4xx_hal_i2s_ex.o
 .ARM.attributes
                0x000004ce       0x34 build/stm32f4xx_hal_uart.o
 .ARM.attributes
                0x00000502       0x34 build/system_stm32f4xx.o
 .ARM.attributes
                0x00000536       0x34 build/usbh_core.o
 .ARM.attributes
                0x0000056a       0x34 build/usbh_ctlreq.o
 .ARM.attributes
                0x0000059e       0x34 build/usbh_ioreq.o
 .ARM.attributes
                0x000005d2       0x34 build/usbh_pipes.o
 .ARM.attributes
                0x00000606       0x34 build/usbh_cdc.o
 .ARM.attributes
                0x0000063a       0x34 build/sysmem.o
 .ARM.attributes
                0x0000066e       0x34 build/tim.o
 .ARM.attributes
                0x000006a2       0x34 build/stm32f4xx_hal_tim.o
 .ARM.attributes
                0x000006d6       0x34 build/stm32f4xx_hal_tim_ex.o
 .ARM.attributes
                0x0000070a       0x34 build/adc.o
 .ARM.attributes
                0x0000073e       0x34 build/stm32f4xx_hal_adc.o
 .ARM.attributes
                0x00000772       0x21 build/startup_stm32f407xx.o
 .ARM.attributes
                0x00000793       0x34 /opt/st/stm32cubeclt_1.21.0/GNU-tools-for-STM32/bin/../lib/gcc/arm-none-eabi/14.3.1/../../../../arm-none-eabi/lib/thumb/v7e-m+fp/hard/libc_nano.a(libc_a-malloc.o)
 .ARM.attributes
                0x000007c7       0x34 /opt/st/stm32cubeclt_1.21.0/GNU-tools-for-STM32/bin/../lib/gcc/arm-none-eabi/14.3.1/../../../../arm-none-eabi/lib/thumb/v7e-m+fp/hard/libc_nano.a(libc_a-mallocr.o)
 .ARM.attributes
                0x000007fb       0x34 /opt/st/stm32cubeclt_1.21.0/GNU-tools-for-STM32/bin/../lib/gcc/arm-none-eabi/14.3.1/../../../../arm-none-eabi/lib/thumb/v7e-m+fp/hard/libc_nano.a(libc_a-mlock.o)
 .ARM.attributes
                0x0000082f       0x34 /opt/st/stm32cubeclt_1.21.0/GNU-tools-for-STM32/bin/../lib/gcc/arm-none-eabi/14.3.1/../../../../arm-none-eabi/lib/thumb/v7e-m+fp/hard/libc_nano.a(libc_a-findfp.o)
 .ARM.attributes
                0x00000863       0x34 /opt/st/stm32cubeclt_1.21.0/GNU-tools-for-STM32/bin/../lib/gcc/arm-none-eabi/14.3.1/../../../../arm-none-eabi/lib/thumb/v7e-m+fp/hard/libc_nano.a(libc_a-sprintf.o)
 .ARM.attributes
                0x00000897       0x34 /opt/st/stm32cubeclt_1.21.0/GNU-tools-for-STM32/bin/../lib/gcc/arm-none-eabi/14.3.1/../../../../arm-none-eabi/lib/thumb/v7e-m+fp/hard/libc_nano.a(libc_a-memset.o)
 .ARM.attributes
                0x000008cb       0x34 /opt/st/stm32cubeclt_1.21.0/GNU-tools-for-STM32/bin/../lib/gcc/arm-none-eabi/14.3.1/../../../../arm-none-eabi/lib/thumb/v7e-m+fp/hard/libc_nano.a(libc_a-reent.o)
 .ARM.attributes
                0x000008ff       0x34 /opt/st/stm32cubeclt_1.21.0/GNU-tools-for-STM32/bin/../lib/gcc/arm-none-eabi/14.3.1/../../../../arm-none-eabi/lib/thumb/v7e-m+fp/hard/libc_nano.a(libc_a-impure.o)
 .ARM.attributes
                0x00000933       0x34 /opt/st/stm32cubeclt_1.21.0/GNU-tools-for-STM32/bin/../lib/gcc/arm-none-eabi/14.3.1/../../../../arm-none-eabi/lib/thumb/v7e-m+fp/hard/libc_nano.a(libc_a-sbrkr.o)
 .ARM.attributes
                0x00000967       0x34 /opt/st/stm32cubeclt_1.21.0/GNU-tools-for-STM32/bin/../lib/gcc/arm-none-eabi/14.3.1/../../../../arm-none-eabi/lib/thumb/v7e-m+fp/hard/libc_nano.a(libc_a-errno.o)
 .ARM.attributes
                0x0000099b       0x34 /opt/st/stm32cubeclt_1.21.0/GNU-tools-for-STM32/bin/../lib/gcc/arm-none-eabi/14.3.1/../../../../arm-none-eabi/lib/thumb/v7e-m+fp/hard/libc_nano.a(libc_a-init.o)
 .ARM.attributes
                0x000009cf       0x34 /opt/st/stm32cubeclt_1.21.0/GNU-tools-for-STM32/bin/../lib/gcc/arm-none-eabi/14.3.1/../../../../arm-none-eabi/lib/thumb/v7e-m+fp/hard/libc_nano.a(libc_a-lock.o)
 .ARM.attributes
                0x00000a03       0x34 /opt/st/stm32cubeclt_1.21.0/GNU-tools-for-STM32/bin/../lib/gcc/arm-none-eabi/14.3.1/../../../../arm-none-eabi/lib/thumb/v7e-m+fp/hard/libc_nano.a(libc_a-memcpy-stub.o)
 .ARM.attributes
                0x00000a37       0x34 /opt/st/stm32cubeclt_1.21.0/GNU-tools-for-STM32/bin/../lib/gcc/arm-none-eabi/14.3.1/../../../../arm-none-eabi/lib/thumb/v7e-m+fp/hard/libc_nano.a(libc_a-freer.o)
 .ARM.attributes
                0x00000a6b       0x34 /opt/st/stm32cubeclt_1.21.0/GNU-tools-for-STM32/bin/../lib/gcc/arm-none-eabi/14.3.1/../../../../arm-none-eabi/lib/thumb/v7e-m+fp/hard/libc_nano.a(libc_a-nano-svfprintf.o)
 .ARM.attributes
                0x00000a9f       0x34 /opt/st/stm32cubeclt_1.21.0/GNU-tools-for-STM32/bin/../lib/gcc/arm-none-eabi/14.3.1/../../../../arm-none-eabi/lib/thumb/v7e-m+fp/hard/libc_nano.a(libc_a-nano-vfprintf_i.o)
 .ARM.attributes
                0x00000ad3       0x34 /opt/st/stm32cubeclt_1.21.0/GNU-tools-for-STM32/bin/../lib/gcc/arm-none-eabi/14.3.1/../../../../arm-none-eabi/lib/thumb/v7e-m+fp/hard/libc_nano.a(libc_a-memmove.o)
 .ARM.attributes
                0x00000b07       0x1c /opt/st/stm32cubeclt_1.21.0/GNU-tools-for-STM32/bin/../lib/gcc/arm-none-eabi/14.3.1/../../../../arm-none-eabi/lib/thumb/v7e-m+fp/hard/libc_nano.a(libc_a-memchr.o)
 .ARM.attributes
                0x00000b23       0x34 /opt/st/stm32cubeclt_1.21.0/GNU-tools-for-STM32/bin/../lib/gcc/arm-none-eabi/14.3.1/../../../../arm-none-eabi/lib/thumb/v7e-m+fp/hard/libc_nano.a(libc_a-reallocr.o)
 .ARM.attributes
                0x00000b57       0x34 /opt/st/stm32cubeclt_1.21.0/GNU-tools-for-STM32/bin/../lib/gcc/arm-none-eabi/14.3.1/../../../../arm-none-eabi/lib/thumb/v7e-m+fp/hard/libc_nano.a(libc_a-msizer.o)
 .ARM.attributes
                0x00000b8b       0x22 /opt/st/stm32cubeclt_1.21.0/GNU-tools-for-STM32/bin/../lib/gcc/arm-none-eabi/14.3.1/thumb/v7e-m+fp/hard/libgcc.a(_aeabi_uldivmod.o)
 .ARM.attributes
                0x00000bad       0x34 /opt/st/stm32cubeclt_1.21.0/GNU-tools-for-STM32/bin/../lib/gcc/arm-none-eabi/14.3.1/thumb/v7e-m+fp/hard/libgcc.a(_udivmoddi4.o)
 .ARM.attributes
                0x00000be1       0x22 /opt/st/stm32cubeclt_1.21.0/GNU-tools-for-STM32/bin/../lib/gcc/arm-none-eabi/14.3.1/thumb/v7e-m+fp/hard/libgcc.a(_dvmd_tls.o)
 .ARM.attributes
                0x00000c03       0x22 /opt/st/stm32cubeclt_1.21.0/GNU-tools-for-STM32/bin/../lib/gcc/arm-none-eabi/14.3.1/thumb/v7e-m+fp/hard/crtn.o

.comment        0x00000000       0x43
 .comment       0x00000000       0x43 build/main.o
                                 0x44 (size before relaxing)
 .comment       0x00000043       0x44 build/ssd1306.o
 .comment       0x00000043       0x44 build/ssd1306_fonts.o
 .comment       0x00000043       0x44 build/gpio.o
 .comment       0x00000043       0x44 build/i2c.o
 .comment       0x00000043       0x44 build/i2s.o
 .comment       0x00000043       0x44 build/usart.o
 .comment       0x00000043       0x44 build/stm32f4xx_it.o
 .comment       0x00000043       0x44 build/stm32f4xx_hal_msp.o
 .comment       0x00000043       0x44 build/usbh_conf.o
 .comment       0x00000043       0x44 build/usbh_platform.o
 .comment       0x00000043       0x44 build/usb_host.o
 .comment       0x00000043       0x44 build/stm32f4xx_hal_hcd.o
 .comment       0x00000043       0x44 build/stm32f4xx_ll_usb.o
 .comment       0x00000043       0x44 build/stm32f4xx_hal_rcc.o
 .comment       0x00000043       0x44 build/stm32f4xx_hal_rcc_ex.o
 .comment       0x00000043       0x44 build/stm32f4xx_hal_gpio.o
 .comment       0x00000043       0x44 build/stm32f4xx_hal_cortex.o
 .comment       0x00000043       0x44 build/stm32f4xx_hal.o
 .comment       0x00000043       0x44 build/stm32f4xx_hal_i2c.o
 .comment       0x00000043       0x44 build/stm32f4xx_hal_i2s.o
 .comment       0x00000043       0x44 build/stm32f4xx_hal_i2s_ex.o
 .comment       0x00000043       0x44 build/stm32f4xx_hal_uart.o
 .comment       0x00000043       0x44 build/system_stm32f4xx.o
 .comment       0x00000043       0x44 build/usbh_core.o
 .comment       0x00000043       0x44 build/usbh_ctlreq.o
 .comment       0x00000043       0x44 build/usbh_ioreq.o
 .comment       0x00000043       0x44 build/usbh_pipes.o
 .comment       0x00000043       0x44 build/usbh_cdc.o
 .comment       0x00000043       0x44 build/sysmem.o
 .comment       0x00000043       0x44 build/tim.o
 .comment       0x00000043       0x44 build/stm32f4xx_hal_tim.o
 .comment       0x00000043       0x44 build/stm32f4xx_hal_tim_ex.o
 .comment       0x00000043       0x44 build/adc.o
 .comment       0x00000043       0x44 build/stm32f4xx_hal_adc.o

.debug_info     0x00000000    0x2adc5
 .debug_info    0x00000000     0x169d build/main.o
 .debug_info    0x0000169d     0x1eff build/ssd1306.o
 .debug_info    0x0000359c      0x2db build/ssd1306_fonts.o
 .debug_info    0x00003877      0x69b build/gpio.o
 .debug_info    0x00003f12      0xb82 build/i2c.o
 .debug_info    0x00004a94      0xc3d build/i2s.o
 .debug_info    0x000056d1      0xb12 build/usart.o
 .debug_info    0x000061e3      0x7b0 build/stm32f4xx_it.o
 .debug_info    0x00006993      0x314 build/stm32f4xx_hal_msp.o
 .debug_info    0x00006ca7     0x2382 build/usbh_conf.o
 .debug_info    0x00009029      0x225 build/usbh_platform.o
 .debug_info    0x0000924e      0xc12 build/usb_host.o
 .debug_info    0x00009e60     0x1b56 build/stm32f4xx_hal_hcd.o
 .debug_info    0x0000b9b6     0x2202 build/stm32f4xx_ll_usb.o
 .debug_info    0x0000dbb8      0xc20 build/stm32f4xx_hal_rcc.o
 .debug_info    0x0000e7d8      0x700 build/stm32f4xx_hal_rcc_ex.o
 .debug_info    0x0000eed8      0x848 build/stm32f4xx_hal_gpio.o
 .debug_info    0x0000f720     0x11e0 build/stm32f4xx_hal_cortex.o
 .debug_info    0x00010900      0xafa build/stm32f4xx_hal.o
 .debug_info    0x000113fa     0x3c10 build/stm32f4xx_hal_i2c.o
 .debug_info    0x0001500a     0x1318 build/stm32f4xx_hal_i2s.o
 .debug_info    0x00016322      0xecd build/stm32f4xx_hal_i2s_ex.o
 .debug_info    0x000171ef     0x43b5 build/stm32f4xx_hal_uart.o
 .debug_info    0x0001b5a4      0x5b3 build/system_stm32f4xx.o
 .debug_info    0x0001bb57     0x1806 build/usbh_core.o
 .debug_info    0x0001d35d     0x15ff build/usbh_ctlreq.o
 .debug_info    0x0001e95c     0x110f build/usbh_ioreq.o
 .debug_info    0x0001fa6b      0xcd5 build/usbh_pipes.o
 .debug_info    0x00020740     0x1b0e build/usbh_cdc.o
 .debug_info    0x0002224e      0x18c build/sysmem.o
 .debug_info    0x000223da      0xe6b build/tim.o
 .debug_info    0x00023245     0x41a0 build/stm32f4xx_hal_tim.o
 .debug_info    0x000273e5     0x1d97 build/stm32f4xx_hal_tim_ex.o
 .debug_info    0x0002917c      0xbbf build/adc.o
 .debug_info    0x00029d3b     0x105a build/stm32f4xx_hal_adc.o
 .debug_info    0x0002ad95       0x30 build/startup_stm32f407xx.o

.debug_abbrev   0x00000000     0x55d4
 .debug_abbrev  0x00000000      0x2d5 build/main.o
 .debug_abbrev  0x000002d5      0x3b6 build/ssd1306.o
 .debug_abbrev  0x0000068b       0xc4 build/ssd1306_fonts.o
 .debug_abbrev  0x0000074f      0x160 build/gpio.o
 .debug_abbrev  0x000008af      0x208 build/i2c.o
 .debug_abbrev  0x00000ab7      0x208 build/i2s.o
 .debug_abbrev  0x00000cbf      0x20f build/usart.o
 .debug_abbrev  0x00000ece      0x183 build/stm32f4xx_it.o
 .debug_abbrev  0x00001051       0xfd build/stm32f4xx_hal_msp.o
 .debug_abbrev  0x0000114e      0x3dd build/usbh_conf.o
 .debug_abbrev  0x0000152b      0x12e build/usbh_platform.o
 .debug_abbrev  0x00001659      0x293 build/usb_host.o
 .debug_abbrev  0x000018ec      0x2d6 build/stm32f4xx_hal_hcd.o
 .debug_abbrev  0x00001bc2      0x344 build/stm32f4xx_ll_usb.o
 .debug_abbrev  0x00001f06      0x2de build/stm32f4xx_hal_rcc.o
 .debug_abbrev  0x000021e4      0x1dc build/stm32f4xx_hal_rcc_ex.o
 .debug_abbrev  0x000023c0      0x22b build/stm32f4xx_hal_gpio.o
 .debug_abbrev  0x000025eb      0x3ca build/stm32f4xx_hal_cortex.o
 .debug_abbrev  0x000029b5      0x244 build/stm32f4xx_hal.o
 .debug_abbrev  0x00002bf9      0x328 build/stm32f4xx_hal_i2c.o
 .debug_abbrev  0x00002f21      0x2b0 build/stm32f4xx_hal_i2s.o
 .debug_abbrev  0x000031d1      0x2aa build/stm32f4xx_hal_i2s_ex.o
 .debug_abbrev  0x0000347b      0x366 build/stm32f4xx_hal_uart.o
 .debug_abbrev  0x000037e1      0x11b build/system_stm32f4xx.o
 .debug_abbrev  0x000038fc      0x383 build/usbh_core.o
 .debug_abbrev  0x00003c7f      0x353 build/usbh_ctlreq.o
 .debug_abbrev  0x00003fd2      0x23d build/usbh_ioreq.o
 .debug_abbrev  0x0000420f      0x2a3 build/usbh_pipes.o
 .debug_abbrev  0x000044b2      0x37f build/usbh_cdc.o
 .debug_abbrev  0x00004831       0xeb build/sysmem.o
 .debug_abbrev  0x0000491c      0x258 build/tim.o
 .debug_abbrev  0x00004b74      0x2bd build/stm32f4xx_hal_tim.o
 .debug_abbrev  0x00004e31      0x2b7 build/stm32f4xx_hal_tim_ex.o
 .debug_abbrev  0x000050e8      0x208 build/adc.o
 .debug_abbrev  0x000052f0      0x2c7 build/stm32f4xx_hal_adc.o
 .debug_abbrev  0x000055b7       0x1d build/startup_stm32f407xx.o

.debug_loc      0x00000000    0x216db
 .debug_loc     0x00000000       0xef build/main.o
 .debug_loc     0x000000ef     0x1b26 build/ssd1306.o
 .debug_loc     0x00001c15       0x39 build/gpio.o
 .debug_loc     0x00001c4e       0xfd build/i2c.o
 .debug_loc     0x00001d4b      0x122 build/i2s.o
 .debug_loc     0x00001e6d      0x120 build/usart.o
 .debug_loc     0x00001f8d       0x40 build/stm32f4xx_it.o
 .debug_loc     0x00001fcd       0x38 build/stm32f4xx_hal_msp.o
 .debug_loc     0x00002005      0xccd build/usbh_conf.o
 .debug_loc     0x00002cd2       0x6d build/usbh_platform.o
 .debug_loc     0x00002d3f       0x40 build/usb_host.o
 .debug_loc     0x00002d7f     0x1065 build/stm32f4xx_hal_hcd.o
 .debug_loc     0x00003de4     0x2a90 build/stm32f4xx_ll_usb.o
 .debug_loc     0x00006874      0x712 build/stm32f4xx_hal_rcc.o
 .debug_loc     0x00006f86      0x453 build/stm32f4xx_hal_rcc_ex.o
 .debug_loc     0x000073d9      0x60b build/stm32f4xx_hal_gpio.o
 .debug_loc     0x000079e4      0x8ff build/stm32f4xx_hal_cortex.o
 .debug_loc     0x000082e3      0x1f9 build/stm32f4xx_hal.o
 .debug_loc     0x000084dc     0x544e build/stm32f4xx_hal_i2c.o
 .debug_loc     0x0000d92a     0x13e5 build/stm32f4xx_hal_i2s.o
 .debug_loc     0x0000ed0f      0xc54 build/stm32f4xx_hal_i2s_ex.o
 .debug_loc     0x0000f963     0x507d build/stm32f4xx_hal_uart.o
 .debug_loc     0x000149e0       0xb0 build/system_stm32f4xx.o
 .debug_loc     0x00014a90      0xb48 build/usbh_core.o
 .debug_loc     0x000155d8     0x15d5 build/usbh_ctlreq.o
 .debug_loc     0x00016bad      0x8bb build/usbh_ioreq.o
 .debug_loc     0x00017468      0x2f2 build/usbh_pipes.o
 .debug_loc     0x0001775a      0x9af build/usbh_cdc.o
 .debug_loc     0x00018109       0x90 build/sysmem.o
 .debug_loc     0x00018199      0x104 build/tim.o
 .debug_loc     0x0001829d     0x6083 build/stm32f4xx_hal_tim.o
 .debug_loc     0x0001e320     0x22c1 build/stm32f4xx_hal_tim_ex.o
 .debug_loc     0x000205e1      0x144 build/adc.o
 .debug_loc     0x00020725      0xfb6 build/stm32f4xx_hal_adc.o

.debug_aranges  0x00000000     0x1938
 .debug_aranges
                0x00000000       0x38 build/main.o
 .debug_aranges
                0x00000038       0xe8 build/ssd1306.o
 .debug_aranges
                0x00000120       0x18 build/ssd1306_fonts.o
 .debug_aranges
                0x00000138       0x20 build/gpio.o
 .debug_aranges
                0x00000158       0x30 build/i2c.o
 .debug_aranges
                0x00000188       0x30 build/i2s.o
 .debug_aranges
                0x000001b8       0x30 build/usart.o
 .debug_aranges
                0x000001e8       0x68 build/stm32f4xx_it.o
 .debug_aranges
                0x00000250       0x20 build/stm32f4xx_hal_msp.o
 .debug_aranges
                0x00000270       0xe0 build/usbh_conf.o
 .debug_aranges
                0x00000350       0x20 build/usbh_platform.o
 .debug_aranges
                0x00000370       0x30 build/usb_host.o
 .debug_aranges
                0x000003a0      0x108 build/stm32f4xx_hal_hcd.o
 .debug_aranges
                0x000004a8      0x1a0 build/stm32f4xx_ll_usb.o
 .debug_aranges
                0x00000648       0x88 build/stm32f4xx_hal_rcc.o
 .debug_aranges
                0x000006d0       0x48 build/stm32f4xx_hal_rcc_ex.o
 .debug_aranges
                0x00000718       0x58 build/stm32f4xx_hal_gpio.o
 .debug_aranges
                0x00000770       0xf8 build/stm32f4xx_hal_cortex.o
 .debug_aranges
                0x00000868       0xf0 build/stm32f4xx_hal.o
 .debug_aranges
                0x00000958      0x2a8 build/stm32f4xx_hal_i2c.o
 .debug_aranges
                0x00000c00      0x108 build/stm32f4xx_hal_i2s.o
 .debug_aranges
                0x00000d08       0x88 build/stm32f4xx_hal_i2s_ex.o
 .debug_aranges
                0x00000d90      0x208 build/stm32f4xx_hal_uart.o
 .debug_aranges
                0x00000f98       0x28 build/system_stm32f4xx.o
 .debug_aranges
                0x00000fc0       0xc0 build/usbh_core.o
 .debug_aranges
                0x00001080       0xa0 build/usbh_ctlreq.o
 .debug_aranges
                0x00001120       0x60 build/usbh_ioreq.o
 .debug_aranges
                0x00001180       0x40 build/usbh_pipes.o
 .debug_aranges
                0x000011c0       0xa8 build/usbh_cdc.o
 .debug_aranges
                0x00001268       0x20 build/sysmem.o
 .debug_aranges
                0x00001288       0x38 build/tim.o
 .debug_aranges
                0x000012c0      0x3d0 build/stm32f4xx_hal_tim.o
 .debug_aranges
                0x00001690      0x168 build/stm32f4xx_hal_tim_ex.o
 .debug_aranges
                0x000017f8       0x30 build/adc.o
 .debug_aranges
                0x00001828       0xe8 build/stm32f4xx_hal_adc.o
 .debug_aranges
                0x00001910       0x28 build/startup_stm32f407xx.o

.debug_ranges   0x00000000     0x1808
 .debug_ranges  0x00000000       0x28 build/main.o
 .debug_ranges  0x00000028      0x170 build/ssd1306.o
 .debug_ranges  0x00000198       0x10 build/gpio.o
 .debug_ranges  0x000001a8       0x20 build/i2c.o
 .debug_ranges  0x000001c8       0x20 build/i2s.o
 .debug_ranges  0x000001e8       0x20 build/usart.o
 .debug_ranges  0x00000208       0x58 build/stm32f4xx_it.o
 .debug_ranges  0x00000260       0x10 build/stm32f4xx_hal_msp.o
 .debug_ranges  0x00000270       0xd0 build/usbh_conf.o
 .debug_ranges  0x00000340       0x10 build/usbh_platform.o
 .debug_ranges  0x00000350       0x20 build/usb_host.o
 .debug_ranges  0x00000370       0xf8 build/stm32f4xx_hal_hcd.o
 .debug_ranges  0x00000468      0x190 build/stm32f4xx_ll_usb.o
 .debug_ranges  0x000005f8       0x90 build/stm32f4xx_hal_rcc.o
 .debug_ranges  0x00000688       0x38 build/stm32f4xx_hal_rcc_ex.o
 .debug_ranges  0x000006c0       0x48 build/stm32f4xx_hal_gpio.o
 .debug_ranges  0x00000708       0xe8 build/stm32f4xx_hal_cortex.o
 .debug_ranges  0x000007f0       0xe0 build/stm32f4xx_hal.o
 .debug_ranges  0x000008d0      0x2b0 build/stm32f4xx_hal_i2c.o
 .debug_ranges  0x00000b80      0x128 build/stm32f4xx_hal_i2s.o
 .debug_ranges  0x00000ca8       0x90 build/stm32f4xx_hal_i2s_ex.o
 .debug_ranges  0x00000d38      0x1f8 build/stm32f4xx_hal_uart.o
 .debug_ranges  0x00000f30       0x18 build/system_stm32f4xx.o
 .debug_ranges  0x00000f48       0xb0 build/usbh_core.o
 .debug_ranges  0x00000ff8       0x90 build/usbh_ctlreq.o
 .debug_ranges  0x00001088       0x50 build/usbh_ioreq.o
 .debug_ranges  0x000010d8       0x30 build/usbh_pipes.o
 .debug_ranges  0x00001108       0x98 build/usbh_cdc.o
 .debug_ranges  0x000011a0       0x10 build/sysmem.o
 .debug_ranges  0x000011b0       0x28 build/tim.o
 .debug_ranges  0x000011d8      0x3c0 build/stm32f4xx_hal_tim.o
 .debug_ranges  0x00001598      0x158 build/stm32f4xx_hal_tim_ex.o
 .debug_ranges  0x000016f0       0x20 build/adc.o
 .debug_ranges  0x00001710       0xd8 build/stm32f4xx_hal_adc.o
 .debug_ranges  0x000017e8       0x20 build/startup_stm32f407xx.o

.debug_line     0x00000000    0x1da35
 .debug_line    0x00000000      0x45a build/main.o
 .debug_line    0x0000045a      0xdbb build/ssd1306.o
 .debug_line    0x00001215      0x11b build/ssd1306_fonts.o
 .debug_line    0x00001330      0x2e5 build/gpio.o
 .debug_line    0x00001615      0x2c4 build/i2c.o
 .debug_line    0x000018d9      0x34e build/i2s.o
 .debug_line    0x00001c27      0x2c3 build/usart.o
 .debug_line    0x00001eea      0x28e build/stm32f4xx_it.o
 .debug_line    0x00002178      0x190 build/stm32f4xx_hal_msp.o
 .debug_line    0x00002308      0x6f9 build/usbh_conf.o
 .debug_line    0x00002a01      0x195 build/usbh_platform.o
 .debug_line    0x00002b96      0x23a build/usb_host.o
 .debug_line    0x00002dd0     0x1475 build/stm32f4xx_hal_hcd.o
 .debug_line    0x00004245     0x1f71 build/stm32f4xx_ll_usb.o
 .debug_line    0x000061b6      0xbc0 build/stm32f4xx_hal_rcc.o
 .debug_line    0x00006d76      0x643 build/stm32f4xx_hal_rcc_ex.o
 .debug_line    0x000073b9      0x6f3 build/stm32f4xx_hal_gpio.o
 .debug_line    0x00007aac      0x828 build/stm32f4xx_hal_cortex.o
 .debug_line    0x000082d4      0x567 build/stm32f4xx_hal.o
 .debug_line    0x0000883b     0x53c7 build/stm32f4xx_hal_i2c.o
 .debug_line    0x0000dc02     0x139a build/stm32f4xx_hal_i2s.o
 .debug_line    0x0000ef9c      0xfe7 build/stm32f4xx_hal_i2s_ex.o
 .debug_line    0x0000ff83     0x340c build/stm32f4xx_hal_uart.o
 .debug_line    0x0001338f      0x24b build/system_stm32f4xx.o
 .debug_line    0x000135da      0xe29 build/usbh_core.o
 .debug_line    0x00014403      0xd29 build/usbh_ctlreq.o
 .debug_line    0x0001512c      0x2d7 build/usbh_ioreq.o
 .debug_line    0x00015403      0x261 build/usbh_pipes.o
 .debug_line    0x00015664      0xa25 build/usbh_cdc.o
 .debug_line    0x00016089      0x1bd build/sysmem.o
 .debug_line    0x00016246      0x370 build/tim.o
 .debug_line    0x000165b6     0x469d build/stm32f4xx_hal_tim.o
 .debug_line    0x0001ac53     0x19f5 build/stm32f4xx_hal_tim_ex.o
 .debug_line    0x0001c648      0x30e build/adc.o
 .debug_line    0x0001c956     0x106c build/stm32f4xx_hal_adc.o
 .debug_line    0x0001d9c2       0x73 build/startup_stm32f407xx.o

.debug_str      0x00000000     0x7a1a
 .debug_str     0x00000000     0x7a1a build/main.o
                                0xeea (size before relaxing)
 .debug_str     0x00007a1a      0xb40 build/ssd1306.o
 .debug_str     0x00007a1a      0x225 build/ssd1306_fonts.o
 .debug_str     0x00007a1a      0x353 build/gpio.o
 .debug_str     0x00007a1a      0x871 build/i2c.o
 .debug_str     0x00007a1a      0x859 build/i2s.o
 .debug_str     0x00007a1a      0x7fd build/usart.o
 .debug_str     0x00007a1a      0x6c4 build/stm32f4xx_it.o
 .debug_str     0x00007a1a      0x29f build/stm32f4xx_hal_msp.o
 .debug_str     0x00007a1a     0x19a6 build/usbh_conf.o
 .debug_str     0x00007a1a      0x225 build/usbh_platform.o
 .debug_str     0x00007a1a      0xa87 build/usb_host.o
 .debug_str     0x00007a1a      0xc24 build/stm32f4xx_hal_hcd.o
 .debug_str     0x00007a1a      0xcf5 build/stm32f4xx_ll_usb.o
 .debug_str     0x00007a1a      0x6cd build/stm32f4xx_hal_rcc.o
 .debug_str     0x00007a1a      0x48e build/stm32f4xx_hal_rcc_ex.o
 .debug_str     0x00007a1a      0x4a7 build/stm32f4xx_hal_gpio.o
 .debug_str     0x00007a1a      0xc3c build/stm32f4xx_hal_cortex.o
 .debug_str     0x00007a1a      0xb2b build/stm32f4xx_hal.o
 .debug_str     0x00007a1a     0x1004 build/stm32f4xx_hal_i2c.o
 .debug_str     0x00007a1a      0x917 build/stm32f4xx_hal_i2s.o
 .debug_str     0x00007a1a      0x82f build/stm32f4xx_hal_i2s_ex.o
 .debug_str     0x00007a1a      0xd62 build/stm32f4xx_hal_uart.o
 .debug_str     0x00007a1a      0x33c build/system_stm32f4xx.o
 .debug_str     0x00007a1a      0xcdb build/usbh_core.o
 .debug_str     0x00007a1a      0xcc7 build/usbh_ctlreq.o
 .debug_str     0x00007a1a      0xaba build/usbh_ioreq.o
 .debug_str     0x00007a1a      0xa50 build/usbh_pipes.o
 .debug_str     0x00007a1a     0x113f build/usbh_cdc.o
 .debug_str     0x00007a1a      0x1ec build/sysmem.o
 .debug_str     0x00007a1a      0xa62 build/tim.o
 .debug_str     0x00007a1a     0x16c6 build/stm32f4xx_hal_tim.o
 .debug_str     0x00007a1a      0xed2 build/stm32f4xx_hal_tim_ex.o
 .debug_str     0x00007a1a      0x7b4 build/adc.o
 .debug_str     0x00007a1a      0x929 build/stm32f4xx_hal_adc.o
 .debug_str     0x00007a1a       0x49 build/startup_stm32f407xx.o

.debug_frame    0x00000000     0x4bc8
 .debug_frame   0x00000000       0x7c build/main.o
 .debug_frame   0x0000007c      0x398 build/ssd1306.o
 .debug_frame   0x00000414       0x3c build/gpio.o
 .debug_frame   0x00000450       0x64 build/i2c.o
 .debug_frame   0x000004b4       0x68 build/i2s.o
 .debug_frame   0x0000051c       0x60 build/usart.o
 .debug_frame   0x0000057c       0xc0 build/stm32f4xx_it.o
 .debug_frame   0x0000063c       0x2c build/stm32f4xx_hal_msp.o
 .debug_frame   0x00000668      0x258 build/usbh_conf.o
 .debug_frame   0x000008c0       0x28 build/usbh_platform.o
 .debug_frame   0x000008e8       0x50 build/usb_host.o
 .debug_frame   0x00000938      0x2dc build/stm32f4xx_hal_hcd.o
 .debug_frame   0x00000c14      0x48c build/stm32f4xx_ll_usb.o
 .debug_frame   0x000010a0      0x16c build/stm32f4xx_hal_rcc.o
 .debug_frame   0x0000120c       0xa4 build/stm32f4xx_hal_rcc_ex.o
 .debug_frame   0x000012b0       0xd8 build/stm32f4xx_hal_gpio.o
 .debug_frame   0x00001388      0x214 build/stm32f4xx_hal_cortex.o
 .debug_frame   0x0000159c      0x1ec build/stm32f4xx_hal.o
 .debug_frame   0x00001788      0x984 build/stm32f4xx_hal_i2c.o
 .debug_frame   0x0000210c      0x304 build/stm32f4xx_hal_i2s.o
 .debug_frame   0x00002410      0x18c build/stm32f4xx_hal_i2s_ex.o
 .debug_frame   0x0000259c      0x5e0 build/stm32f4xx_hal_uart.o
 .debug_frame   0x00002b7c       0x30 build/system_stm32f4xx.o
 .debug_frame   0x00002bac      0x1f4 build/usbh_core.o
 .debug_frame   0x00002da0      0x1e0 build/usbh_ctlreq.o
 .debug_frame   0x00002f80      0x130 build/usbh_ioreq.o
 .debug_frame   0x000030b0       0x84 build/usbh_pipes.o
 .debug_frame   0x00003134      0x1b0 build/usbh_cdc.o
 .debug_frame   0x000032e4       0x28 build/sysmem.o
 .debug_frame   0x0000330c       0x78 build/tim.o
 .debug_frame   0x00003384      0xb04 build/stm32f4xx_hal_tim.o
 .debug_frame   0x00003e88      0x40c build/stm32f4xx_hal_tim_ex.o
 .debug_frame   0x00004294       0x68 build/adc.o
 .debug_frame   0x000042fc      0x264 build/stm32f4xx_hal_adc.o
 .debug_frame   0x00004560       0x30 /opt/st/stm32cubeclt_1.21.0/GNU-tools-for-STM32/bin/../lib/gcc/arm-none-eabi/14.3.1/../../../../arm-none-eabi/lib/thumb/v7e-m+fp/hard/libc_nano.a(libc_a-malloc.o)
 .debug_frame   0x00004590       0x50 /opt/st/stm32cubeclt_1.21.0/GNU-tools-for-STM32/bin/../lib/gcc/arm-none-eabi/14.3.1/../../../../arm-none-eabi/lib/thumb/v7e-m+fp/hard/libc_nano.a(libc_a-mallocr.o)
 .debug_frame   0x000045e0       0x30 /opt/st/stm32cubeclt_1.21.0/GNU-tools-for-STM32/bin/../lib/gcc/arm-none-eabi/14.3.1/../../../../arm-none-eabi/lib/thumb/v7e-m+fp/hard/libc_nano.a(libc_a-mlock.o)
 .debug_frame   0x00004610      0x144 /opt/st/stm32cubeclt_1.21.0/GNU-tools-for-STM32/bin/../lib/gcc/arm-none-eabi/14.3.1/../../../../arm-none-eabi/lib/thumb/v7e-m+fp/hard/libc_nano.a(libc_a-findfp.o)
 .debug_frame   0x00004754       0x74 /opt/st/stm32cubeclt_1.21.0/GNU-tools-for-STM32/bin/../lib/gcc/arm-none-eabi/14.3.1/../../../../arm-none-eabi/lib/thumb/v7e-m+fp/hard/libc_nano.a(libc_a-sprintf.o)
 .debug_frame   0x000047c8       0x20 /opt/st/stm32cubeclt_1.21.0/GNU-tools-for-STM32/bin/../lib/gcc/arm-none-eabi/14.3.1/../../../../arm-none-eabi/lib/thumb/v7e-m+fp/hard/libc_nano.a(libc_a-memset.o)
 .debug_frame   0x000047e8       0x38 /opt/st/stm32cubeclt_1.21.0/GNU-tools-for-STM32/bin/../lib/gcc/arm-none-eabi/14.3.1/../../../../arm-none-eabi/lib/thumb/v7e-m+fp/hard/libc_nano.a(libc_a-reent.o)
 .debug_frame   0x00004820       0x2c /opt/st/stm32cubeclt_1.21.0/GNU-tools-for-STM32/bin/../lib/gcc/arm-none-eabi/14.3.1/../../../../arm-none-eabi/lib/thumb/v7e-m+fp/hard/libc_nano.a(libc_a-sbrkr.o)
 .debug_frame   0x0000484c       0x20 /opt/st/stm32cubeclt_1.21.0/GNU-tools-for-STM32/bin/../lib/gcc/arm-none-eabi/14.3.1/../../../../arm-none-eabi/lib/thumb/v7e-m+fp/hard/libc_nano.a(libc_a-errno.o)
 .debug_frame   0x0000486c       0x2c /opt/st/stm32cubeclt_1.21.0/GNU-tools-for-STM32/bin/../lib/gcc/arm-none-eabi/14.3.1/../../../../arm-none-eabi/lib/thumb/v7e-m+fp/hard/libc_nano.a(libc_a-init.o)
 .debug_frame   0x00004898       0xb0 /opt/st/stm32cubeclt_1.21.0/GNU-tools-for-STM32/bin/../lib/gcc/arm-none-eabi/14.3.1/../../../../arm-none-eabi/lib/thumb/v7e-m+fp/hard/libc_nano.a(libc_a-lock.o)
 .debug_frame   0x00004948       0x28 /opt/st/stm32cubeclt_1.21.0/GNU-tools-for-STM32/bin/../lib/gcc/arm-none-eabi/14.3.1/../../../../arm-none-eabi/lib/thumb/v7e-m+fp/hard/libc_nano.a(libc_a-memcpy-stub.o)
 .debug_frame   0x00004970       0x38 /opt/st/stm32cubeclt_1.21.0/GNU-tools-for-STM32/bin/../lib/gcc/arm-none-eabi/14.3.1/../../../../arm-none-eabi/lib/thumb/v7e-m+fp/hard/libc_nano.a(libc_a-freer.o)
 .debug_frame   0x000049a8       0x90 /opt/st/stm32cubeclt_1.21.0/GNU-tools-for-STM32/bin/../lib/gcc/arm-none-eabi/14.3.1/../../../../arm-none-eabi/lib/thumb/v7e-m+fp/hard/libc_nano.a(libc_a-nano-svfprintf.o)
 .debug_frame   0x00004a38       0x60 /opt/st/stm32cubeclt_1.21.0/GNU-tools-for-STM32/bin/../lib/gcc/arm-none-eabi/14.3.1/../../../../arm-none-eabi/lib/thumb/v7e-m+fp/hard/libc_nano.a(libc_a-nano-vfprintf_i.o)
 .debug_frame   0x00004a98       0x28 /opt/st/stm32cubeclt_1.21.0/GNU-tools-for-STM32/bin/../lib/gcc/arm-none-eabi/14.3.1/../../../../arm-none-eabi/lib/thumb/v7e-m+fp/hard/libc_nano.a(libc_a-memmove.o)
 .debug_frame   0x00004ac0       0x4c /opt/st/stm32cubeclt_1.21.0/GNU-tools-for-STM32/bin/../lib/gcc/arm-none-eabi/14.3.1/../../../../arm-none-eabi/lib/thumb/v7e-m+fp/hard/libc_nano.a(libc_a-memchr.o)
 .debug_frame   0x00004b0c       0x3c /opt/st/stm32cubeclt_1.21.0/GNU-tools-for-STM32/bin/../lib/gcc/arm-none-eabi/14.3.1/../../../../arm-none-eabi/lib/thumb/v7e-m+fp/hard/libc_nano.a(libc_a-reallocr.o)
 .debug_frame   0x00004b48       0x20 /opt/st/stm32cubeclt_1.21.0/GNU-tools-for-STM32/bin/../lib/gcc/arm-none-eabi/14.3.1/../../../../arm-none-eabi/lib/thumb/v7e-m+fp/hard/libc_nano.a(libc_a-msizer.o)
 .debug_frame   0x00004b68       0x2c /opt/st/stm32cubeclt_1.21.0/GNU-tools-for-STM32/bin/../lib/gcc/arm-none-eabi/14.3.1/thumb/v7e-m+fp/hard/libgcc.a(_aeabi_uldivmod.o)
 .debug_frame   0x00004b94       0x34 /opt/st/stm32cubeclt_1.21.0/GNU-tools-for-STM32/bin/../lib/gcc/arm-none-eabi/14.3.1/thumb/v7e-m+fp/hard/libgcc.a(_udivmoddi4.o)

Cross Reference Table

Symbol                                            File
ADC_IRQHandler                                    build/startup_stm32f407xx.o
AHBPrescTable                                     build/system_stm32f4xx.o
                                                  build/stm32f4xx_hal_rcc.o
APBPrescTable                                     build/system_stm32f4xx.o
                                                  build/stm32f4xx_hal_rcc.o
Appli_state                                       build/usb_host.o
BusFault_Handler                                  build/stm32f4xx_it.o
CAN1_RX0_IRQHandler                               build/startup_stm32f407xx.o
CAN1_RX1_IRQHandler                               build/startup_stm32f407xx.o
CAN1_SCE_IRQHandler                               build/startup_stm32f407xx.o
CAN1_TX_IRQHandler                                build/startup_stm32f407xx.o
CAN2_RX0_IRQHandler                               build/startup_stm32f407xx.o
CAN2_RX1_IRQHandler                               build/startup_stm32f407xx.o
CAN2_SCE_IRQHandler                               build/startup_stm32f407xx.o
CAN2_TX_IRQHandler                                build/startup_stm32f407xx.o
CDC_Class                                         build/usbh_cdc.o
                                                  build/usb_host.o
DCMI_IRQHandler                                   build/startup_stm32f407xx.o
DMA1_Stream0_IRQHandler                           build/startup_stm32f407xx.o
DMA1_Stream1_IRQHandler                           build/startup_stm32f407xx.o
DMA1_Stream2_IRQHandler                           build/startup_stm32f407xx.o
DMA1_Stream3_IRQHandler                           build/startup_stm32f407xx.o
DMA1_Stream4_IRQHandler                           build/startup_stm32f407xx.o
DMA1_Stream5_IRQHandler                           build/startup_stm32f407xx.o
DMA1_Stream6_IRQHandler                           build/startup_stm32f407xx.o
DMA1_Stream7_IRQHandler                           build/startup_stm32f407xx.o
DMA2_Stream0_IRQHandler                           build/startup_stm32f407xx.o
DMA2_Stream1_IRQHandler                           build/startup_stm32f407xx.o
DMA2_Stream2_IRQHandler                           build/startup_stm32f407xx.o
DMA2_Stream3_IRQHandler                           build/startup_stm32f407xx.o
DMA2_Stream4_IRQHandler                           build/startup_stm32f407xx.o
DMA2_Stream5_IRQHandler                           build/startup_stm32f407xx.o
DMA2_Stream6_IRQHandler                           build/startup_stm32f407xx.o
DMA2_Stream7_IRQHandler                           build/startup_stm32f407xx.o
DebugMon_Handler                                  build/stm32f4xx_it.o
Default_Handler                                   build/startup_stm32f407xx.o
ETH_IRQHandler                                    build/startup_stm32f407xx.o
ETH_WKUP_IRQHandler                               build/startup_stm32f407xx.o
EXTI0_IRQHandler                                  build/startup_stm32f407xx.o
EXTI15_10_IRQHandler                              build/startup_stm32f407xx.o
EXTI1_IRQHandler                                  build/startup_stm32f407xx.o
EXTI2_IRQHandler                                  build/startup_stm32f407xx.o
EXTI3_IRQHandler                                  build/startup_stm32f407xx.o
EXTI4_IRQHandler                                  build/startup_stm32f407xx.o
EXTI9_5_IRQHandler                                build/startup_stm32f407xx.o
Error_Handler                                     build/main.o
                                                  build/adc.o
                                                  build/tim.o