ARM GAS  /tmp/ccHHjnqY.s 			page 1


   1              		.cpu cortex-m4
   2              		.arch armv7e-m
   3              		.fpu fpv4-sp-d16
   4              		.eabi_attribute 27, 1
   5              		.eabi_attribute 28, 1
   6              		.eabi_attribute 20, 1
   7              		.eabi_attribute 21, 1
   8              		.eabi_attribute 23, 3
   9              		.eabi_attribute 24, 1
  10              		.eabi_attribute 25, 1
  11              		.eabi_attribute 26, 1
  12              		.eabi_attribute 30, 1
  13              		.eabi_attribute 34, 1
  14              		.eabi_attribute 18, 4
  15              		.file	"tim.c"
  16              		.text
  17              	.Ltext0:
  18              		.cfi_sections	.debug_frame
  19              		.file 1 "Core/Src/tim.c"
  20              		.section	.text.HAL_TIM_Base_MspInit,"ax",%progbits
  21              		.align	1
  22              		.global	HAL_TIM_Base_MspInit
  23              		.syntax unified
  24              		.thumb
  25              		.thumb_func
  27              	HAL_TIM_Base_MspInit:
  28              	.LVL0:
  29              	.LFB241:
   1:Core/Src/tim.c **** /* USER CODE BEGIN Header */
   2:Core/Src/tim.c **** /**
   3:Core/Src/tim.c ****   ******************************************************************************
   4:Core/Src/tim.c ****   * @file    tim.c
   5:Core/Src/tim.c ****   * @brief   This file provides code for the configuration
   6:Core/Src/tim.c ****   *          of the TIM instances.
   7:Core/Src/tim.c ****   ******************************************************************************
   8:Core/Src/tim.c ****   * @attention
   9:Core/Src/tim.c ****   *
  10:Core/Src/tim.c ****   * Copyright (c) 2026 STMicroelectronics.
  11:Core/Src/tim.c ****   * All rights reserved.
  12:Core/Src/tim.c ****   *
  13:Core/Src/tim.c ****   * This software is licensed under terms that can be found in the LICENSE file
  14:Core/Src/tim.c ****   * in the root directory of this software component.
  15:Core/Src/tim.c ****   * If no LICENSE file comes with this software, it is provided AS-IS.
  16:Core/Src/tim.c ****   *
  17:Core/Src/tim.c ****   ******************************************************************************
  18:Core/Src/tim.c ****   */
  19:Core/Src/tim.c **** /* USER CODE END Header */
  20:Core/Src/tim.c **** /* Includes ------------------------------------------------------------------*/
  21:Core/Src/tim.c **** #include "tim.h"
  22:Core/Src/tim.c **** 
  23:Core/Src/tim.c **** /* USER CODE BEGIN 0 */
  24:Core/Src/tim.c **** 
  25:Core/Src/tim.c **** /* USER CODE END 0 */
  26:Core/Src/tim.c **** 
  27:Core/Src/tim.c **** TIM_HandleTypeDef htim3;
  28:Core/Src/tim.c **** TIM_HandleTypeDef htim4;
  29:Core/Src/tim.c **** 
ARM GAS  /tmp/ccHHjnqY.s 			page 2


  30:Core/Src/tim.c **** /* TIM3 init function */
  31:Core/Src/tim.c **** void MX_TIM3_Init(void)
  32:Core/Src/tim.c **** {
  33:Core/Src/tim.c **** 
  34:Core/Src/tim.c ****   /* USER CODE BEGIN TIM3_Init 0 */
  35:Core/Src/tim.c **** 
  36:Core/Src/tim.c ****   /* USER CODE END TIM3_Init 0 */
  37:Core/Src/tim.c **** 
  38:Core/Src/tim.c ****   TIM_ClockConfigTypeDef sClockSourceConfig = {0};
  39:Core/Src/tim.c ****   TIM_MasterConfigTypeDef sMasterConfig = {0};
  40:Core/Src/tim.c ****   TIM_OC_InitTypeDef sConfigOC = {0};
  41:Core/Src/tim.c **** 
  42:Core/Src/tim.c ****   /* USER CODE BEGIN TIM3_Init 1 */
  43:Core/Src/tim.c **** 
  44:Core/Src/tim.c ****   /* USER CODE END TIM3_Init 1 */
  45:Core/Src/tim.c ****   htim3.Instance = TIM3;
  46:Core/Src/tim.c ****   htim3.Init.Prescaler = 167;
  47:Core/Src/tim.c ****   htim3.Init.CounterMode = TIM_COUNTERMODE_UP;
  48:Core/Src/tim.c ****   htim3.Init.Period = 19999;
  49:Core/Src/tim.c ****   htim3.Init.ClockDivision = TIM_CLOCKDIVISION_DIV1;
  50:Core/Src/tim.c ****   htim3.Init.AutoReloadPreload = TIM_AUTORELOAD_PRELOAD_DISABLE;
  51:Core/Src/tim.c ****   if (HAL_TIM_Base_Init(&htim3) != HAL_OK)
  52:Core/Src/tim.c ****   {
  53:Core/Src/tim.c ****     Error_Handler();
  54:Core/Src/tim.c ****   }
  55:Core/Src/tim.c ****   sClockSourceConfig.ClockSource = TIM_CLOCKSOURCE_INTERNAL;
  56:Core/Src/tim.c ****   if (HAL_TIM_ConfigClockSource(&htim3, &sClockSourceConfig) != HAL_OK)
  57:Core/Src/tim.c ****   {
  58:Core/Src/tim.c ****     Error_Handler();
  59:Core/Src/tim.c ****   }
  60:Core/Src/tim.c ****   if (HAL_TIM_PWM_Init(&htim3) != HAL_OK)
  61:Core/Src/tim.c ****   {
  62:Core/Src/tim.c ****     Error_Handler();
  63:Core/Src/tim.c ****   }
  64:Core/Src/tim.c ****   sMasterConfig.MasterOutputTrigger = TIM_TRGO_RESET;
  65:Core/Src/tim.c ****   sMasterConfig.MasterSlaveMode = TIM_MASTERSLAVEMODE_DISABLE;
  66:Core/Src/tim.c ****   if (HAL_TIMEx_MasterConfigSynchronization(&htim3, &sMasterConfig) != HAL_OK)
  67:Core/Src/tim.c ****   {
  68:Core/Src/tim.c ****     Error_Handler();
  69:Core/Src/tim.c ****   }
  70:Core/Src/tim.c ****   sConfigOC.OCMode = TIM_OCMODE_PWM1;
  71:Core/Src/tim.c ****   sConfigOC.Pulse = 0;
  72:Core/Src/tim.c ****   sConfigOC.OCPolarity = TIM_OCPOLARITY_HIGH;
  73:Core/Src/tim.c ****   sConfigOC.OCFastMode = TIM_OCFAST_DISABLE;
  74:Core/Src/tim.c ****   if (HAL_TIM_PWM_ConfigChannel(&htim3, &sConfigOC, TIM_CHANNEL_1) != HAL_OK)
  75:Core/Src/tim.c ****   {
  76:Core/Src/tim.c ****     Error_Handler();
  77:Core/Src/tim.c ****   }
  78:Core/Src/tim.c ****   /* USER CODE BEGIN TIM3_Init 2 */
  79:Core/Src/tim.c **** 
  80:Core/Src/tim.c ****   /* USER CODE END TIM3_Init 2 */
  81:Core/Src/tim.c ****   HAL_TIM_MspPostInit(&htim3);
  82:Core/Src/tim.c **** 
  83:Core/Src/tim.c **** }
  84:Core/Src/tim.c **** /* TIM4 init function */
  85:Core/Src/tim.c **** void MX_TIM4_Init(void)
  86:Core/Src/tim.c **** {
ARM GAS  /tmp/ccHHjnqY.s 			page 3


  87:Core/Src/tim.c **** 
  88:Core/Src/tim.c ****   /* USER CODE BEGIN TIM4_Init 0 */
  89:Core/Src/tim.c **** 
  90:Core/Src/tim.c ****   /* USER CODE END TIM4_Init 0 */
  91:Core/Src/tim.c **** 
  92:Core/Src/tim.c ****   TIM_ClockConfigTypeDef sClockSourceConfig = {0};
  93:Core/Src/tim.c ****   TIM_MasterConfigTypeDef sMasterConfig = {0};
  94:Core/Src/tim.c ****   TIM_OC_InitTypeDef sConfigOC = {0};
  95:Core/Src/tim.c **** 
  96:Core/Src/tim.c ****   /* USER CODE BEGIN TIM4_Init 1 */
  97:Core/Src/tim.c **** 
  98:Core/Src/tim.c ****   /* USER CODE END TIM4_Init 1 */
  99:Core/Src/tim.c ****   htim4.Instance = TIM4;
 100:Core/Src/tim.c ****   htim4.Init.Prescaler = 167;
 101:Core/Src/tim.c ****   htim4.Init.CounterMode = TIM_COUNTERMODE_UP;
 102:Core/Src/tim.c ****   htim4.Init.Period = 999;
 103:Core/Src/tim.c ****   htim4.Init.ClockDivision = TIM_CLOCKDIVISION_DIV1;
 104:Core/Src/tim.c ****   htim4.Init.AutoReloadPreload = TIM_AUTORELOAD_PRELOAD_DISABLE;
 105:Core/Src/tim.c ****   if (HAL_TIM_Base_Init(&htim4) != HAL_OK)
 106:Core/Src/tim.c ****   {
 107:Core/Src/tim.c ****     Error_Handler();
 108:Core/Src/tim.c ****   }
 109:Core/Src/tim.c ****   sClockSourceConfig.ClockSource = TIM_CLOCKSOURCE_INTERNAL;
 110:Core/Src/tim.c ****   if (HAL_TIM_ConfigClockSource(&htim4, &sClockSourceConfig) != HAL_OK)
 111:Core/Src/tim.c ****   {
 112:Core/Src/tim.c ****     Error_Handler();
 113:Core/Src/tim.c ****   }
 114:Core/Src/tim.c ****   if (HAL_TIM_PWM_Init(&htim4) != HAL_OK)
 115:Core/Src/tim.c ****   {
 116:Core/Src/tim.c ****     Error_Handler();
 117:Core/Src/tim.c ****   }
 118:Core/Src/tim.c ****   sMasterConfig.MasterOutputTrigger = TIM_TRGO_RESET;
 119:Core/Src/tim.c ****   sMasterConfig.MasterSlaveMode = TIM_MASTERSLAVEMODE_DISABLE;
 120:Core/Src/tim.c ****   if (HAL_TIMEx_MasterConfigSynchronization(&htim4, &sMasterConfig) != HAL_OK)
 121:Core/Src/tim.c ****   {
 122:Core/Src/tim.c ****     Error_Handler();
 123:Core/Src/tim.c ****   }
 124:Core/Src/tim.c ****   sConfigOC.OCMode = TIM_OCMODE_PWM1;
 125:Core/Src/tim.c ****   sConfigOC.Pulse = 0;
 126:Core/Src/tim.c ****   sConfigOC.OCPolarity = TIM_OCPOLARITY_HIGH;
 127:Core/Src/tim.c ****   sConfigOC.OCFastMode = TIM_OCFAST_DISABLE;
 128:Core/Src/tim.c ****   if (HAL_TIM_PWM_ConfigChannel(&htim4, &sConfigOC, TIM_CHANNEL_1) != HAL_OK)
 129:Core/Src/tim.c ****   {
 130:Core/Src/tim.c ****     Error_Handler();
 131:Core/Src/tim.c ****   }
 132:Core/Src/tim.c ****   if (HAL_TIM_PWM_ConfigChannel(&htim4, &sConfigOC, TIM_CHANNEL_2) != HAL_OK)
 133:Core/Src/tim.c ****   {
 134:Core/Src/tim.c ****     Error_Handler();
 135:Core/Src/tim.c ****   }
 136:Core/Src/tim.c ****   if (HAL_TIM_PWM_ConfigChannel(&htim4, &sConfigOC, TIM_CHANNEL_3) != HAL_OK)
 137:Core/Src/tim.c ****   {
 138:Core/Src/tim.c ****     Error_Handler();
 139:Core/Src/tim.c ****   }
 140:Core/Src/tim.c ****   if (HAL_TIM_PWM_ConfigChannel(&htim4, &sConfigOC, TIM_CHANNEL_4) != HAL_OK)
 141:Core/Src/tim.c ****   {
 142:Core/Src/tim.c ****     Error_Handler();
 143:Core/Src/tim.c ****   }
ARM GAS  /tmp/ccHHjnqY.s 			page 4


 144:Core/Src/tim.c ****   /* USER CODE BEGIN TIM4_Init 2 */
 145:Core/Src/tim.c **** 
 146:Core/Src/tim.c ****   /* USER CODE END TIM4_Init 2 */
 147:Core/Src/tim.c ****   HAL_TIM_MspPostInit(&htim4);
 148:Core/Src/tim.c **** 
 149:Core/Src/tim.c **** }
 150:Core/Src/tim.c **** 
 151:Core/Src/tim.c **** void HAL_TIM_Base_MspInit(TIM_HandleTypeDef* tim_baseHandle)
 152:Core/Src/tim.c **** {
  30              		.loc 1 152 1 view -0
  31              		.cfi_startproc
  32              		@ args = 0, pretend = 0, frame = 8
  33              		@ frame_needed = 0, uses_anonymous_args = 0
  34              		@ link register save eliminated.
  35              		.loc 1 152 1 is_stmt 0 view .LVU1
  36 0000 82B0     		sub	sp, sp, #8
  37              	.LCFI0:
  38              		.cfi_def_cfa_offset 8
 153:Core/Src/tim.c **** 
 154:Core/Src/tim.c ****   if(tim_baseHandle->Instance==TIM3)
  39              		.loc 1 154 3 is_stmt 1 view .LVU2
  40              		.loc 1 154 20 is_stmt 0 view .LVU3
  41 0002 0368     		ldr	r3, [r0]
  42              		.loc 1 154 5 view .LVU4
  43 0004 104A     		ldr	r2, .L7
  44 0006 9342     		cmp	r3, r2
  45 0008 04D0     		beq	.L5
 155:Core/Src/tim.c ****   {
 156:Core/Src/tim.c ****   /* USER CODE BEGIN TIM3_MspInit 0 */
 157:Core/Src/tim.c **** 
 158:Core/Src/tim.c ****   /* USER CODE END TIM3_MspInit 0 */
 159:Core/Src/tim.c ****     /* TIM3 clock enable */
 160:Core/Src/tim.c ****     __HAL_RCC_TIM3_CLK_ENABLE();
 161:Core/Src/tim.c ****   /* USER CODE BEGIN TIM3_MspInit 1 */
 162:Core/Src/tim.c **** 
 163:Core/Src/tim.c ****   /* USER CODE END TIM3_MspInit 1 */
 164:Core/Src/tim.c ****   }
 165:Core/Src/tim.c ****   else if(tim_baseHandle->Instance==TIM4)
  46              		.loc 1 165 8 is_stmt 1 view .LVU5
  47              		.loc 1 165 10 is_stmt 0 view .LVU6
  48 000a 104A     		ldr	r2, .L7+4
  49 000c 9342     		cmp	r3, r2
  50 000e 0ED0     		beq	.L6
  51              	.L1:
 166:Core/Src/tim.c ****   {
 167:Core/Src/tim.c ****   /* USER CODE BEGIN TIM4_MspInit 0 */
 168:Core/Src/tim.c **** 
 169:Core/Src/tim.c ****   /* USER CODE END TIM4_MspInit 0 */
 170:Core/Src/tim.c ****     /* TIM4 clock enable */
 171:Core/Src/tim.c ****     __HAL_RCC_TIM4_CLK_ENABLE();
 172:Core/Src/tim.c ****   /* USER CODE BEGIN TIM4_MspInit 1 */
 173:Core/Src/tim.c **** 
 174:Core/Src/tim.c ****   /* USER CODE END TIM4_MspInit 1 */
 175:Core/Src/tim.c ****   }
 176:Core/Src/tim.c **** }
  52              		.loc 1 176 1 view .LVU7
  53 0010 02B0     		add	sp, sp, #8
ARM GAS  /tmp/ccHHjnqY.s 			page 5


  54              	.LCFI1:
  55              		.cfi_remember_state
  56              		.cfi_def_cfa_offset 0
  57              		@ sp needed
  58 0012 7047     		bx	lr
  59              	.L5:
  60              	.LCFI2:
  61              		.cfi_restore_state
 160:Core/Src/tim.c ****   /* USER CODE BEGIN TIM3_MspInit 1 */
  62              		.loc 1 160 5 is_stmt 1 view .LVU8
  63              	.LBB2:
 160:Core/Src/tim.c ****   /* USER CODE BEGIN TIM3_MspInit 1 */
  64              		.loc 1 160 5 view .LVU9
  65 0014 0023     		movs	r3, #0
  66 0016 0093     		str	r3, [sp]
 160:Core/Src/tim.c ****   /* USER CODE BEGIN TIM3_MspInit 1 */
  67              		.loc 1 160 5 view .LVU10
  68 0018 0D4B     		ldr	r3, .L7+8
  69 001a 1A6C     		ldr	r2, [r3, #64]
  70 001c 42F00202 		orr	r2, r2, #2
  71 0020 1A64     		str	r2, [r3, #64]
 160:Core/Src/tim.c ****   /* USER CODE BEGIN TIM3_MspInit 1 */
  72              		.loc 1 160 5 view .LVU11
  73 0022 1B6C     		ldr	r3, [r3, #64]
  74 0024 03F00203 		and	r3, r3, #2
  75 0028 0093     		str	r3, [sp]
 160:Core/Src/tim.c ****   /* USER CODE BEGIN TIM3_MspInit 1 */
  76              		.loc 1 160 5 view .LVU12
  77 002a 009B     		ldr	r3, [sp]
  78              	.LBE2:
 160:Core/Src/tim.c ****   /* USER CODE BEGIN TIM3_MspInit 1 */
  79              		.loc 1 160 5 view .LVU13
  80 002c F0E7     		b	.L1
  81              	.L6:
 171:Core/Src/tim.c ****   /* USER CODE BEGIN TIM4_MspInit 1 */
  82              		.loc 1 171 5 view .LVU14
  83              	.LBB3:
 171:Core/Src/tim.c ****   /* USER CODE BEGIN TIM4_MspInit 1 */
  84              		.loc 1 171 5 view .LVU15
  85 002e 0023     		movs	r3, #0
  86 0030 0193     		str	r3, [sp, #4]
 171:Core/Src/tim.c ****   /* USER CODE BEGIN TIM4_MspInit 1 */
  87              		.loc 1 171 5 view .LVU16
  88 0032 074B     		ldr	r3, .L7+8
  89 0034 1A6C     		ldr	r2, [r3, #64]
  90 0036 42F00402 		orr	r2, r2, #4
  91 003a 1A64     		str	r2, [r3, #64]
 171:Core/Src/tim.c ****   /* USER CODE BEGIN TIM4_MspInit 1 */
  92              		.loc 1 171 5 view .LVU17
  93 003c 1B6C     		ldr	r3, [r3, #64]
  94 003e 03F00403 		and	r3, r3, #4
  95 0042 0193     		str	r3, [sp, #4]
 171:Core/Src/tim.c ****   /* USER CODE BEGIN TIM4_MspInit 1 */
  96              		.loc 1 171 5 view .LVU18
  97 0044 019B     		ldr	r3, [sp, #4]
  98              	.LBE3:
 171:Core/Src/tim.c ****   /* USER CODE BEGIN TIM4_MspInit 1 */
ARM GAS  /tmp/ccHHjnqY.s 			page 6


  99              		.loc 1 171 5 view .LVU19
 100              		.loc 1 176 1 is_stmt 0 view .LVU20
 101 0046 E3E7     		b	.L1
 102              	.L8:
 103              		.align	2
 104              	.L7:
 105 0048 00040040 		.word	1073742848
 106 004c 00080040 		.word	1073743872
 107 0050 00380240 		.word	1073887232
 108              		.cfi_endproc
 109              	.LFE241:
 111              		.section	.text.HAL_TIM_MspPostInit,"ax",%progbits
 112              		.align	1
 113              		.global	HAL_TIM_MspPostInit
 114              		.syntax unified
 115              		.thumb
 116              		.thumb_func
 118              	HAL_TIM_MspPostInit:
 119              	.LVL1:
 120              	.LFB242:
 177:Core/Src/tim.c **** void HAL_TIM_MspPostInit(TIM_HandleTypeDef* timHandle)
 178:Core/Src/tim.c **** {
 121              		.loc 1 178 1 is_stmt 1 view -0
 122              		.cfi_startproc
 123              		@ args = 0, pretend = 0, frame = 32
 124              		@ frame_needed = 0, uses_anonymous_args = 0
 125              		.loc 1 178 1 is_stmt 0 view .LVU22
 126 0000 00B5     		push	{lr}
 127              	.LCFI3:
 128              		.cfi_def_cfa_offset 4
 129              		.cfi_offset 14, -4
 130 0002 89B0     		sub	sp, sp, #36
 131              	.LCFI4:
 132              		.cfi_def_cfa_offset 40
 179:Core/Src/tim.c **** 
 180:Core/Src/tim.c ****   GPIO_InitTypeDef GPIO_InitStruct = {0};
 133              		.loc 1 180 3 is_stmt 1 view .LVU23
 134              		.loc 1 180 20 is_stmt 0 view .LVU24
 135 0004 0023     		movs	r3, #0
 136 0006 0393     		str	r3, [sp, #12]
 137 0008 0493     		str	r3, [sp, #16]
 138 000a 0593     		str	r3, [sp, #20]
 139 000c 0693     		str	r3, [sp, #24]
 140 000e 0793     		str	r3, [sp, #28]
 181:Core/Src/tim.c ****   if(timHandle->Instance==TIM3)
 141              		.loc 1 181 3 is_stmt 1 view .LVU25
 142              		.loc 1 181 15 is_stmt 0 view .LVU26
 143 0010 0368     		ldr	r3, [r0]
 144              		.loc 1 181 5 view .LVU27
 145 0012 1A4A     		ldr	r2, .L15
 146 0014 9342     		cmp	r3, r2
 147 0016 04D0     		beq	.L13
 182:Core/Src/tim.c ****   {
 183:Core/Src/tim.c ****   /* USER CODE BEGIN TIM3_MspPostInit 0 */
 184:Core/Src/tim.c **** 
 185:Core/Src/tim.c ****   /* USER CODE END TIM3_MspPostInit 0 */
 186:Core/Src/tim.c ****     __HAL_RCC_GPIOA_CLK_ENABLE();
ARM GAS  /tmp/ccHHjnqY.s 			page 7


 187:Core/Src/tim.c ****     /**TIM3 GPIO Configuration
 188:Core/Src/tim.c ****     PA6     ------> TIM3_CH1
 189:Core/Src/tim.c ****     */
 190:Core/Src/tim.c ****     GPIO_InitStruct.Pin = GPIO_PIN_6;
 191:Core/Src/tim.c ****     GPIO_InitStruct.Mode = GPIO_MODE_AF_PP;
 192:Core/Src/tim.c ****     GPIO_InitStruct.Pull = GPIO_NOPULL;
 193:Core/Src/tim.c ****     GPIO_InitStruct.Speed = GPIO_SPEED_FREQ_LOW;
 194:Core/Src/tim.c ****     GPIO_InitStruct.Alternate = GPIO_AF2_TIM3;
 195:Core/Src/tim.c ****     HAL_GPIO_Init(GPIOA, &GPIO_InitStruct);
 196:Core/Src/tim.c **** 
 197:Core/Src/tim.c ****   /* USER CODE BEGIN TIM3_MspPostInit 1 */
 198:Core/Src/tim.c **** 
 199:Core/Src/tim.c ****   /* USER CODE END TIM3_MspPostInit 1 */
 200:Core/Src/tim.c ****   }
 201:Core/Src/tim.c ****   else if(timHandle->Instance==TIM4)
 148              		.loc 1 201 8 is_stmt 1 view .LVU28
 149              		.loc 1 201 10 is_stmt 0 view .LVU29
 150 0018 194A     		ldr	r2, .L15+4
 151 001a 9342     		cmp	r3, r2
 152 001c 17D0     		beq	.L14
 153              	.LVL2:
 154              	.L9:
 202:Core/Src/tim.c ****   {
 203:Core/Src/tim.c ****   /* USER CODE BEGIN TIM4_MspPostInit 0 */
 204:Core/Src/tim.c **** 
 205:Core/Src/tim.c ****   /* USER CODE END TIM4_MspPostInit 0 */
 206:Core/Src/tim.c **** 
 207:Core/Src/tim.c ****     __HAL_RCC_GPIOD_CLK_ENABLE();
 208:Core/Src/tim.c ****     /**TIM4 GPIO Configuration
 209:Core/Src/tim.c ****     PD12     ------> TIM4_CH1
 210:Core/Src/tim.c ****     PD13     ------> TIM4_CH2
 211:Core/Src/tim.c ****     PD14     ------> TIM4_CH3
 212:Core/Src/tim.c ****     PD15     ------> TIM4_CH4
 213:Core/Src/tim.c ****     */
 214:Core/Src/tim.c ****     GPIO_InitStruct.Pin = GPIO_PIN_12|GPIO_PIN_13|GPIO_PIN_14|GPIO_PIN_15;
 215:Core/Src/tim.c ****     GPIO_InitStruct.Mode = GPIO_MODE_AF_PP;
 216:Core/Src/tim.c ****     GPIO_InitStruct.Pull = GPIO_NOPULL;
 217:Core/Src/tim.c ****     GPIO_InitStruct.Speed = GPIO_SPEED_FREQ_LOW;
 218:Core/Src/tim.c ****     GPIO_InitStruct.Alternate = GPIO_AF2_TIM4;
 219:Core/Src/tim.c ****     HAL_GPIO_Init(GPIOD, &GPIO_InitStruct);
 220:Core/Src/tim.c **** 
 221:Core/Src/tim.c ****   /* USER CODE BEGIN TIM4_MspPostInit 1 */
 222:Core/Src/tim.c **** 
 223:Core/Src/tim.c ****   /* USER CODE END TIM4_MspPostInit 1 */
 224:Core/Src/tim.c ****   }
 225:Core/Src/tim.c **** 
 226:Core/Src/tim.c **** }
 155              		.loc 1 226 1 view .LVU30
 156 001e 09B0     		add	sp, sp, #36
 157              	.LCFI5:
 158              		.cfi_remember_state
 159              		.cfi_def_cfa_offset 4
 160              		@ sp needed
 161 0020 00BD     		pop	{pc}
 162              	.LVL3:
 163              	.L13:
 164              	.LCFI6:
ARM GAS  /tmp/ccHHjnqY.s 			page 8


 165              		.cfi_restore_state
 186:Core/Src/tim.c ****     /**TIM3 GPIO Configuration
 166              		.loc 1 186 5 is_stmt 1 view .LVU31
 167              	.LBB4:
 186:Core/Src/tim.c ****     /**TIM3 GPIO Configuration
 168              		.loc 1 186 5 view .LVU32
 169 0022 0023     		movs	r3, #0
 170 0024 0193     		str	r3, [sp, #4]
 186:Core/Src/tim.c ****     /**TIM3 GPIO Configuration
 171              		.loc 1 186 5 view .LVU33
 172 0026 174B     		ldr	r3, .L15+8
 173 0028 1A6B     		ldr	r2, [r3, #48]
 174 002a 42F00102 		orr	r2, r2, #1
 175 002e 1A63     		str	r2, [r3, #48]
 186:Core/Src/tim.c ****     /**TIM3 GPIO Configuration
 176              		.loc 1 186 5 view .LVU34
 177 0030 1B6B     		ldr	r3, [r3, #48]
 178 0032 03F00103 		and	r3, r3, #1
 179 0036 0193     		str	r3, [sp, #4]
 186:Core/Src/tim.c ****     /**TIM3 GPIO Configuration
 180              		.loc 1 186 5 view .LVU35
 181 0038 019B     		ldr	r3, [sp, #4]
 182              	.LBE4:
 186:Core/Src/tim.c ****     /**TIM3 GPIO Configuration
 183              		.loc 1 186 5 view .LVU36
 190:Core/Src/tim.c ****     GPIO_InitStruct.Mode = GPIO_MODE_AF_PP;
 184              		.loc 1 190 5 view .LVU37
 190:Core/Src/tim.c ****     GPIO_InitStruct.Mode = GPIO_MODE_AF_PP;
 185              		.loc 1 190 25 is_stmt 0 view .LVU38
 186 003a 4023     		movs	r3, #64
 187 003c 0393     		str	r3, [sp, #12]
 191:Core/Src/tim.c ****     GPIO_InitStruct.Pull = GPIO_NOPULL;
 188              		.loc 1 191 5 is_stmt 1 view .LVU39
 191:Core/Src/tim.c ****     GPIO_InitStruct.Pull = GPIO_NOPULL;
 189              		.loc 1 191 26 is_stmt 0 view .LVU40
 190 003e 0223     		movs	r3, #2
 191 0040 0493     		str	r3, [sp, #16]
 192:Core/Src/tim.c ****     GPIO_InitStruct.Speed = GPIO_SPEED_FREQ_LOW;
 192              		.loc 1 192 5 is_stmt 1 view .LVU41
 193:Core/Src/tim.c ****     GPIO_InitStruct.Alternate = GPIO_AF2_TIM3;
 193              		.loc 1 193 5 view .LVU42
 194:Core/Src/tim.c ****     HAL_GPIO_Init(GPIOA, &GPIO_InitStruct);
 194              		.loc 1 194 5 view .LVU43
 194:Core/Src/tim.c ****     HAL_GPIO_Init(GPIOA, &GPIO_InitStruct);
 195              		.loc 1 194 31 is_stmt 0 view .LVU44
 196 0042 0793     		str	r3, [sp, #28]
 195:Core/Src/tim.c **** 
 197              		.loc 1 195 5 is_stmt 1 view .LVU45
 198 0044 03A9     		add	r1, sp, #12
 199 0046 1048     		ldr	r0, .L15+12
 200              	.LVL4:
 195:Core/Src/tim.c **** 
 201              		.loc 1 195 5 is_stmt 0 view .LVU46
 202 0048 FFF7FEFF 		bl	HAL_GPIO_Init
 203              	.LVL5:
 204 004c E7E7     		b	.L9
 205              	.LVL6:
ARM GAS  /tmp/ccHHjnqY.s 			page 9


 206              	.L14:
 207:Core/Src/tim.c ****     /**TIM4 GPIO Configuration
 207              		.loc 1 207 5 is_stmt 1 view .LVU47
 208              	.LBB5:
 207:Core/Src/tim.c ****     /**TIM4 GPIO Configuration
 209              		.loc 1 207 5 view .LVU48
 210 004e 0023     		movs	r3, #0
 211 0050 0293     		str	r3, [sp, #8]
 207:Core/Src/tim.c ****     /**TIM4 GPIO Configuration
 212              		.loc 1 207 5 view .LVU49
 213 0052 0C4B     		ldr	r3, .L15+8
 214 0054 1A6B     		ldr	r2, [r3, #48]
 215 0056 42F00802 		orr	r2, r2, #8
 216 005a 1A63     		str	r2, [r3, #48]
 207:Core/Src/tim.c ****     /**TIM4 GPIO Configuration
 217              		.loc 1 207 5 view .LVU50
 218 005c 1B6B     		ldr	r3, [r3, #48]
 219 005e 03F00803 		and	r3, r3, #8
 220 0062 0293     		str	r3, [sp, #8]
 207:Core/Src/tim.c ****     /**TIM4 GPIO Configuration
 221              		.loc 1 207 5 view .LVU51
 222 0064 029B     		ldr	r3, [sp, #8]
 223              	.LBE5:
 207:Core/Src/tim.c ****     /**TIM4 GPIO Configuration
 224              		.loc 1 207 5 view .LVU52
 214:Core/Src/tim.c ****     GPIO_InitStruct.Mode = GPIO_MODE_AF_PP;
 225              		.loc 1 214 5 view .LVU53
 214:Core/Src/tim.c ****     GPIO_InitStruct.Mode = GPIO_MODE_AF_PP;
 226              		.loc 1 214 25 is_stmt 0 view .LVU54
 227 0066 4FF47043 		mov	r3, #61440
 228 006a 0393     		str	r3, [sp, #12]
 215:Core/Src/tim.c ****     GPIO_InitStruct.Pull = GPIO_NOPULL;
 229              		.loc 1 215 5 is_stmt 1 view .LVU55
 215:Core/Src/tim.c ****     GPIO_InitStruct.Pull = GPIO_NOPULL;
 230              		.loc 1 215 26 is_stmt 0 view .LVU56
 231 006c 0223     		movs	r3, #2
 232 006e 0493     		str	r3, [sp, #16]
 216:Core/Src/tim.c ****     GPIO_InitStruct.Speed = GPIO_SPEED_FREQ_LOW;
 233              		.loc 1 216 5 is_stmt 1 view .LVU57
 217:Core/Src/tim.c ****     GPIO_InitStruct.Alternate = GPIO_AF2_TIM4;
 234              		.loc 1 217 5 view .LVU58
 218:Core/Src/tim.c ****     HAL_GPIO_Init(GPIOD, &GPIO_InitStruct);
 235              		.loc 1 218 5 view .LVU59
 218:Core/Src/tim.c ****     HAL_GPIO_Init(GPIOD, &GPIO_InitStruct);
 236              		.loc 1 218 31 is_stmt 0 view .LVU60
 237 0070 0793     		str	r3, [sp, #28]
 219:Core/Src/tim.c **** 
 238              		.loc 1 219 5 is_stmt 1 view .LVU61
 239 0072 03A9     		add	r1, sp, #12
 240 0074 0548     		ldr	r0, .L15+16
 241              	.LVL7:
 219:Core/Src/tim.c **** 
 242              		.loc 1 219 5 is_stmt 0 view .LVU62
 243 0076 FFF7FEFF 		bl	HAL_GPIO_Init
 244              	.LVL8:
 245              		.loc 1 226 1 view .LVU63
 246 007a D0E7     		b	.L9
ARM GAS  /tmp/ccHHjnqY.s 			page 10


 247              	.L16:
 248              		.align	2
 249              	.L15:
 250 007c 00040040 		.word	1073742848
 251 0080 00080040 		.word	1073743872
 252 0084 00380240 		.word	1073887232
 253 0088 00000240 		.word	1073872896
 254 008c 000C0240 		.word	1073875968
 255              		.cfi_endproc
 256              	.LFE242:
 258              		.section	.text.MX_TIM3_Init,"ax",%progbits
 259              		.align	1
 260              		.global	MX_TIM3_Init
 261              		.syntax unified
 262              		.thumb
 263              		.thumb_func
 265              	MX_TIM3_Init:
 266              	.LFB239:
  32:Core/Src/tim.c **** 
 267              		.loc 1 32 1 is_stmt 1 view -0
 268              		.cfi_startproc
 269              		@ args = 0, pretend = 0, frame = 56
 270              		@ frame_needed = 0, uses_anonymous_args = 0
 271 0000 00B5     		push	{lr}
 272              	.LCFI7:
 273              		.cfi_def_cfa_offset 4
 274              		.cfi_offset 14, -4
 275 0002 8FB0     		sub	sp, sp, #60
 276              	.LCFI8:
 277              		.cfi_def_cfa_offset 64
  38:Core/Src/tim.c ****   TIM_MasterConfigTypeDef sMasterConfig = {0};
 278              		.loc 1 38 3 view .LVU65
  38:Core/Src/tim.c ****   TIM_MasterConfigTypeDef sMasterConfig = {0};
 279              		.loc 1 38 26 is_stmt 0 view .LVU66
 280 0004 0023     		movs	r3, #0
 281 0006 0A93     		str	r3, [sp, #40]
 282 0008 0B93     		str	r3, [sp, #44]
 283 000a 0C93     		str	r3, [sp, #48]
 284 000c 0D93     		str	r3, [sp, #52]
  39:Core/Src/tim.c ****   TIM_OC_InitTypeDef sConfigOC = {0};
 285              		.loc 1 39 3 is_stmt 1 view .LVU67
  39:Core/Src/tim.c ****   TIM_OC_InitTypeDef sConfigOC = {0};
 286              		.loc 1 39 27 is_stmt 0 view .LVU68
 287 000e 0893     		str	r3, [sp, #32]
 288 0010 0993     		str	r3, [sp, #36]
  40:Core/Src/tim.c **** 
 289              		.loc 1 40 3 is_stmt 1 view .LVU69
  40:Core/Src/tim.c **** 
 290              		.loc 1 40 22 is_stmt 0 view .LVU70
 291 0012 0193     		str	r3, [sp, #4]
 292 0014 0293     		str	r3, [sp, #8]
 293 0016 0393     		str	r3, [sp, #12]
 294 0018 0493     		str	r3, [sp, #16]
 295 001a 0593     		str	r3, [sp, #20]
 296 001c 0693     		str	r3, [sp, #24]
 297 001e 0793     		str	r3, [sp, #28]
  45:Core/Src/tim.c ****   htim3.Init.Prescaler = 167;
ARM GAS  /tmp/ccHHjnqY.s 			page 11


 298              		.loc 1 45 3 is_stmt 1 view .LVU71
  45:Core/Src/tim.c ****   htim3.Init.Prescaler = 167;
 299              		.loc 1 45 18 is_stmt 0 view .LVU72
 300 0020 2048     		ldr	r0, .L29
 301 0022 214A     		ldr	r2, .L29+4
 302 0024 0260     		str	r2, [r0]
  46:Core/Src/tim.c ****   htim3.Init.CounterMode = TIM_COUNTERMODE_UP;
 303              		.loc 1 46 3 is_stmt 1 view .LVU73
  46:Core/Src/tim.c ****   htim3.Init.CounterMode = TIM_COUNTERMODE_UP;
 304              		.loc 1 46 24 is_stmt 0 view .LVU74
 305 0026 A722     		movs	r2, #167
 306 0028 4260     		str	r2, [r0, #4]
  47:Core/Src/tim.c ****   htim3.Init.Period = 19999;
 307              		.loc 1 47 3 is_stmt 1 view .LVU75
  47:Core/Src/tim.c ****   htim3.Init.Period = 19999;
 308              		.loc 1 47 26 is_stmt 0 view .LVU76
 309 002a 8360     		str	r3, [r0, #8]
  48:Core/Src/tim.c ****   htim3.Init.ClockDivision = TIM_CLOCKDIVISION_DIV1;
 310              		.loc 1 48 3 is_stmt 1 view .LVU77
  48:Core/Src/tim.c ****   htim3.Init.ClockDivision = TIM_CLOCKDIVISION_DIV1;
 311              		.loc 1 48 21 is_stmt 0 view .LVU78
 312 002c 44F61F62 		movw	r2, #19999
 313 0030 C260     		str	r2, [r0, #12]
  49:Core/Src/tim.c ****   htim3.Init.AutoReloadPreload = TIM_AUTORELOAD_PRELOAD_DISABLE;
 314              		.loc 1 49 3 is_stmt 1 view .LVU79
  49:Core/Src/tim.c ****   htim3.Init.AutoReloadPreload = TIM_AUTORELOAD_PRELOAD_DISABLE;
 315              		.loc 1 49 28 is_stmt 0 view .LVU80
 316 0032 0361     		str	r3, [r0, #16]
  50:Core/Src/tim.c ****   if (HAL_TIM_Base_Init(&htim3) != HAL_OK)
 317              		.loc 1 50 3 is_stmt 1 view .LVU81
  50:Core/Src/tim.c ****   if (HAL_TIM_Base_Init(&htim3) != HAL_OK)
 318              		.loc 1 50 32 is_stmt 0 view .LVU82
 319 0034 8361     		str	r3, [r0, #24]
  51:Core/Src/tim.c ****   {
 320              		.loc 1 51 3 is_stmt 1 view .LVU83
  51:Core/Src/tim.c ****   {
 321              		.loc 1 51 7 is_stmt 0 view .LVU84
 322 0036 FFF7FEFF 		bl	HAL_TIM_Base_Init
 323              	.LVL9:
  51:Core/Src/tim.c ****   {
 324              		.loc 1 51 6 discriminator 1 view .LVU85
 325 003a 18BB     		cbnz	r0, .L24
 326              	.L18:
  55:Core/Src/tim.c ****   if (HAL_TIM_ConfigClockSource(&htim3, &sClockSourceConfig) != HAL_OK)
 327              		.loc 1 55 3 is_stmt 1 view .LVU86
  55:Core/Src/tim.c ****   if (HAL_TIM_ConfigClockSource(&htim3, &sClockSourceConfig) != HAL_OK)
 328              		.loc 1 55 34 is_stmt 0 view .LVU87
 329 003c 4FF48053 		mov	r3, #4096
 330 0040 0A93     		str	r3, [sp, #40]
  56:Core/Src/tim.c ****   {
 331              		.loc 1 56 3 is_stmt 1 view .LVU88
  56:Core/Src/tim.c ****   {
 332              		.loc 1 56 7 is_stmt 0 view .LVU89
 333 0042 0AA9     		add	r1, sp, #40
 334 0044 1748     		ldr	r0, .L29
 335 0046 FFF7FEFF 		bl	HAL_TIM_ConfigClockSource
 336              	.LVL10:
ARM GAS  /tmp/ccHHjnqY.s 			page 12


  56:Core/Src/tim.c ****   {
 337              		.loc 1 56 6 discriminator 1 view .LVU90
 338 004a F0B9     		cbnz	r0, .L25
 339              	.L19:
  60:Core/Src/tim.c ****   {
 340              		.loc 1 60 3 is_stmt 1 view .LVU91
  60:Core/Src/tim.c ****   {
 341              		.loc 1 60 7 is_stmt 0 view .LVU92
 342 004c 1548     		ldr	r0, .L29
 343 004e FFF7FEFF 		bl	HAL_TIM_PWM_Init
 344              	.LVL11:
  60:Core/Src/tim.c ****   {
 345              		.loc 1 60 6 discriminator 1 view .LVU93
 346 0052 E8B9     		cbnz	r0, .L26
 347              	.L20:
  64:Core/Src/tim.c ****   sMasterConfig.MasterSlaveMode = TIM_MASTERSLAVEMODE_DISABLE;
 348              		.loc 1 64 3 is_stmt 1 view .LVU94
  64:Core/Src/tim.c ****   sMasterConfig.MasterSlaveMode = TIM_MASTERSLAVEMODE_DISABLE;
 349              		.loc 1 64 37 is_stmt 0 view .LVU95
 350 0054 0023     		movs	r3, #0
 351 0056 0893     		str	r3, [sp, #32]
  65:Core/Src/tim.c ****   if (HAL_TIMEx_MasterConfigSynchronization(&htim3, &sMasterConfig) != HAL_OK)
 352              		.loc 1 65 3 is_stmt 1 view .LVU96
  65:Core/Src/tim.c ****   if (HAL_TIMEx_MasterConfigSynchronization(&htim3, &sMasterConfig) != HAL_OK)
 353              		.loc 1 65 33 is_stmt 0 view .LVU97
 354 0058 0993     		str	r3, [sp, #36]
  66:Core/Src/tim.c ****   {
 355              		.loc 1 66 3 is_stmt 1 view .LVU98
  66:Core/Src/tim.c ****   {
 356              		.loc 1 66 7 is_stmt 0 view .LVU99
 357 005a 08A9     		add	r1, sp, #32
 358 005c 1148     		ldr	r0, .L29
 359 005e FFF7FEFF 		bl	HAL_TIMEx_MasterConfigSynchronization
 360              	.LVL12:
  66:Core/Src/tim.c ****   {
 361              		.loc 1 66 6 discriminator 1 view .LVU100
 362 0062 C0B9     		cbnz	r0, .L27
 363              	.L21:
  70:Core/Src/tim.c ****   sConfigOC.Pulse = 0;
 364              		.loc 1 70 3 is_stmt 1 view .LVU101
  70:Core/Src/tim.c ****   sConfigOC.Pulse = 0;
 365              		.loc 1 70 20 is_stmt 0 view .LVU102
 366 0064 6023     		movs	r3, #96
 367 0066 0193     		str	r3, [sp, #4]
  71:Core/Src/tim.c ****   sConfigOC.OCPolarity = TIM_OCPOLARITY_HIGH;
 368              		.loc 1 71 3 is_stmt 1 view .LVU103
  71:Core/Src/tim.c ****   sConfigOC.OCPolarity = TIM_OCPOLARITY_HIGH;
 369              		.loc 1 71 19 is_stmt 0 view .LVU104
 370 0068 0022     		movs	r2, #0
 371 006a 0292     		str	r2, [sp, #8]
  72:Core/Src/tim.c ****   sConfigOC.OCFastMode = TIM_OCFAST_DISABLE;
 372              		.loc 1 72 3 is_stmt 1 view .LVU105
  72:Core/Src/tim.c ****   sConfigOC.OCFastMode = TIM_OCFAST_DISABLE;
 373              		.loc 1 72 24 is_stmt 0 view .LVU106
 374 006c 0392     		str	r2, [sp, #12]
  73:Core/Src/tim.c ****   if (HAL_TIM_PWM_ConfigChannel(&htim3, &sConfigOC, TIM_CHANNEL_1) != HAL_OK)
 375              		.loc 1 73 3 is_stmt 1 view .LVU107
ARM GAS  /tmp/ccHHjnqY.s 			page 13


  73:Core/Src/tim.c ****   if (HAL_TIM_PWM_ConfigChannel(&htim3, &sConfigOC, TIM_CHANNEL_1) != HAL_OK)
 376              		.loc 1 73 24 is_stmt 0 view .LVU108
 377 006e 0592     		str	r2, [sp, #20]
  74:Core/Src/tim.c ****   {
 378              		.loc 1 74 3 is_stmt 1 view .LVU109
  74:Core/Src/tim.c ****   {
 379              		.loc 1 74 7 is_stmt 0 view .LVU110
 380 0070 01A9     		add	r1, sp, #4
 381 0072 0C48     		ldr	r0, .L29
 382 0074 FFF7FEFF 		bl	HAL_TIM_PWM_ConfigChannel
 383              	.LVL13:
  74:Core/Src/tim.c ****   {
 384              		.loc 1 74 6 discriminator 1 view .LVU111
 385 0078 80B9     		cbnz	r0, .L28
 386              	.L22:
  81:Core/Src/tim.c **** 
 387              		.loc 1 81 3 is_stmt 1 view .LVU112
 388 007a 0A48     		ldr	r0, .L29
 389 007c FFF7FEFF 		bl	HAL_TIM_MspPostInit
 390              	.LVL14:
  83:Core/Src/tim.c **** /* TIM4 init function */
 391              		.loc 1 83 1 is_stmt 0 view .LVU113
 392 0080 0FB0     		add	sp, sp, #60
 393              	.LCFI9:
 394              		.cfi_remember_state
 395              		.cfi_def_cfa_offset 4
 396              		@ sp needed
 397 0082 00BD     		pop	{pc}
 398              	.L24:
 399              	.LCFI10:
 400              		.cfi_restore_state
  53:Core/Src/tim.c ****   }
 401              		.loc 1 53 5 is_stmt 1 view .LVU114
 402 0084 FFF7FEFF 		bl	Error_Handler
 403              	.LVL15:
 404 0088 D8E7     		b	.L18
 405              	.L25:
  58:Core/Src/tim.c ****   }
 406              		.loc 1 58 5 view .LVU115
 407 008a FFF7FEFF 		bl	Error_Handler
 408              	.LVL16:
 409 008e DDE7     		b	.L19
 410              	.L26:
  62:Core/Src/tim.c ****   }
 411              		.loc 1 62 5 view .LVU116
 412 0090 FFF7FEFF 		bl	Error_Handler
 413              	.LVL17:
 414 0094 DEE7     		b	.L20
 415              	.L27:
  68:Core/Src/tim.c ****   }
 416              		.loc 1 68 5 view .LVU117
 417 0096 FFF7FEFF 		bl	Error_Handler
 418              	.LVL18:
 419 009a E3E7     		b	.L21
 420              	.L28:
  76:Core/Src/tim.c ****   }
 421              		.loc 1 76 5 view .LVU118
ARM GAS  /tmp/ccHHjnqY.s 			page 14


 422 009c FFF7FEFF 		bl	Error_Handler
 423              	.LVL19:
 424 00a0 EBE7     		b	.L22
 425              	.L30:
 426 00a2 00BF     		.align	2
 427              	.L29:
 428 00a4 00000000 		.word	htim3
 429 00a8 00040040 		.word	1073742848
 430              		.cfi_endproc
 431              	.LFE239:
 433              		.section	.text.MX_TIM4_Init,"ax",%progbits
 434              		.align	1
 435              		.global	MX_TIM4_Init
 436              		.syntax unified
 437              		.thumb
 438              		.thumb_func
 440              	MX_TIM4_Init:
 441              	.LFB240:
  86:Core/Src/tim.c **** 
 442              		.loc 1 86 1 view -0
 443              		.cfi_startproc
 444              		@ args = 0, pretend = 0, frame = 56
 445              		@ frame_needed = 0, uses_anonymous_args = 0
 446 0000 00B5     		push	{lr}
 447              	.LCFI11:
 448              		.cfi_def_cfa_offset 4
 449              		.cfi_offset 14, -4
 450 0002 8FB0     		sub	sp, sp, #60
 451              	.LCFI12:
 452              		.cfi_def_cfa_offset 64
  92:Core/Src/tim.c ****   TIM_MasterConfigTypeDef sMasterConfig = {0};
 453              		.loc 1 92 3 view .LVU120
  92:Core/Src/tim.c ****   TIM_MasterConfigTypeDef sMasterConfig = {0};
 454              		.loc 1 92 26 is_stmt 0 view .LVU121
 455 0004 0023     		movs	r3, #0
 456 0006 0A93     		str	r3, [sp, #40]
 457 0008 0B93     		str	r3, [sp, #44]
 458 000a 0C93     		str	r3, [sp, #48]
 459 000c 0D93     		str	r3, [sp, #52]
  93:Core/Src/tim.c ****   TIM_OC_InitTypeDef sConfigOC = {0};
 460              		.loc 1 93 3 is_stmt 1 view .LVU122
  93:Core/Src/tim.c ****   TIM_OC_InitTypeDef sConfigOC = {0};
 461              		.loc 1 93 27 is_stmt 0 view .LVU123
 462 000e 0893     		str	r3, [sp, #32]
 463 0010 0993     		str	r3, [sp, #36]
  94:Core/Src/tim.c **** 
 464              		.loc 1 94 3 is_stmt 1 view .LVU124
  94:Core/Src/tim.c **** 
 465              		.loc 1 94 22 is_stmt 0 view .LVU125
 466 0012 0193     		str	r3, [sp, #4]
 467 0014 0293     		str	r3, [sp, #8]
 468 0016 0393     		str	r3, [sp, #12]
 469 0018 0493     		str	r3, [sp, #16]
 470 001a 0593     		str	r3, [sp, #20]
 471 001c 0693     		str	r3, [sp, #24]
 472 001e 0793     		str	r3, [sp, #28]
  99:Core/Src/tim.c ****   htim4.Init.Prescaler = 167;
ARM GAS  /tmp/ccHHjnqY.s 			page 15


 473              		.loc 1 99 3 is_stmt 1 view .LVU126
  99:Core/Src/tim.c ****   htim4.Init.Prescaler = 167;
 474              		.loc 1 99 18 is_stmt 0 view .LVU127
 475 0020 2F48     		ldr	r0, .L49
 476 0022 304A     		ldr	r2, .L49+4
 477 0024 0260     		str	r2, [r0]
 100:Core/Src/tim.c ****   htim4.Init.CounterMode = TIM_COUNTERMODE_UP;
 478              		.loc 1 100 3 is_stmt 1 view .LVU128
 100:Core/Src/tim.c ****   htim4.Init.CounterMode = TIM_COUNTERMODE_UP;
 479              		.loc 1 100 24 is_stmt 0 view .LVU129
 480 0026 A722     		movs	r2, #167
 481 0028 4260     		str	r2, [r0, #4]
 101:Core/Src/tim.c ****   htim4.Init.Period = 999;
 482              		.loc 1 101 3 is_stmt 1 view .LVU130
 101:Core/Src/tim.c ****   htim4.Init.Period = 999;
 483              		.loc 1 101 26 is_stmt 0 view .LVU131
 484 002a 8360     		str	r3, [r0, #8]
 102:Core/Src/tim.c ****   htim4.Init.ClockDivision = TIM_CLOCKDIVISION_DIV1;
 485              		.loc 1 102 3 is_stmt 1 view .LVU132
 102:Core/Src/tim.c ****   htim4.Init.ClockDivision = TIM_CLOCKDIVISION_DIV1;
 486              		.loc 1 102 21 is_stmt 0 view .LVU133
 487 002c 40F2E732 		movw	r2, #999
 488 0030 C260     		str	r2, [r0, #12]
 103:Core/Src/tim.c ****   htim4.Init.AutoReloadPreload = TIM_AUTORELOAD_PRELOAD_DISABLE;
 489              		.loc 1 103 3 is_stmt 1 view .LVU134
 103:Core/Src/tim.c ****   htim4.Init.AutoReloadPreload = TIM_AUTORELOAD_PRELOAD_DISABLE;
 490              		.loc 1 103 28 is_stmt 0 view .LVU135
 491 0032 0361     		str	r3, [r0, #16]
 104:Core/Src/tim.c ****   if (HAL_TIM_Base_Init(&htim4) != HAL_OK)
 492              		.loc 1 104 3 is_stmt 1 view .LVU136
 104:Core/Src/tim.c ****   if (HAL_TIM_Base_Init(&htim4) != HAL_OK)
 493              		.loc 1 104 32 is_stmt 0 view .LVU137
 494 0034 8361     		str	r3, [r0, #24]
 105:Core/Src/tim.c ****   {
 495              		.loc 1 105 3 is_stmt 1 view .LVU138
 105:Core/Src/tim.c ****   {
 496              		.loc 1 105 7 is_stmt 0 view .LVU139
 497 0036 FFF7FEFF 		bl	HAL_TIM_Base_Init
 498              	.LVL20:
 105:Core/Src/tim.c ****   {
 499              		.loc 1 105 6 discriminator 1 view .LVU140
 500 003a 0028     		cmp	r0, #0
 501 003c 38D1     		bne	.L41
 502              	.L32:
 109:Core/Src/tim.c ****   if (HAL_TIM_ConfigClockSource(&htim4, &sClockSourceConfig) != HAL_OK)
 503              		.loc 1 109 3 is_stmt 1 view .LVU141
 109:Core/Src/tim.c ****   if (HAL_TIM_ConfigClockSource(&htim4, &sClockSourceConfig) != HAL_OK)
 504              		.loc 1 109 34 is_stmt 0 view .LVU142
 505 003e 4FF48053 		mov	r3, #4096
 506 0042 0A93     		str	r3, [sp, #40]
 110:Core/Src/tim.c ****   {
 507              		.loc 1 110 3 is_stmt 1 view .LVU143
 110:Core/Src/tim.c ****   {
 508              		.loc 1 110 7 is_stmt 0 view .LVU144
 509 0044 0AA9     		add	r1, sp, #40
 510 0046 2648     		ldr	r0, .L49
 511 0048 FFF7FEFF 		bl	HAL_TIM_ConfigClockSource
ARM GAS  /tmp/ccHHjnqY.s 			page 16


 512              	.LVL21:
 110:Core/Src/tim.c ****   {
 513              		.loc 1 110 6 discriminator 1 view .LVU145
 514 004c 0028     		cmp	r0, #0
 515 004e 32D1     		bne	.L42
 516              	.L33:
 114:Core/Src/tim.c ****   {
 517              		.loc 1 114 3 is_stmt 1 view .LVU146
 114:Core/Src/tim.c ****   {
 518              		.loc 1 114 7 is_stmt 0 view .LVU147
 519 0050 2348     		ldr	r0, .L49
 520 0052 FFF7FEFF 		bl	HAL_TIM_PWM_Init
 521              	.LVL22:
 114:Core/Src/tim.c ****   {
 522              		.loc 1 114 6 discriminator 1 view .LVU148
 523 0056 0028     		cmp	r0, #0
 524 0058 30D1     		bne	.L43
 525              	.L34:
 118:Core/Src/tim.c ****   sMasterConfig.MasterSlaveMode = TIM_MASTERSLAVEMODE_DISABLE;
 526              		.loc 1 118 3 is_stmt 1 view .LVU149
 118:Core/Src/tim.c ****   sMasterConfig.MasterSlaveMode = TIM_MASTERSLAVEMODE_DISABLE;
 527              		.loc 1 118 37 is_stmt 0 view .LVU150
 528 005a 0023     		movs	r3, #0
 529 005c 0893     		str	r3, [sp, #32]
 119:Core/Src/tim.c ****   if (HAL_TIMEx_MasterConfigSynchronization(&htim4, &sMasterConfig) != HAL_OK)
 530              		.loc 1 119 3 is_stmt 1 view .LVU151
 119:Core/Src/tim.c ****   if (HAL_TIMEx_MasterConfigSynchronization(&htim4, &sMasterConfig) != HAL_OK)
 531              		.loc 1 119 33 is_stmt 0 view .LVU152
 532 005e 0993     		str	r3, [sp, #36]
 120:Core/Src/tim.c ****   {
 533              		.loc 1 120 3 is_stmt 1 view .LVU153
 120:Core/Src/tim.c ****   {
 534              		.loc 1 120 7 is_stmt 0 view .LVU154
 535 0060 08A9     		add	r1, sp, #32
 536 0062 1F48     		ldr	r0, .L49
 537 0064 FFF7FEFF 		bl	HAL_TIMEx_MasterConfigSynchronization
 538              	.LVL23:
 120:Core/Src/tim.c ****   {
 539              		.loc 1 120 6 discriminator 1 view .LVU155
 540 0068 58BB     		cbnz	r0, .L44
 541              	.L35:
 124:Core/Src/tim.c ****   sConfigOC.Pulse = 0;
 542              		.loc 1 124 3 is_stmt 1 view .LVU156
 124:Core/Src/tim.c ****   sConfigOC.Pulse = 0;
 543              		.loc 1 124 20 is_stmt 0 view .LVU157
 544 006a 6023     		movs	r3, #96
 545 006c 0193     		str	r3, [sp, #4]
 125:Core/Src/tim.c ****   sConfigOC.OCPolarity = TIM_OCPOLARITY_HIGH;
 546              		.loc 1 125 3 is_stmt 1 view .LVU158
 125:Core/Src/tim.c ****   sConfigOC.OCPolarity = TIM_OCPOLARITY_HIGH;
 547              		.loc 1 125 19 is_stmt 0 view .LVU159
 548 006e 0022     		movs	r2, #0
 549 0070 0292     		str	r2, [sp, #8]
 126:Core/Src/tim.c ****   sConfigOC.OCFastMode = TIM_OCFAST_DISABLE;
 550              		.loc 1 126 3 is_stmt 1 view .LVU160
 126:Core/Src/tim.c ****   sConfigOC.OCFastMode = TIM_OCFAST_DISABLE;
 551              		.loc 1 126 24 is_stmt 0 view .LVU161
ARM GAS  /tmp/ccHHjnqY.s 			page 17


 552 0072 0392     		str	r2, [sp, #12]
 127:Core/Src/tim.c ****   if (HAL_TIM_PWM_ConfigChannel(&htim4, &sConfigOC, TIM_CHANNEL_1) != HAL_OK)
 553              		.loc 1 127 3 is_stmt 1 view .LVU162
 127:Core/Src/tim.c ****   if (HAL_TIM_PWM_ConfigChannel(&htim4, &sConfigOC, TIM_CHANNEL_1) != HAL_OK)
 554              		.loc 1 127 24 is_stmt 0 view .LVU163
 555 0074 0592     		str	r2, [sp, #20]
 128:Core/Src/tim.c ****   {
 556              		.loc 1 128 3 is_stmt 1 view .LVU164
 128:Core/Src/tim.c ****   {
 557              		.loc 1 128 7 is_stmt 0 view .LVU165
 558 0076 01A9     		add	r1, sp, #4
 559 0078 1948     		ldr	r0, .L49
 560 007a FFF7FEFF 		bl	HAL_TIM_PWM_ConfigChannel
 561              	.LVL24:
 128:Core/Src/tim.c ****   {
 562              		.loc 1 128 6 discriminator 1 view .LVU166
 563 007e 18BB     		cbnz	r0, .L45
 564              	.L36:
 132:Core/Src/tim.c ****   {
 565              		.loc 1 132 3 is_stmt 1 view .LVU167
 132:Core/Src/tim.c ****   {
 566              		.loc 1 132 7 is_stmt 0 view .LVU168
 567 0080 0422     		movs	r2, #4
 568 0082 0DEB0201 		add	r1, sp, r2
 569 0086 1648     		ldr	r0, .L49
 570 0088 FFF7FEFF 		bl	HAL_TIM_PWM_ConfigChannel
 571              	.LVL25:
 132:Core/Src/tim.c ****   {
 572              		.loc 1 132 6 discriminator 1 view .LVU169
 573 008c F8B9     		cbnz	r0, .L46
 574              	.L37:
 136:Core/Src/tim.c ****   {
 575              		.loc 1 136 3 is_stmt 1 view .LVU170
 136:Core/Src/tim.c ****   {
 576              		.loc 1 136 7 is_stmt 0 view .LVU171
 577 008e 0822     		movs	r2, #8
 578 0090 01A9     		add	r1, sp, #4
 579 0092 1348     		ldr	r0, .L49
 580 0094 FFF7FEFF 		bl	HAL_TIM_PWM_ConfigChannel
 581              	.LVL26:
 136:Core/Src/tim.c ****   {
 582              		.loc 1 136 6 discriminator 1 view .LVU172
 583 0098 E0B9     		cbnz	r0, .L47
 584              	.L38:
 140:Core/Src/tim.c ****   {
 585              		.loc 1 140 3 is_stmt 1 view .LVU173
 140:Core/Src/tim.c ****   {
 586              		.loc 1 140 7 is_stmt 0 view .LVU174
 587 009a 0C22     		movs	r2, #12
 588 009c 01A9     		add	r1, sp, #4
 589 009e 1048     		ldr	r0, .L49
 590 00a0 FFF7FEFF 		bl	HAL_TIM_PWM_ConfigChannel
 591              	.LVL27:
 140:Core/Src/tim.c ****   {
 592              		.loc 1 140 6 discriminator 1 view .LVU175
 593 00a4 C8B9     		cbnz	r0, .L48
 594              	.L39:
ARM GAS  /tmp/ccHHjnqY.s 			page 18


 147:Core/Src/tim.c **** 
 595              		.loc 1 147 3 is_stmt 1 view .LVU176
 596 00a6 0E48     		ldr	r0, .L49
 597 00a8 FFF7FEFF 		bl	HAL_TIM_MspPostInit
 598              	.LVL28:
 149:Core/Src/tim.c **** 
 599              		.loc 1 149 1 is_stmt 0 view .LVU177
 600 00ac 0FB0     		add	sp, sp, #60
 601              	.LCFI13:
 602              		.cfi_remember_state
 603              		.cfi_def_cfa_offset 4
 604              		@ sp needed
 605 00ae 00BD     		pop	{pc}
 606              	.L41:
 607              	.LCFI14:
 608              		.cfi_restore_state
 107:Core/Src/tim.c ****   }
 609              		.loc 1 107 5 is_stmt 1 view .LVU178
 610 00b0 FFF7FEFF 		bl	Error_Handler
 611              	.LVL29:
 612 00b4 C3E7     		b	.L32
 613              	.L42:
 112:Core/Src/tim.c ****   }
 614              		.loc 1 112 5 view .LVU179
 615 00b6 FFF7FEFF 		bl	Error_Handler
 616              	.LVL30:
 617 00ba C9E7     		b	.L33
 618              	.L43:
 116:Core/Src/tim.c ****   }
 619              		.loc 1 116 5 view .LVU180
 620 00bc FFF7FEFF 		bl	Error_Handler
 621              	.LVL31:
 622 00c0 CBE7     		b	.L34
 623              	.L44:
 122:Core/Src/tim.c ****   }
 624              		.loc 1 122 5 view .LVU181
 625 00c2 FFF7FEFF 		bl	Error_Handler
 626              	.LVL32:
 627 00c6 D0E7     		b	.L35
 628              	.L45:
 130:Core/Src/tim.c ****   }
 629              		.loc 1 130 5 view .LVU182
 630 00c8 FFF7FEFF 		bl	Error_Handler
 631              	.LVL33:
 632 00cc D8E7     		b	.L36
 633              	.L46:
 134:Core/Src/tim.c ****   }
 634              		.loc 1 134 5 view .LVU183
 635 00ce FFF7FEFF 		bl	Error_Handler
 636              	.LVL34:
 637 00d2 DCE7     		b	.L37
 638              	.L47:
 138:Core/Src/tim.c ****   }
 639              		.loc 1 138 5 view .LVU184
 640 00d4 FFF7FEFF 		bl	Error_Handler
 641              	.LVL35:
 642 00d8 DFE7     		b	.L38
ARM GAS  /tmp/ccHHjnqY.s 			page 19


 643              	.L48:
 142:Core/Src/tim.c ****   }
 644              		.loc 1 142 5 view .LVU185
 645 00da FFF7FEFF 		bl	Error_Handler
 646              	.LVL36:
 647 00de E2E7     		b	.L39
 648              	.L50:
 649              		.align	2
 650              	.L49:
 651 00e0 00000000 		.word	htim4
 652 00e4 00080040 		.word	1073743872
 653              		.cfi_endproc
 654              	.LFE240:
 656              		.section	.text.HAL_TIM_Base_MspDeInit,"ax",%progbits
 657              		.align	1
 658              		.global	HAL_TIM_Base_MspDeInit
 659              		.syntax unified
 660              		.thumb
 661              		.thumb_func
 663              	HAL_TIM_Base_MspDeInit:
 664              	.LVL37:
 665              	.LFB243:
 227:Core/Src/tim.c **** 
 228:Core/Src/tim.c **** void HAL_TIM_Base_MspDeInit(TIM_HandleTypeDef* tim_baseHandle)
 229:Core/Src/tim.c **** {
 666              		.loc 1 229 1 view -0
 667              		.cfi_startproc
 668              		@ args = 0, pretend = 0, frame = 0
 669              		@ frame_needed = 0, uses_anonymous_args = 0
 670              		@ link register save eliminated.
 230:Core/Src/tim.c **** 
 231:Core/Src/tim.c ****   if(tim_baseHandle->Instance==TIM3)
 671              		.loc 1 231 3 view .LVU187
 672              		.loc 1 231 20 is_stmt 0 view .LVU188
 673 0000 0368     		ldr	r3, [r0]
 674              		.loc 1 231 5 view .LVU189
 675 0002 0A4A     		ldr	r2, .L56
 676 0004 9342     		cmp	r3, r2
 677 0006 03D0     		beq	.L54
 232:Core/Src/tim.c ****   {
 233:Core/Src/tim.c ****   /* USER CODE BEGIN TIM3_MspDeInit 0 */
 234:Core/Src/tim.c **** 
 235:Core/Src/tim.c ****   /* USER CODE END TIM3_MspDeInit 0 */
 236:Core/Src/tim.c ****     /* Peripheral clock disable */
 237:Core/Src/tim.c ****     __HAL_RCC_TIM3_CLK_DISABLE();
 238:Core/Src/tim.c ****   /* USER CODE BEGIN TIM3_MspDeInit 1 */
 239:Core/Src/tim.c **** 
 240:Core/Src/tim.c ****   /* USER CODE END TIM3_MspDeInit 1 */
 241:Core/Src/tim.c ****   }
 242:Core/Src/tim.c ****   else if(tim_baseHandle->Instance==TIM4)
 678              		.loc 1 242 8 is_stmt 1 view .LVU190
 679              		.loc 1 242 10 is_stmt 0 view .LVU191
 680 0008 094A     		ldr	r2, .L56+4
 681 000a 9342     		cmp	r3, r2
 682 000c 07D0     		beq	.L55
 683              	.L51:
 243:Core/Src/tim.c ****   {
ARM GAS  /tmp/ccHHjnqY.s 			page 20


 244:Core/Src/tim.c ****   /* USER CODE BEGIN TIM4_MspDeInit 0 */
 245:Core/Src/tim.c **** 
 246:Core/Src/tim.c ****   /* USER CODE END TIM4_MspDeInit 0 */
 247:Core/Src/tim.c ****     /* Peripheral clock disable */
 248:Core/Src/tim.c ****     __HAL_RCC_TIM4_CLK_DISABLE();
 249:Core/Src/tim.c ****   /* USER CODE BEGIN TIM4_MspDeInit 1 */
 250:Core/Src/tim.c **** 
 251:Core/Src/tim.c ****   /* USER CODE END TIM4_MspDeInit 1 */
 252:Core/Src/tim.c ****   }
 253:Core/Src/tim.c **** }
 684              		.loc 1 253 1 view .LVU192
 685 000e 7047     		bx	lr
 686              	.L54:
 237:Core/Src/tim.c ****   /* USER CODE BEGIN TIM3_MspDeInit 1 */
 687              		.loc 1 237 5 is_stmt 1 view .LVU193
 688 0010 02F50D32 		add	r2, r2, #144384
 689 0014 136C     		ldr	r3, [r2, #64]
 690 0016 23F00203 		bic	r3, r3, #2
 691 001a 1364     		str	r3, [r2, #64]
 692 001c 7047     		bx	lr
 693              	.L55:
 248:Core/Src/tim.c ****   /* USER CODE BEGIN TIM4_MspDeInit 1 */
 694              		.loc 1 248 5 view .LVU194
 695 001e 02F50C32 		add	r2, r2, #143360
 696 0022 136C     		ldr	r3, [r2, #64]
 697 0024 23F00403 		bic	r3, r3, #4
 698 0028 1364     		str	r3, [r2, #64]
 699              		.loc 1 253 1 is_stmt 0 view .LVU195
 700 002a F0E7     		b	.L51
 701              	.L57:
 702              		.align	2
 703              	.L56:
 704 002c 00040040 		.word	1073742848
 705 0030 00080040 		.word	1073743872
 706              		.cfi_endproc
 707              	.LFE243:
 709              		.global	htim4
 710              		.section	.bss.htim4,"aw",%nobits
 711              		.align	2
 714              	htim4:
 715 0000 00000000 		.space	72
 715      00000000 
 715      00000000 
 715      00000000 
 715      00000000 
 716              		.global	htim3
 717              		.section	.bss.htim3,"aw",%nobits
 718              		.align	2
 721              	htim3:
 722 0000 00000000 		.space	72
 722      00000000 
 722      00000000 
 722      00000000 
 722      00000000 
 723              		.text
 724              	.Letext0:
 725              		.file 2 "/opt/st/stm32cubeclt_1.21.0/GNU-tools-for-STM32/arm-none-eabi/include/machine/_default_ty
ARM GAS  /tmp/ccHHjnqY.s 			page 21


 726              		.file 3 "/opt/st/stm32cubeclt_1.21.0/GNU-tools-for-STM32/arm-none-eabi/include/sys/_stdint.h"
 727              		.file 4 "Drivers/CMSIS/Device/ST/STM32F4xx/Include/stm32f407xx.h"
 728              		.file 5 "Drivers/STM32F4xx_HAL_Driver/Inc/stm32f4xx_hal_def.h"
 729              		.file 6 "Drivers/STM32F4xx_HAL_Driver/Inc/stm32f4xx_hal_gpio.h"
 730              		.file 7 "Drivers/STM32F4xx_HAL_Driver/Inc/stm32f4xx_hal_dma.h"
 731              		.file 8 "Drivers/STM32F4xx_HAL_Driver/Inc/stm32f4xx_hal_tim.h"
 732              		.file 9 "Core/Inc/tim.h"
 733              		.file 10 "Drivers/STM32F4xx_HAL_Driver/Inc/stm32f4xx_hal_tim_ex.h"
 734              		.file 11 "Core/Inc/main.h"
ARM GAS  /tmp/ccHHjnqY.s 			page 22


DEFINED SYMBOLS
                            *ABS*:00000000 tim.c
     /tmp/ccHHjnqY.s:21     .text.HAL_TIM_Base_MspInit:00000000 $t
     /tmp/ccHHjnqY.s:27     .text.HAL_TIM_Base_MspInit:00000000 HAL_TIM_Base_MspInit
     /tmp/ccHHjnqY.s:105    .text.HAL_TIM_Base_MspInit:00000048 $d
     /tmp/ccHHjnqY.s:112    .text.HAL_TIM_MspPostInit:00000000 $t
     /tmp/ccHHjnqY.s:118    .text.HAL_TIM_MspPostInit:00000000 HAL_TIM_MspPostInit
     /tmp/ccHHjnqY.s:250    .text.HAL_TIM_MspPostInit:0000007c $d
     /tmp/ccHHjnqY.s:259    .text.MX_TIM3_Init:00000000 $t
     /tmp/ccHHjnqY.s:265    .text.MX_TIM3_Init:00000000 MX_TIM3_Init
     /tmp/ccHHjnqY.s:428    .text.MX_TIM3_Init:000000a4 $d
     /tmp/ccHHjnqY.s:721    .bss.htim3:00000000 htim3
     /tmp/ccHHjnqY.s:434    .text.MX_TIM4_Init:00000000 $t
     /tmp/ccHHjnqY.s:440    .text.MX_TIM4_Init:00000000 MX_TIM4_Init
     /tmp/ccHHjnqY.s:651    .text.MX_TIM4_Init:000000e0 $d
     /tmp/ccHHjnqY.s:714    .bss.htim4:00000000 htim4
     /tmp/ccHHjnqY.s:657    .text.HAL_TIM_Base_MspDeInit:00000000 $t
     /tmp/ccHHjnqY.s:663    .text.HAL_TIM_Base_MspDeInit:00000000 HAL_TIM_Base_MspDeInit
     /tmp/ccHHjnqY.s:704    .text.HAL_TIM_Base_MspDeInit:0000002c $d
     /tmp/ccHHjnqY.s:711    .bss.htim4:00000000 $d
     /tmp/ccHHjnqY.s:718    .bss.htim3:00000000 $d

UNDEFINED SYMBOLS
HAL_GPIO_Init
HAL_TIM_Base_Init
HAL_TIM_ConfigClockSource
HAL_TIM_PWM_Init
HAL_TIMEx_MasterConfigSynchronization
HAL_TIM_PWM_ConfigChannel
Error_Handler
