ARM GAS  /tmp/ccyuv680.s 			page 1


   1              		.cpu cortex-m4
   2              		.arch armv7e-m
   3              		.fpu fpv4-sp-d16
   4              		.eabi_attribute 27, 1
   5              		.eabi_attribute 28, 1
   6              		.eabi_attribute 20, 1
   7              		.eabi_attribute 21, 1
   8              		.eabi_attribute 23, 3
   9              		.eabi_attribute 24, 1
  10              		.eabi_attribute 25, 1
  11              		.eabi_attribute 26, 1
  12              		.eabi_attribute 30, 1
  13              		.eabi_attribute 34, 1
  14              		.eabi_attribute 18, 4
  15              		.file	"usbh_conf.c"
  16              		.text
  17              	.Ltext0:
  18              		.cfi_sections	.debug_frame
  19              		.file 1 "USB_HOST/Target/usbh_conf.c"
  20              		.section	.text.HAL_HCD_MspInit,"ax",%progbits
  21              		.align	1
  22              		.global	HAL_HCD_MspInit
  23              		.syntax unified
  24              		.thumb
  25              		.thumb_func
  27              	HAL_HCD_MspInit:
  28              	.LVL0:
  29              	.LFB242:
   1:USB_HOST/Target/usbh_conf.c **** /* USER CODE BEGIN Header */
   2:USB_HOST/Target/usbh_conf.c **** /**
   3:USB_HOST/Target/usbh_conf.c ****   ******************************************************************************
   4:USB_HOST/Target/usbh_conf.c ****   * @file           : Target/usbh_conf.c
   5:USB_HOST/Target/usbh_conf.c ****   * @version        : v1.0_Cube
   6:USB_HOST/Target/usbh_conf.c ****   * @brief          : This file implements the board support package for the USB host library
   7:USB_HOST/Target/usbh_conf.c ****   ******************************************************************************
   8:USB_HOST/Target/usbh_conf.c ****   * @attention
   9:USB_HOST/Target/usbh_conf.c ****   *
  10:USB_HOST/Target/usbh_conf.c ****   * Copyright (c) 2026 STMicroelectronics.
  11:USB_HOST/Target/usbh_conf.c ****   * All rights reserved.
  12:USB_HOST/Target/usbh_conf.c ****   *
  13:USB_HOST/Target/usbh_conf.c ****   * This software is licensed under terms that can be found in the LICENSE file
  14:USB_HOST/Target/usbh_conf.c ****   * in the root directory of this software component.
  15:USB_HOST/Target/usbh_conf.c ****   * If no LICENSE file comes with this software, it is provided AS-IS.
  16:USB_HOST/Target/usbh_conf.c ****   *
  17:USB_HOST/Target/usbh_conf.c ****   ******************************************************************************
  18:USB_HOST/Target/usbh_conf.c ****   */
  19:USB_HOST/Target/usbh_conf.c **** /* USER CODE END Header */
  20:USB_HOST/Target/usbh_conf.c **** 
  21:USB_HOST/Target/usbh_conf.c **** /* Includes ------------------------------------------------------------------*/
  22:USB_HOST/Target/usbh_conf.c **** #include "usbh_core.h"
  23:USB_HOST/Target/usbh_conf.c **** #include "usbh_platform.h"
  24:USB_HOST/Target/usbh_conf.c **** 
  25:USB_HOST/Target/usbh_conf.c **** /* USER CODE BEGIN Includes */
  26:USB_HOST/Target/usbh_conf.c **** 
  27:USB_HOST/Target/usbh_conf.c **** /* USER CODE END Includes */
  28:USB_HOST/Target/usbh_conf.c **** 
  29:USB_HOST/Target/usbh_conf.c **** /* Private typedef -----------------------------------------------------------*/
ARM GAS  /tmp/ccyuv680.s 			page 2


  30:USB_HOST/Target/usbh_conf.c **** /* Private define ------------------------------------------------------------*/
  31:USB_HOST/Target/usbh_conf.c **** /* Private macro -------------------------------------------------------------*/
  32:USB_HOST/Target/usbh_conf.c **** 
  33:USB_HOST/Target/usbh_conf.c **** /* USER CODE BEGIN PV */
  34:USB_HOST/Target/usbh_conf.c **** /* Private variables ---------------------------------------------------------*/
  35:USB_HOST/Target/usbh_conf.c **** 
  36:USB_HOST/Target/usbh_conf.c **** /* USER CODE END PV */
  37:USB_HOST/Target/usbh_conf.c **** 
  38:USB_HOST/Target/usbh_conf.c **** HCD_HandleTypeDef hhcd_USB_OTG_FS;
  39:USB_HOST/Target/usbh_conf.c **** void Error_Handler(void);
  40:USB_HOST/Target/usbh_conf.c **** 
  41:USB_HOST/Target/usbh_conf.c **** /* USER CODE BEGIN 0 */
  42:USB_HOST/Target/usbh_conf.c **** 
  43:USB_HOST/Target/usbh_conf.c **** /* USER CODE END 0 */
  44:USB_HOST/Target/usbh_conf.c **** 
  45:USB_HOST/Target/usbh_conf.c **** /* USER CODE BEGIN PFP */
  46:USB_HOST/Target/usbh_conf.c **** /* Private function prototypes -----------------------------------------------*/
  47:USB_HOST/Target/usbh_conf.c **** USBH_StatusTypeDef USBH_Get_USB_Status(HAL_StatusTypeDef hal_status);
  48:USB_HOST/Target/usbh_conf.c **** 
  49:USB_HOST/Target/usbh_conf.c **** /* USER CODE END PFP */
  50:USB_HOST/Target/usbh_conf.c **** 
  51:USB_HOST/Target/usbh_conf.c **** /* Private functions ---------------------------------------------------------*/
  52:USB_HOST/Target/usbh_conf.c **** 
  53:USB_HOST/Target/usbh_conf.c **** /* USER CODE BEGIN 1 */
  54:USB_HOST/Target/usbh_conf.c **** 
  55:USB_HOST/Target/usbh_conf.c **** /* USER CODE END 1 */
  56:USB_HOST/Target/usbh_conf.c **** 
  57:USB_HOST/Target/usbh_conf.c **** /*******************************************************************************
  58:USB_HOST/Target/usbh_conf.c ****                        LL Driver Callbacks (HCD -> USB Host Library)
  59:USB_HOST/Target/usbh_conf.c **** *******************************************************************************/
  60:USB_HOST/Target/usbh_conf.c **** /* MSP Init */
  61:USB_HOST/Target/usbh_conf.c **** 
  62:USB_HOST/Target/usbh_conf.c **** void HAL_HCD_MspInit(HCD_HandleTypeDef* hcdHandle)
  63:USB_HOST/Target/usbh_conf.c **** {
  30              		.loc 1 63 1 view -0
  31              		.cfi_startproc
  32              		@ args = 0, pretend = 0, frame = 32
  33              		@ frame_needed = 0, uses_anonymous_args = 0
  34              		.loc 1 63 1 is_stmt 0 view .LVU1
  35 0000 F0B5     		push	{r4, r5, r6, r7, lr}
  36              	.LCFI0:
  37              		.cfi_def_cfa_offset 20
  38              		.cfi_offset 4, -20
  39              		.cfi_offset 5, -16
  40              		.cfi_offset 6, -12
  41              		.cfi_offset 7, -8
  42              		.cfi_offset 14, -4
  43 0002 89B0     		sub	sp, sp, #36
  44              	.LCFI1:
  45              		.cfi_def_cfa_offset 56
  64:USB_HOST/Target/usbh_conf.c ****   GPIO_InitTypeDef GPIO_InitStruct = {0};
  46              		.loc 1 64 3 is_stmt 1 view .LVU2
  47              		.loc 1 64 20 is_stmt 0 view .LVU3
  48 0004 0023     		movs	r3, #0
  49 0006 0393     		str	r3, [sp, #12]
  50 0008 0493     		str	r3, [sp, #16]
  51 000a 0593     		str	r3, [sp, #20]
ARM GAS  /tmp/ccyuv680.s 			page 3


  52 000c 0693     		str	r3, [sp, #24]
  53 000e 0793     		str	r3, [sp, #28]
  65:USB_HOST/Target/usbh_conf.c ****   if(hcdHandle->Instance==USB_OTG_FS)
  54              		.loc 1 65 3 is_stmt 1 view .LVU4
  55              		.loc 1 65 15 is_stmt 0 view .LVU5
  56 0010 0368     		ldr	r3, [r0]
  57              		.loc 1 65 5 view .LVU6
  58 0012 B3F1A04F 		cmp	r3, #1342177280
  59 0016 01D0     		beq	.L4
  60              	.LVL1:
  61              	.L1:
  66:USB_HOST/Target/usbh_conf.c ****   {
  67:USB_HOST/Target/usbh_conf.c ****   /* USER CODE BEGIN USB_OTG_FS_MspInit 0 */
  68:USB_HOST/Target/usbh_conf.c **** 
  69:USB_HOST/Target/usbh_conf.c ****   /* USER CODE END USB_OTG_FS_MspInit 0 */
  70:USB_HOST/Target/usbh_conf.c **** 
  71:USB_HOST/Target/usbh_conf.c ****     __HAL_RCC_GPIOA_CLK_ENABLE();
  72:USB_HOST/Target/usbh_conf.c ****     /**USB_OTG_FS GPIO Configuration
  73:USB_HOST/Target/usbh_conf.c ****     PA9     ------> USB_OTG_FS_VBUS
  74:USB_HOST/Target/usbh_conf.c ****     PA10     ------> USB_OTG_FS_ID
  75:USB_HOST/Target/usbh_conf.c ****     PA11     ------> USB_OTG_FS_DM
  76:USB_HOST/Target/usbh_conf.c ****     PA12     ------> USB_OTG_FS_DP
  77:USB_HOST/Target/usbh_conf.c ****     */
  78:USB_HOST/Target/usbh_conf.c ****     GPIO_InitStruct.Pin = VBUS_FS_Pin;
  79:USB_HOST/Target/usbh_conf.c ****     GPIO_InitStruct.Mode = GPIO_MODE_INPUT;
  80:USB_HOST/Target/usbh_conf.c ****     GPIO_InitStruct.Pull = GPIO_NOPULL;
  81:USB_HOST/Target/usbh_conf.c ****     HAL_GPIO_Init(VBUS_FS_GPIO_Port, &GPIO_InitStruct);
  82:USB_HOST/Target/usbh_conf.c **** 
  83:USB_HOST/Target/usbh_conf.c ****     GPIO_InitStruct.Pin = OTG_FS_ID_Pin|OTG_FS_DM_Pin|OTG_FS_DP_Pin;
  84:USB_HOST/Target/usbh_conf.c ****     GPIO_InitStruct.Mode = GPIO_MODE_AF_PP;
  85:USB_HOST/Target/usbh_conf.c ****     GPIO_InitStruct.Pull = GPIO_NOPULL;
  86:USB_HOST/Target/usbh_conf.c ****     GPIO_InitStruct.Speed = GPIO_SPEED_FREQ_LOW;
  87:USB_HOST/Target/usbh_conf.c ****     GPIO_InitStruct.Alternate = GPIO_AF10_OTG_FS;
  88:USB_HOST/Target/usbh_conf.c ****     HAL_GPIO_Init(GPIOA, &GPIO_InitStruct);
  89:USB_HOST/Target/usbh_conf.c **** 
  90:USB_HOST/Target/usbh_conf.c ****     /* Peripheral clock enable */
  91:USB_HOST/Target/usbh_conf.c ****     __HAL_RCC_USB_OTG_FS_CLK_ENABLE();
  92:USB_HOST/Target/usbh_conf.c **** 
  93:USB_HOST/Target/usbh_conf.c ****     /* Peripheral interrupt init */
  94:USB_HOST/Target/usbh_conf.c ****     HAL_NVIC_SetPriority(OTG_FS_IRQn, 0, 0);
  95:USB_HOST/Target/usbh_conf.c ****     HAL_NVIC_EnableIRQ(OTG_FS_IRQn);
  96:USB_HOST/Target/usbh_conf.c ****   /* USER CODE BEGIN USB_OTG_FS_MspInit 1 */
  97:USB_HOST/Target/usbh_conf.c **** 
  98:USB_HOST/Target/usbh_conf.c ****   /* USER CODE END USB_OTG_FS_MspInit 1 */
  99:USB_HOST/Target/usbh_conf.c ****   }
 100:USB_HOST/Target/usbh_conf.c **** }
  62              		.loc 1 100 1 view .LVU7
  63 0018 09B0     		add	sp, sp, #36
  64              	.LCFI2:
  65              		.cfi_remember_state
  66              		.cfi_def_cfa_offset 20
  67              		@ sp needed
  68 001a F0BD     		pop	{r4, r5, r6, r7, pc}
  69              	.LVL2:
  70              	.L4:
  71              	.LCFI3:
  72              		.cfi_restore_state
ARM GAS  /tmp/ccyuv680.s 			page 4


  73              		.loc 1 100 1 view .LVU8
  74 001c 03AA     		add	r2, sp, #12
  71:USB_HOST/Target/usbh_conf.c ****     /**USB_OTG_FS GPIO Configuration
  75              		.loc 1 71 5 is_stmt 1 view .LVU9
  76              	.LBB2:
  71:USB_HOST/Target/usbh_conf.c ****     /**USB_OTG_FS GPIO Configuration
  77              		.loc 1 71 5 view .LVU10
  78 001e 0025     		movs	r5, #0
  79 0020 0195     		str	r5, [sp, #4]
  71:USB_HOST/Target/usbh_conf.c ****     /**USB_OTG_FS GPIO Configuration
  80              		.loc 1 71 5 view .LVU11
  81 0022 1B4C     		ldr	r4, .L5
  82 0024 236B     		ldr	r3, [r4, #48]
  83 0026 43F00103 		orr	r3, r3, #1
  84 002a 2363     		str	r3, [r4, #48]
  71:USB_HOST/Target/usbh_conf.c ****     /**USB_OTG_FS GPIO Configuration
  85              		.loc 1 71 5 view .LVU12
  86 002c 236B     		ldr	r3, [r4, #48]
  87 002e 03F00103 		and	r3, r3, #1
  88 0032 0193     		str	r3, [sp, #4]
  71:USB_HOST/Target/usbh_conf.c ****     /**USB_OTG_FS GPIO Configuration
  89              		.loc 1 71 5 view .LVU13
  90 0034 019B     		ldr	r3, [sp, #4]
  91              	.LBE2:
  71:USB_HOST/Target/usbh_conf.c ****     /**USB_OTG_FS GPIO Configuration
  92              		.loc 1 71 5 view .LVU14
  78:USB_HOST/Target/usbh_conf.c ****     GPIO_InitStruct.Mode = GPIO_MODE_INPUT;
  93              		.loc 1 78 5 view .LVU15
  78:USB_HOST/Target/usbh_conf.c ****     GPIO_InitStruct.Mode = GPIO_MODE_INPUT;
  94              		.loc 1 78 25 is_stmt 0 view .LVU16
  95 0036 4FF40073 		mov	r3, #512
  96 003a 0393     		str	r3, [sp, #12]
  79:USB_HOST/Target/usbh_conf.c ****     GPIO_InitStruct.Pull = GPIO_NOPULL;
  97              		.loc 1 79 5 is_stmt 1 view .LVU17
  80:USB_HOST/Target/usbh_conf.c ****     HAL_GPIO_Init(VBUS_FS_GPIO_Port, &GPIO_InitStruct);
  98              		.loc 1 80 5 view .LVU18
  81:USB_HOST/Target/usbh_conf.c **** 
  99              		.loc 1 81 5 view .LVU19
 100 003c 1746     		mov	r7, r2
 101 003e 154E     		ldr	r6, .L5+4
 102 0040 1146     		mov	r1, r2
 103 0042 3046     		mov	r0, r6
 104              	.LVL3:
  81:USB_HOST/Target/usbh_conf.c **** 
 105              		.loc 1 81 5 is_stmt 0 view .LVU20
 106 0044 FFF7FEFF 		bl	HAL_GPIO_Init
 107              	.LVL4:
  83:USB_HOST/Target/usbh_conf.c ****     GPIO_InitStruct.Mode = GPIO_MODE_AF_PP;
 108              		.loc 1 83 5 is_stmt 1 view .LVU21
  83:USB_HOST/Target/usbh_conf.c ****     GPIO_InitStruct.Mode = GPIO_MODE_AF_PP;
 109              		.loc 1 83 25 is_stmt 0 view .LVU22
 110 0048 4FF4E053 		mov	r3, #7168
 111 004c 0393     		str	r3, [sp, #12]
  84:USB_HOST/Target/usbh_conf.c ****     GPIO_InitStruct.Pull = GPIO_NOPULL;
 112              		.loc 1 84 5 is_stmt 1 view .LVU23
  84:USB_HOST/Target/usbh_conf.c ****     GPIO_InitStruct.Pull = GPIO_NOPULL;
 113              		.loc 1 84 26 is_stmt 0 view .LVU24
ARM GAS  /tmp/ccyuv680.s 			page 5


 114 004e 0223     		movs	r3, #2
 115 0050 0493     		str	r3, [sp, #16]
  85:USB_HOST/Target/usbh_conf.c ****     GPIO_InitStruct.Speed = GPIO_SPEED_FREQ_LOW;
 116              		.loc 1 85 5 is_stmt 1 view .LVU25
  85:USB_HOST/Target/usbh_conf.c ****     GPIO_InitStruct.Speed = GPIO_SPEED_FREQ_LOW;
 117              		.loc 1 85 26 is_stmt 0 view .LVU26
 118 0052 0595     		str	r5, [sp, #20]
  86:USB_HOST/Target/usbh_conf.c ****     GPIO_InitStruct.Alternate = GPIO_AF10_OTG_FS;
 119              		.loc 1 86 5 is_stmt 1 view .LVU27
  86:USB_HOST/Target/usbh_conf.c ****     GPIO_InitStruct.Alternate = GPIO_AF10_OTG_FS;
 120              		.loc 1 86 27 is_stmt 0 view .LVU28
 121 0054 0695     		str	r5, [sp, #24]
  87:USB_HOST/Target/usbh_conf.c ****     HAL_GPIO_Init(GPIOA, &GPIO_InitStruct);
 122              		.loc 1 87 5 is_stmt 1 view .LVU29
  87:USB_HOST/Target/usbh_conf.c ****     HAL_GPIO_Init(GPIOA, &GPIO_InitStruct);
 123              		.loc 1 87 31 is_stmt 0 view .LVU30
 124 0056 0A23     		movs	r3, #10
 125 0058 0793     		str	r3, [sp, #28]
  88:USB_HOST/Target/usbh_conf.c **** 
 126              		.loc 1 88 5 is_stmt 1 view .LVU31
 127 005a 3946     		mov	r1, r7
 128 005c 3046     		mov	r0, r6
 129 005e FFF7FEFF 		bl	HAL_GPIO_Init
 130              	.LVL5:
  91:USB_HOST/Target/usbh_conf.c **** 
 131              		.loc 1 91 5 view .LVU32
  91:USB_HOST/Target/usbh_conf.c **** 
 132              		.loc 1 91 5 view .LVU33
 133 0062 636B     		ldr	r3, [r4, #52]
 134 0064 43F08003 		orr	r3, r3, #128
 135 0068 6363     		str	r3, [r4, #52]
  91:USB_HOST/Target/usbh_conf.c **** 
 136              		.loc 1 91 5 view .LVU34
 137              	.LBB3:
  91:USB_HOST/Target/usbh_conf.c **** 
 138              		.loc 1 91 5 view .LVU35
 139 006a 0295     		str	r5, [sp, #8]
  91:USB_HOST/Target/usbh_conf.c **** 
 140              		.loc 1 91 5 view .LVU36
 141 006c 636C     		ldr	r3, [r4, #68]
 142 006e 43F48043 		orr	r3, r3, #16384
 143 0072 6364     		str	r3, [r4, #68]
  91:USB_HOST/Target/usbh_conf.c **** 
 144              		.loc 1 91 5 view .LVU37
 145 0074 636C     		ldr	r3, [r4, #68]
 146 0076 03F48043 		and	r3, r3, #16384
 147 007a 0293     		str	r3, [sp, #8]
  91:USB_HOST/Target/usbh_conf.c **** 
 148              		.loc 1 91 5 view .LVU38
 149 007c 029B     		ldr	r3, [sp, #8]
 150              	.LBE3:
  91:USB_HOST/Target/usbh_conf.c **** 
 151              		.loc 1 91 5 view .LVU39
  91:USB_HOST/Target/usbh_conf.c **** 
 152              		.loc 1 91 5 view .LVU40
  94:USB_HOST/Target/usbh_conf.c ****     HAL_NVIC_EnableIRQ(OTG_FS_IRQn);
 153              		.loc 1 94 5 view .LVU41
ARM GAS  /tmp/ccyuv680.s 			page 6


 154 007e 2A46     		mov	r2, r5
 155 0080 2946     		mov	r1, r5
 156 0082 4320     		movs	r0, #67
 157 0084 FFF7FEFF 		bl	HAL_NVIC_SetPriority
 158              	.LVL6:
  95:USB_HOST/Target/usbh_conf.c ****   /* USER CODE BEGIN USB_OTG_FS_MspInit 1 */
 159              		.loc 1 95 5 view .LVU42
 160 0088 4320     		movs	r0, #67
 161 008a FFF7FEFF 		bl	HAL_NVIC_EnableIRQ
 162              	.LVL7:
 163              		.loc 1 100 1 is_stmt 0 view .LVU43
 164 008e C3E7     		b	.L1
 165              	.L6:
 166              		.align	2
 167              	.L5:
 168 0090 00380240 		.word	1073887232
 169 0094 00000240 		.word	1073872896
 170              		.cfi_endproc
 171              	.LFE242:
 173              		.section	.text.HAL_HCD_MspDeInit,"ax",%progbits
 174              		.align	1
 175              		.global	HAL_HCD_MspDeInit
 176              		.syntax unified
 177              		.thumb
 178              		.thumb_func
 180              	HAL_HCD_MspDeInit:
 181              	.LVL8:
 182              	.LFB243:
 101:USB_HOST/Target/usbh_conf.c **** 
 102:USB_HOST/Target/usbh_conf.c **** void HAL_HCD_MspDeInit(HCD_HandleTypeDef* hcdHandle)
 103:USB_HOST/Target/usbh_conf.c **** {
 183              		.loc 1 103 1 is_stmt 1 view -0
 184              		.cfi_startproc
 185              		@ args = 0, pretend = 0, frame = 0
 186              		@ frame_needed = 0, uses_anonymous_args = 0
 187              		.loc 1 103 1 is_stmt 0 view .LVU45
 188 0000 08B5     		push	{r3, lr}
 189              	.LCFI4:
 190              		.cfi_def_cfa_offset 8
 191              		.cfi_offset 3, -8
 192              		.cfi_offset 14, -4
 104:USB_HOST/Target/usbh_conf.c ****   if(hcdHandle->Instance==USB_OTG_FS)
 193              		.loc 1 104 3 is_stmt 1 view .LVU46
 194              		.loc 1 104 15 is_stmt 0 view .LVU47
 195 0002 0368     		ldr	r3, [r0]
 196              		.loc 1 104 5 view .LVU48
 197 0004 B3F1A04F 		cmp	r3, #1342177280
 198 0008 00D0     		beq	.L10
 199              	.LVL9:
 200              	.L7:
 105:USB_HOST/Target/usbh_conf.c ****   {
 106:USB_HOST/Target/usbh_conf.c ****   /* USER CODE BEGIN USB_OTG_FS_MspDeInit 0 */
 107:USB_HOST/Target/usbh_conf.c **** 
 108:USB_HOST/Target/usbh_conf.c ****   /* USER CODE END USB_OTG_FS_MspDeInit 0 */
 109:USB_HOST/Target/usbh_conf.c ****     /* Peripheral clock disable */
 110:USB_HOST/Target/usbh_conf.c ****     __HAL_RCC_USB_OTG_FS_CLK_DISABLE();
 111:USB_HOST/Target/usbh_conf.c **** 
ARM GAS  /tmp/ccyuv680.s 			page 7


 112:USB_HOST/Target/usbh_conf.c ****     /**USB_OTG_FS GPIO Configuration
 113:USB_HOST/Target/usbh_conf.c ****     PA9     ------> USB_OTG_FS_VBUS
 114:USB_HOST/Target/usbh_conf.c ****     PA10     ------> USB_OTG_FS_ID
 115:USB_HOST/Target/usbh_conf.c ****     PA11     ------> USB_OTG_FS_DM
 116:USB_HOST/Target/usbh_conf.c ****     PA12     ------> USB_OTG_FS_DP
 117:USB_HOST/Target/usbh_conf.c ****     */
 118:USB_HOST/Target/usbh_conf.c ****     HAL_GPIO_DeInit(GPIOA, VBUS_FS_Pin|OTG_FS_ID_Pin|OTG_FS_DM_Pin|OTG_FS_DP_Pin);
 119:USB_HOST/Target/usbh_conf.c **** 
 120:USB_HOST/Target/usbh_conf.c ****     /* Peripheral interrupt Deinit*/
 121:USB_HOST/Target/usbh_conf.c ****     HAL_NVIC_DisableIRQ(OTG_FS_IRQn);
 122:USB_HOST/Target/usbh_conf.c **** 
 123:USB_HOST/Target/usbh_conf.c ****   /* USER CODE BEGIN USB_OTG_FS_MspDeInit 1 */
 124:USB_HOST/Target/usbh_conf.c **** 
 125:USB_HOST/Target/usbh_conf.c ****   /* USER CODE END USB_OTG_FS_MspDeInit 1 */
 126:USB_HOST/Target/usbh_conf.c ****   }
 127:USB_HOST/Target/usbh_conf.c **** }
 201              		.loc 1 127 1 view .LVU49
 202 000a 08BD     		pop	{r3, pc}
 203              	.LVL10:
 204              	.L10:
 110:USB_HOST/Target/usbh_conf.c **** 
 205              		.loc 1 110 5 is_stmt 1 view .LVU50
 206 000c 064A     		ldr	r2, .L11
 207 000e 536B     		ldr	r3, [r2, #52]
 208 0010 23F08003 		bic	r3, r3, #128
 209 0014 5363     		str	r3, [r2, #52]
 118:USB_HOST/Target/usbh_conf.c **** 
 210              		.loc 1 118 5 view .LVU51
 211 0016 4FF4F051 		mov	r1, #7680
 212 001a 0448     		ldr	r0, .L11+4
 213              	.LVL11:
 118:USB_HOST/Target/usbh_conf.c **** 
 214              		.loc 1 118 5 is_stmt 0 view .LVU52
 215 001c FFF7FEFF 		bl	HAL_GPIO_DeInit
 216              	.LVL12:
 121:USB_HOST/Target/usbh_conf.c **** 
 217              		.loc 1 121 5 is_stmt 1 view .LVU53
 218 0020 4320     		movs	r0, #67
 219 0022 FFF7FEFF 		bl	HAL_NVIC_DisableIRQ
 220              	.LVL13:
 221              		.loc 1 127 1 is_stmt 0 view .LVU54
 222 0026 F0E7     		b	.L7
 223              	.L12:
 224              		.align	2
 225              	.L11:
 226 0028 00380240 		.word	1073887232
 227 002c 00000240 		.word	1073872896
 228              		.cfi_endproc
 229              	.LFE243:
 231              		.section	.text.HAL_HCD_SOF_Callback,"ax",%progbits
 232              		.align	1
 233              		.global	HAL_HCD_SOF_Callback
 234              		.syntax unified
 235              		.thumb
 236              		.thumb_func
 238              	HAL_HCD_SOF_Callback:
 239              	.LVL14:
ARM GAS  /tmp/ccyuv680.s 			page 8


 240              	.LFB244:
 128:USB_HOST/Target/usbh_conf.c **** 
 129:USB_HOST/Target/usbh_conf.c **** /**
 130:USB_HOST/Target/usbh_conf.c ****   * @brief  SOF callback.
 131:USB_HOST/Target/usbh_conf.c ****   * @param  hhcd: HCD handle
 132:USB_HOST/Target/usbh_conf.c ****   * @retval None
 133:USB_HOST/Target/usbh_conf.c ****   */
 134:USB_HOST/Target/usbh_conf.c **** void HAL_HCD_SOF_Callback(HCD_HandleTypeDef *hhcd)
 135:USB_HOST/Target/usbh_conf.c **** {
 241              		.loc 1 135 1 is_stmt 1 view -0
 242              		.cfi_startproc
 243              		@ args = 0, pretend = 0, frame = 0
 244              		@ frame_needed = 0, uses_anonymous_args = 0
 245              		.loc 1 135 1 is_stmt 0 view .LVU56
 246 0000 08B5     		push	{r3, lr}
 247              	.LCFI5:
 248              		.cfi_def_cfa_offset 8
 249              		.cfi_offset 3, -8
 250              		.cfi_offset 14, -4
 136:USB_HOST/Target/usbh_conf.c ****   USBH_LL_IncTimer(hhcd->pData);
 251              		.loc 1 136 3 is_stmt 1 view .LVU57
 252 0002 D0F8DC03 		ldr	r0, [r0, #988]
 253              	.LVL15:
 254              		.loc 1 136 3 is_stmt 0 view .LVU58
 255 0006 FFF7FEFF 		bl	USBH_LL_IncTimer
 256              	.LVL16:
 137:USB_HOST/Target/usbh_conf.c **** }
 257              		.loc 1 137 1 view .LVU59
 258 000a 08BD     		pop	{r3, pc}
 259              		.cfi_endproc
 260              	.LFE244:
 262              		.section	.text.HAL_HCD_Connect_Callback,"ax",%progbits
 263              		.align	1
 264              		.global	HAL_HCD_Connect_Callback
 265              		.syntax unified
 266              		.thumb
 267              		.thumb_func
 269              	HAL_HCD_Connect_Callback:
 270              	.LVL17:
 271              	.LFB245:
 138:USB_HOST/Target/usbh_conf.c **** 
 139:USB_HOST/Target/usbh_conf.c **** /**
 140:USB_HOST/Target/usbh_conf.c ****   * @brief  SOF callback.
 141:USB_HOST/Target/usbh_conf.c ****   * @param  hhcd: HCD handle
 142:USB_HOST/Target/usbh_conf.c ****   * @retval None
 143:USB_HOST/Target/usbh_conf.c ****   */
 144:USB_HOST/Target/usbh_conf.c **** void HAL_HCD_Connect_Callback(HCD_HandleTypeDef *hhcd)
 145:USB_HOST/Target/usbh_conf.c **** {
 272              		.loc 1 145 1 is_stmt 1 view -0
 273              		.cfi_startproc
 274              		@ args = 0, pretend = 0, frame = 0
 275              		@ frame_needed = 0, uses_anonymous_args = 0
 276              		.loc 1 145 1 is_stmt 0 view .LVU61
 277 0000 08B5     		push	{r3, lr}
 278              	.LCFI6:
 279              		.cfi_def_cfa_offset 8
 280              		.cfi_offset 3, -8
ARM GAS  /tmp/ccyuv680.s 			page 9


 281              		.cfi_offset 14, -4
 146:USB_HOST/Target/usbh_conf.c ****   USBH_LL_Connect(hhcd->pData);
 282              		.loc 1 146 3 is_stmt 1 view .LVU62
 283 0002 D0F8DC03 		ldr	r0, [r0, #988]
 284              	.LVL18:
 285              		.loc 1 146 3 is_stmt 0 view .LVU63
 286 0006 FFF7FEFF 		bl	USBH_LL_Connect
 287              	.LVL19:
 147:USB_HOST/Target/usbh_conf.c **** }
 288              		.loc 1 147 1 view .LVU64
 289 000a 08BD     		pop	{r3, pc}
 290              		.cfi_endproc
 291              	.LFE245:
 293              		.section	.text.HAL_HCD_Disconnect_Callback,"ax",%progbits
 294              		.align	1
 295              		.global	HAL_HCD_Disconnect_Callback
 296              		.syntax unified
 297              		.thumb
 298              		.thumb_func
 300              	HAL_HCD_Disconnect_Callback:
 301              	.LVL20:
 302              	.LFB246:
 148:USB_HOST/Target/usbh_conf.c **** 
 149:USB_HOST/Target/usbh_conf.c **** /**
 150:USB_HOST/Target/usbh_conf.c ****   * @brief  SOF callback.
 151:USB_HOST/Target/usbh_conf.c ****   * @param  hhcd: HCD handle
 152:USB_HOST/Target/usbh_conf.c ****   * @retval None
 153:USB_HOST/Target/usbh_conf.c ****   */
 154:USB_HOST/Target/usbh_conf.c **** void HAL_HCD_Disconnect_Callback(HCD_HandleTypeDef *hhcd)
 155:USB_HOST/Target/usbh_conf.c **** {
 303              		.loc 1 155 1 is_stmt 1 view -0
 304              		.cfi_startproc
 305              		@ args = 0, pretend = 0, frame = 0
 306              		@ frame_needed = 0, uses_anonymous_args = 0
 307              		.loc 1 155 1 is_stmt 0 view .LVU66
 308 0000 08B5     		push	{r3, lr}
 309              	.LCFI7:
 310              		.cfi_def_cfa_offset 8
 311              		.cfi_offset 3, -8
 312              		.cfi_offset 14, -4
 156:USB_HOST/Target/usbh_conf.c ****   USBH_LL_Disconnect(hhcd->pData);
 313              		.loc 1 156 3 is_stmt 1 view .LVU67
 314 0002 D0F8DC03 		ldr	r0, [r0, #988]
 315              	.LVL21:
 316              		.loc 1 156 3 is_stmt 0 view .LVU68
 317 0006 FFF7FEFF 		bl	USBH_LL_Disconnect
 318              	.LVL22:
 157:USB_HOST/Target/usbh_conf.c **** }
 319              		.loc 1 157 1 view .LVU69
 320 000a 08BD     		pop	{r3, pc}
 321              		.cfi_endproc
 322              	.LFE246:
 324              		.section	.text.HAL_HCD_HC_NotifyURBChange_Callback,"ax",%progbits
 325              		.align	1
 326              		.global	HAL_HCD_HC_NotifyURBChange_Callback
 327              		.syntax unified
 328              		.thumb
ARM GAS  /tmp/ccyuv680.s 			page 10


 329              		.thumb_func
 331              	HAL_HCD_HC_NotifyURBChange_Callback:
 332              	.LVL23:
 333              	.LFB247:
 158:USB_HOST/Target/usbh_conf.c **** 
 159:USB_HOST/Target/usbh_conf.c **** /**
 160:USB_HOST/Target/usbh_conf.c ****   * @brief  Notify URB state change callback.
 161:USB_HOST/Target/usbh_conf.c ****   * @param  hhcd: HCD handle
 162:USB_HOST/Target/usbh_conf.c ****   * @param  chnum: channel number
 163:USB_HOST/Target/usbh_conf.c ****   * @param  urb_state: state
 164:USB_HOST/Target/usbh_conf.c ****   * @retval None
 165:USB_HOST/Target/usbh_conf.c ****   */
 166:USB_HOST/Target/usbh_conf.c **** void HAL_HCD_HC_NotifyURBChange_Callback(HCD_HandleTypeDef *hhcd, uint8_t chnum, HCD_URBStateTypeDe
 167:USB_HOST/Target/usbh_conf.c **** {
 334              		.loc 1 167 1 is_stmt 1 view -0
 335              		.cfi_startproc
 336              		@ args = 0, pretend = 0, frame = 0
 337              		@ frame_needed = 0, uses_anonymous_args = 0
 338              		@ link register save eliminated.
 168:USB_HOST/Target/usbh_conf.c ****   /* To be used with OS to sync URB state with the global state machine */
 169:USB_HOST/Target/usbh_conf.c **** #if (USBH_USE_OS == 1)
 170:USB_HOST/Target/usbh_conf.c ****   USBH_LL_NotifyURBChange(hhcd->pData);
 171:USB_HOST/Target/usbh_conf.c **** #endif
 172:USB_HOST/Target/usbh_conf.c **** }
 339              		.loc 1 172 1 view .LVU71
 340 0000 7047     		bx	lr
 341              		.cfi_endproc
 342              	.LFE247:
 344              		.section	.text.HAL_HCD_PortEnabled_Callback,"ax",%progbits
 345              		.align	1
 346              		.global	HAL_HCD_PortEnabled_Callback
 347              		.syntax unified
 348              		.thumb
 349              		.thumb_func
 351              	HAL_HCD_PortEnabled_Callback:
 352              	.LVL24:
 353              	.LFB248:
 173:USB_HOST/Target/usbh_conf.c **** /**
 174:USB_HOST/Target/usbh_conf.c **** * @brief  Port Port Enabled callback.
 175:USB_HOST/Target/usbh_conf.c ****   * @param  hhcd: HCD handle
 176:USB_HOST/Target/usbh_conf.c ****   * @retval None
 177:USB_HOST/Target/usbh_conf.c ****   */
 178:USB_HOST/Target/usbh_conf.c **** void HAL_HCD_PortEnabled_Callback(HCD_HandleTypeDef *hhcd)
 179:USB_HOST/Target/usbh_conf.c **** {
 354              		.loc 1 179 1 view -0
 355              		.cfi_startproc
 356              		@ args = 0, pretend = 0, frame = 0
 357              		@ frame_needed = 0, uses_anonymous_args = 0
 358              		.loc 1 179 1 is_stmt 0 view .LVU73
 359 0000 08B5     		push	{r3, lr}
 360              	.LCFI8:
 361              		.cfi_def_cfa_offset 8
 362              		.cfi_offset 3, -8
 363              		.cfi_offset 14, -4
 180:USB_HOST/Target/usbh_conf.c ****   USBH_LL_PortEnabled(hhcd->pData);
 364              		.loc 1 180 3 is_stmt 1 view .LVU74
 365 0002 D0F8DC03 		ldr	r0, [r0, #988]
ARM GAS  /tmp/ccyuv680.s 			page 11


 366              	.LVL25:
 367              		.loc 1 180 3 is_stmt 0 view .LVU75
 368 0006 FFF7FEFF 		bl	USBH_LL_PortEnabled
 369              	.LVL26:
 181:USB_HOST/Target/usbh_conf.c **** }
 370              		.loc 1 181 1 view .LVU76
 371 000a 08BD     		pop	{r3, pc}
 372              		.cfi_endproc
 373              	.LFE248:
 375              		.section	.text.HAL_HCD_PortDisabled_Callback,"ax",%progbits
 376              		.align	1
 377              		.global	HAL_HCD_PortDisabled_Callback
 378              		.syntax unified
 379              		.thumb
 380              		.thumb_func
 382              	HAL_HCD_PortDisabled_Callback:
 383              	.LVL27:
 384              	.LFB249:
 182:USB_HOST/Target/usbh_conf.c **** 
 183:USB_HOST/Target/usbh_conf.c **** /**
 184:USB_HOST/Target/usbh_conf.c ****   * @brief  Port Port Disabled callback.
 185:USB_HOST/Target/usbh_conf.c ****   * @param  hhcd: HCD handle
 186:USB_HOST/Target/usbh_conf.c ****   * @retval None
 187:USB_HOST/Target/usbh_conf.c ****   */
 188:USB_HOST/Target/usbh_conf.c **** void HAL_HCD_PortDisabled_Callback(HCD_HandleTypeDef *hhcd)
 189:USB_HOST/Target/usbh_conf.c **** {
 385              		.loc 1 189 1 is_stmt 1 view -0
 386              		.cfi_startproc
 387              		@ args = 0, pretend = 0, frame = 0
 388              		@ frame_needed = 0, uses_anonymous_args = 0
 389              		.loc 1 189 1 is_stmt 0 view .LVU78
 390 0000 08B5     		push	{r3, lr}
 391              	.LCFI9:
 392              		.cfi_def_cfa_offset 8
 393              		.cfi_offset 3, -8
 394              		.cfi_offset 14, -4
 190:USB_HOST/Target/usbh_conf.c ****   USBH_LL_PortDisabled(hhcd->pData);
 395              		.loc 1 190 3 is_stmt 1 view .LVU79
 396 0002 D0F8DC03 		ldr	r0, [r0, #988]
 397              	.LVL28:
 398              		.loc 1 190 3 is_stmt 0 view .LVU80
 399 0006 FFF7FEFF 		bl	USBH_LL_PortDisabled
 400              	.LVL29:
 191:USB_HOST/Target/usbh_conf.c **** }
 401              		.loc 1 191 1 view .LVU81
 402 000a 08BD     		pop	{r3, pc}
 403              		.cfi_endproc
 404              	.LFE249:
 406              		.section	.text.USBH_LL_Init,"ax",%progbits
 407              		.align	1
 408              		.global	USBH_LL_Init
 409              		.syntax unified
 410              		.thumb
 411              		.thumb_func
 413              	USBH_LL_Init:
 414              	.LVL30:
 415              	.LFB250:
ARM GAS  /tmp/ccyuv680.s 			page 12


 192:USB_HOST/Target/usbh_conf.c **** 
 193:USB_HOST/Target/usbh_conf.c **** /*******************************************************************************
 194:USB_HOST/Target/usbh_conf.c ****                        LL Driver Interface (USB Host Library --> HCD)
 195:USB_HOST/Target/usbh_conf.c **** *******************************************************************************/
 196:USB_HOST/Target/usbh_conf.c **** 
 197:USB_HOST/Target/usbh_conf.c **** /**
 198:USB_HOST/Target/usbh_conf.c ****   * @brief  Initialize the low level portion of the host driver.
 199:USB_HOST/Target/usbh_conf.c ****   * @param  phost: Host handle
 200:USB_HOST/Target/usbh_conf.c ****   * @retval USBH status
 201:USB_HOST/Target/usbh_conf.c ****   */
 202:USB_HOST/Target/usbh_conf.c **** USBH_StatusTypeDef USBH_LL_Init(USBH_HandleTypeDef *phost)
 203:USB_HOST/Target/usbh_conf.c **** {
 416              		.loc 1 203 1 is_stmt 1 view -0
 417              		.cfi_startproc
 418              		@ args = 0, pretend = 0, frame = 0
 419              		@ frame_needed = 0, uses_anonymous_args = 0
 204:USB_HOST/Target/usbh_conf.c ****   /* Init USB_IP */
 205:USB_HOST/Target/usbh_conf.c ****   if (phost->id == HOST_FS) {
 420              		.loc 1 205 3 view .LVU83
 421              		.loc 1 205 12 is_stmt 0 view .LVU84
 422 0000 90F8CC33 		ldrb	r3, [r0, #972]	@ zero_extendqisi2
 423              		.loc 1 205 6 view .LVU85
 424 0004 012B     		cmp	r3, #1
 425 0006 01D0     		beq	.L31
 206:USB_HOST/Target/usbh_conf.c ****   /* Link the driver to the stack. */
 207:USB_HOST/Target/usbh_conf.c ****   hhcd_USB_OTG_FS.pData = phost;
 208:USB_HOST/Target/usbh_conf.c ****   phost->pData = &hhcd_USB_OTG_FS;
 209:USB_HOST/Target/usbh_conf.c **** 
 210:USB_HOST/Target/usbh_conf.c ****   hhcd_USB_OTG_FS.Instance = USB_OTG_FS;
 211:USB_HOST/Target/usbh_conf.c ****   hhcd_USB_OTG_FS.Init.Host_channels = 8;
 212:USB_HOST/Target/usbh_conf.c ****   hhcd_USB_OTG_FS.Init.speed = HCD_SPEED_FULL;
 213:USB_HOST/Target/usbh_conf.c ****   hhcd_USB_OTG_FS.Init.dma_enable = DISABLE;
 214:USB_HOST/Target/usbh_conf.c ****   hhcd_USB_OTG_FS.Init.phy_itface = HCD_PHY_EMBEDDED;
 215:USB_HOST/Target/usbh_conf.c ****   hhcd_USB_OTG_FS.Init.Sof_enable = DISABLE;
 216:USB_HOST/Target/usbh_conf.c ****   if (HAL_HCD_Init(&hhcd_USB_OTG_FS) != HAL_OK)
 217:USB_HOST/Target/usbh_conf.c ****   {
 218:USB_HOST/Target/usbh_conf.c ****     Error_Handler( );
 219:USB_HOST/Target/usbh_conf.c ****   }
 220:USB_HOST/Target/usbh_conf.c **** 
 221:USB_HOST/Target/usbh_conf.c ****   USBH_LL_SetTimer(phost, HAL_HCD_GetCurrentFrame(&hhcd_USB_OTG_FS));
 222:USB_HOST/Target/usbh_conf.c ****   }
 223:USB_HOST/Target/usbh_conf.c **** 
 224:USB_HOST/Target/usbh_conf.c ****   return USBH_OK;
 426              		.loc 1 224 3 is_stmt 1 view .LVU86
 225:USB_HOST/Target/usbh_conf.c **** }
 427              		.loc 1 225 1 is_stmt 0 view .LVU87
 428 0008 0020     		movs	r0, #0
 429              	.LVL31:
 430              		.loc 1 225 1 view .LVU88
 431 000a 7047     		bx	lr
 432              	.LVL32:
 433              	.L31:
 203:USB_HOST/Target/usbh_conf.c ****   /* Init USB_IP */
 434              		.loc 1 203 1 view .LVU89
 435 000c 10B5     		push	{r4, lr}
 436              	.LCFI10:
 437              		.cfi_def_cfa_offset 8
ARM GAS  /tmp/ccyuv680.s 			page 13


 438              		.cfi_offset 4, -8
 439              		.cfi_offset 14, -4
 440 000e 0446     		mov	r4, r0
 207:USB_HOST/Target/usbh_conf.c ****   phost->pData = &hhcd_USB_OTG_FS;
 441              		.loc 1 207 3 is_stmt 1 view .LVU90
 207:USB_HOST/Target/usbh_conf.c ****   phost->pData = &hhcd_USB_OTG_FS;
 442              		.loc 1 207 25 is_stmt 0 view .LVU91
 443 0010 0F48     		ldr	r0, .L33
 444              	.LVL33:
 207:USB_HOST/Target/usbh_conf.c ****   phost->pData = &hhcd_USB_OTG_FS;
 445              		.loc 1 207 25 view .LVU92
 446 0012 C0F8DC43 		str	r4, [r0, #988]
 208:USB_HOST/Target/usbh_conf.c **** 
 447              		.loc 1 208 3 is_stmt 1 view .LVU93
 208:USB_HOST/Target/usbh_conf.c **** 
 448              		.loc 1 208 16 is_stmt 0 view .LVU94
 449 0016 C4F8D003 		str	r0, [r4, #976]
 210:USB_HOST/Target/usbh_conf.c ****   hhcd_USB_OTG_FS.Init.Host_channels = 8;
 450              		.loc 1 210 3 is_stmt 1 view .LVU95
 210:USB_HOST/Target/usbh_conf.c ****   hhcd_USB_OTG_FS.Init.Host_channels = 8;
 451              		.loc 1 210 28 is_stmt 0 view .LVU96
 452 001a 4FF0A043 		mov	r3, #1342177280
 453 001e 0360     		str	r3, [r0]
 211:USB_HOST/Target/usbh_conf.c ****   hhcd_USB_OTG_FS.Init.speed = HCD_SPEED_FULL;
 454              		.loc 1 211 3 is_stmt 1 view .LVU97
 211:USB_HOST/Target/usbh_conf.c ****   hhcd_USB_OTG_FS.Init.speed = HCD_SPEED_FULL;
 455              		.loc 1 211 38 is_stmt 0 view .LVU98
 456 0020 0823     		movs	r3, #8
 457 0022 4371     		strb	r3, [r0, #5]
 212:USB_HOST/Target/usbh_conf.c ****   hhcd_USB_OTG_FS.Init.dma_enable = DISABLE;
 458              		.loc 1 212 3 is_stmt 1 view .LVU99
 212:USB_HOST/Target/usbh_conf.c ****   hhcd_USB_OTG_FS.Init.dma_enable = DISABLE;
 459              		.loc 1 212 30 is_stmt 0 view .LVU100
 460 0024 0123     		movs	r3, #1
 461 0026 C371     		strb	r3, [r0, #7]
 213:USB_HOST/Target/usbh_conf.c ****   hhcd_USB_OTG_FS.Init.phy_itface = HCD_PHY_EMBEDDED;
 462              		.loc 1 213 3 is_stmt 1 view .LVU101
 213:USB_HOST/Target/usbh_conf.c ****   hhcd_USB_OTG_FS.Init.phy_itface = HCD_PHY_EMBEDDED;
 463              		.loc 1 213 35 is_stmt 0 view .LVU102
 464 0028 0023     		movs	r3, #0
 465 002a 8371     		strb	r3, [r0, #6]
 214:USB_HOST/Target/usbh_conf.c ****   hhcd_USB_OTG_FS.Init.Sof_enable = DISABLE;
 466              		.loc 1 214 3 is_stmt 1 view .LVU103
 214:USB_HOST/Target/usbh_conf.c ****   hhcd_USB_OTG_FS.Init.Sof_enable = DISABLE;
 467              		.loc 1 214 35 is_stmt 0 view .LVU104
 468 002c 0222     		movs	r2, #2
 469 002e 4272     		strb	r2, [r0, #9]
 215:USB_HOST/Target/usbh_conf.c ****   if (HAL_HCD_Init(&hhcd_USB_OTG_FS) != HAL_OK)
 470              		.loc 1 215 3 is_stmt 1 view .LVU105
 215:USB_HOST/Target/usbh_conf.c ****   if (HAL_HCD_Init(&hhcd_USB_OTG_FS) != HAL_OK)
 471              		.loc 1 215 35 is_stmt 0 view .LVU106
 472 0030 8372     		strb	r3, [r0, #10]
 216:USB_HOST/Target/usbh_conf.c ****   {
 473              		.loc 1 216 3 is_stmt 1 view .LVU107
 216:USB_HOST/Target/usbh_conf.c ****   {
 474              		.loc 1 216 7 is_stmt 0 view .LVU108
 475 0032 FFF7FEFF 		bl	HAL_HCD_Init
ARM GAS  /tmp/ccyuv680.s 			page 14


 476              	.LVL34:
 216:USB_HOST/Target/usbh_conf.c ****   {
 477              		.loc 1 216 6 discriminator 1 view .LVU109
 478 0036 40B9     		cbnz	r0, .L32
 479              	.L26:
 221:USB_HOST/Target/usbh_conf.c ****   }
 480              		.loc 1 221 3 is_stmt 1 view .LVU110
 481 0038 0548     		ldr	r0, .L33
 482 003a FFF7FEFF 		bl	HAL_HCD_GetCurrentFrame
 483              	.LVL35:
 484 003e 0146     		mov	r1, r0
 221:USB_HOST/Target/usbh_conf.c ****   }
 485              		.loc 1 221 3 is_stmt 0 discriminator 1 view .LVU111
 486 0040 2046     		mov	r0, r4
 487 0042 FFF7FEFF 		bl	USBH_LL_SetTimer
 488              	.LVL36:
 224:USB_HOST/Target/usbh_conf.c **** }
 489              		.loc 1 224 3 is_stmt 1 view .LVU112
 490              		.loc 1 225 1 is_stmt 0 view .LVU113
 491 0046 0020     		movs	r0, #0
 492 0048 10BD     		pop	{r4, pc}
 493              	.LVL37:
 494              	.L32:
 218:USB_HOST/Target/usbh_conf.c ****   }
 495              		.loc 1 218 5 is_stmt 1 view .LVU114
 496 004a FFF7FEFF 		bl	Error_Handler
 497              	.LVL38:
 498 004e F3E7     		b	.L26
 499              	.L34:
 500              		.align	2
 501              	.L33:
 502 0050 00000000 		.word	hhcd_USB_OTG_FS
 503              		.cfi_endproc
 504              	.LFE250:
 506              		.section	.text.USBH_LL_GetSpeed,"ax",%progbits
 507              		.align	1
 508              		.global	USBH_LL_GetSpeed
 509              		.syntax unified
 510              		.thumb
 511              		.thumb_func
 513              	USBH_LL_GetSpeed:
 514              	.LVL39:
 515              	.LFB254:
 226:USB_HOST/Target/usbh_conf.c **** 
 227:USB_HOST/Target/usbh_conf.c **** /**
 228:USB_HOST/Target/usbh_conf.c ****   * @brief  De-Initialize the low level portion of the host driver.
 229:USB_HOST/Target/usbh_conf.c ****   * @param  phost: Host handle
 230:USB_HOST/Target/usbh_conf.c ****   * @retval USBH status
 231:USB_HOST/Target/usbh_conf.c ****   */
 232:USB_HOST/Target/usbh_conf.c **** USBH_StatusTypeDef USBH_LL_DeInit(USBH_HandleTypeDef *phost)
 233:USB_HOST/Target/usbh_conf.c **** {
 234:USB_HOST/Target/usbh_conf.c ****   HAL_StatusTypeDef hal_status = HAL_OK;
 235:USB_HOST/Target/usbh_conf.c ****   USBH_StatusTypeDef usb_status = USBH_OK;
 236:USB_HOST/Target/usbh_conf.c **** 
 237:USB_HOST/Target/usbh_conf.c ****   hal_status = HAL_HCD_DeInit(phost->pData);
 238:USB_HOST/Target/usbh_conf.c **** 
 239:USB_HOST/Target/usbh_conf.c ****   usb_status = USBH_Get_USB_Status(hal_status);
ARM GAS  /tmp/ccyuv680.s 			page 15


 240:USB_HOST/Target/usbh_conf.c **** 
 241:USB_HOST/Target/usbh_conf.c ****   return usb_status;
 242:USB_HOST/Target/usbh_conf.c **** }
 243:USB_HOST/Target/usbh_conf.c **** 
 244:USB_HOST/Target/usbh_conf.c **** /**
 245:USB_HOST/Target/usbh_conf.c ****   * @brief  Start the low level portion of the host driver.
 246:USB_HOST/Target/usbh_conf.c ****   * @param  phost: Host handle
 247:USB_HOST/Target/usbh_conf.c ****   * @retval USBH status
 248:USB_HOST/Target/usbh_conf.c ****   */
 249:USB_HOST/Target/usbh_conf.c **** USBH_StatusTypeDef USBH_LL_Start(USBH_HandleTypeDef *phost)
 250:USB_HOST/Target/usbh_conf.c **** {
 251:USB_HOST/Target/usbh_conf.c ****   HAL_StatusTypeDef hal_status = HAL_OK;
 252:USB_HOST/Target/usbh_conf.c ****   USBH_StatusTypeDef usb_status = USBH_OK;
 253:USB_HOST/Target/usbh_conf.c **** 
 254:USB_HOST/Target/usbh_conf.c ****   hal_status = HAL_HCD_Start(phost->pData);
 255:USB_HOST/Target/usbh_conf.c **** 
 256:USB_HOST/Target/usbh_conf.c ****   usb_status = USBH_Get_USB_Status(hal_status);
 257:USB_HOST/Target/usbh_conf.c **** 
 258:USB_HOST/Target/usbh_conf.c ****   return usb_status;
 259:USB_HOST/Target/usbh_conf.c **** }
 260:USB_HOST/Target/usbh_conf.c **** 
 261:USB_HOST/Target/usbh_conf.c **** /**
 262:USB_HOST/Target/usbh_conf.c ****   * @brief  Stop the low level portion of the host driver.
 263:USB_HOST/Target/usbh_conf.c ****   * @param  phost: Host handle
 264:USB_HOST/Target/usbh_conf.c ****   * @retval USBH status
 265:USB_HOST/Target/usbh_conf.c ****   */
 266:USB_HOST/Target/usbh_conf.c **** USBH_StatusTypeDef USBH_LL_Stop(USBH_HandleTypeDef *phost)
 267:USB_HOST/Target/usbh_conf.c **** {
 268:USB_HOST/Target/usbh_conf.c ****   HAL_StatusTypeDef hal_status = HAL_OK;
 269:USB_HOST/Target/usbh_conf.c ****   USBH_StatusTypeDef usb_status = USBH_OK;
 270:USB_HOST/Target/usbh_conf.c **** 
 271:USB_HOST/Target/usbh_conf.c ****   hal_status = HAL_HCD_Stop(phost->pData);
 272:USB_HOST/Target/usbh_conf.c **** 
 273:USB_HOST/Target/usbh_conf.c ****   usb_status = USBH_Get_USB_Status(hal_status);
 274:USB_HOST/Target/usbh_conf.c **** 
 275:USB_HOST/Target/usbh_conf.c ****   return usb_status;
 276:USB_HOST/Target/usbh_conf.c **** }
 277:USB_HOST/Target/usbh_conf.c **** 
 278:USB_HOST/Target/usbh_conf.c **** /**
 279:USB_HOST/Target/usbh_conf.c ****   * @brief  Return the USB host speed from the low level driver.
 280:USB_HOST/Target/usbh_conf.c ****   * @param  phost: Host handle
 281:USB_HOST/Target/usbh_conf.c ****   * @retval USBH speeds
 282:USB_HOST/Target/usbh_conf.c ****   */
 283:USB_HOST/Target/usbh_conf.c **** USBH_SpeedTypeDef USBH_LL_GetSpeed(USBH_HandleTypeDef *phost)
 284:USB_HOST/Target/usbh_conf.c **** {
 516              		.loc 1 284 1 view -0
 517              		.cfi_startproc
 518              		@ args = 0, pretend = 0, frame = 0
 519              		@ frame_needed = 0, uses_anonymous_args = 0
 520              		.loc 1 284 1 is_stmt 0 view .LVU116
 521 0000 08B5     		push	{r3, lr}
 522              	.LCFI11:
 523              		.cfi_def_cfa_offset 8
 524              		.cfi_offset 3, -8
 525              		.cfi_offset 14, -4
 285:USB_HOST/Target/usbh_conf.c ****   USBH_SpeedTypeDef speed = USBH_SPEED_FULL;
 526              		.loc 1 285 3 is_stmt 1 view .LVU117
ARM GAS  /tmp/ccyuv680.s 			page 16


 527              	.LVL40:
 286:USB_HOST/Target/usbh_conf.c **** 
 287:USB_HOST/Target/usbh_conf.c ****   switch (HAL_HCD_GetCurrentSpeed(phost->pData))
 528              		.loc 1 287 3 view .LVU118
 529              		.loc 1 287 11 is_stmt 0 view .LVU119
 530 0002 D0F8D003 		ldr	r0, [r0, #976]
 531              	.LVL41:
 532              		.loc 1 287 11 view .LVU120
 533 0006 FFF7FEFF 		bl	HAL_HCD_GetCurrentSpeed
 534              	.LVL42:
 535              		.loc 1 287 3 discriminator 1 view .LVU121
 536 000a 0128     		cmp	r0, #1
 537 000c 04D0     		beq	.L37
 538 000e 0228     		cmp	r0, #2
 539 0010 04D0     		beq	.L38
 540 0012 20B1     		cbz	r0, .L36
 288:USB_HOST/Target/usbh_conf.c ****   {
 289:USB_HOST/Target/usbh_conf.c ****   case 0 :
 290:USB_HOST/Target/usbh_conf.c ****     speed = USBH_SPEED_HIGH;
 291:USB_HOST/Target/usbh_conf.c ****     break;
 292:USB_HOST/Target/usbh_conf.c **** 
 293:USB_HOST/Target/usbh_conf.c ****   case 1 :
 294:USB_HOST/Target/usbh_conf.c ****     speed = USBH_SPEED_FULL;
 295:USB_HOST/Target/usbh_conf.c ****     break;
 296:USB_HOST/Target/usbh_conf.c **** 
 297:USB_HOST/Target/usbh_conf.c ****   case 2 :
 298:USB_HOST/Target/usbh_conf.c ****     speed = USBH_SPEED_LOW;
 299:USB_HOST/Target/usbh_conf.c ****     break;
 300:USB_HOST/Target/usbh_conf.c **** 
 301:USB_HOST/Target/usbh_conf.c ****   default:
 302:USB_HOST/Target/usbh_conf.c ****    speed = USBH_SPEED_FULL;
 541              		.loc 1 302 10 view .LVU122
 542 0014 0120     		movs	r0, #1
 543 0016 02E0     		b	.L36
 544              	.L37:
 294:USB_HOST/Target/usbh_conf.c ****     break;
 545              		.loc 1 294 11 view .LVU123
 546 0018 0120     		movs	r0, #1
 547 001a 00E0     		b	.L36
 548              	.L38:
 298:USB_HOST/Target/usbh_conf.c ****     break;
 549              		.loc 1 298 11 view .LVU124
 550 001c 0220     		movs	r0, #2
 551              	.L36:
 552              	.LVL43:
 303:USB_HOST/Target/usbh_conf.c ****     break;
 304:USB_HOST/Target/usbh_conf.c ****   }
 305:USB_HOST/Target/usbh_conf.c ****   return  speed;
 553              		.loc 1 305 3 is_stmt 1 view .LVU125
 306:USB_HOST/Target/usbh_conf.c **** }
 554              		.loc 1 306 1 is_stmt 0 view .LVU126
 555 001e 08BD     		pop	{r3, pc}
 556              		.cfi_endproc
 557              	.LFE254:
 559              		.section	.text.USBH_LL_GetLastXferSize,"ax",%progbits
 560              		.align	1
 561              		.global	USBH_LL_GetLastXferSize
ARM GAS  /tmp/ccyuv680.s 			page 17


 562              		.syntax unified
 563              		.thumb
 564              		.thumb_func
 566              	USBH_LL_GetLastXferSize:
 567              	.LVL44:
 568              	.LFB256:
 307:USB_HOST/Target/usbh_conf.c **** 
 308:USB_HOST/Target/usbh_conf.c **** /**
 309:USB_HOST/Target/usbh_conf.c ****   * @brief  Reset the Host port of the low level driver.
 310:USB_HOST/Target/usbh_conf.c ****   * @param  phost: Host handle
 311:USB_HOST/Target/usbh_conf.c ****   * @retval USBH status
 312:USB_HOST/Target/usbh_conf.c ****   */
 313:USB_HOST/Target/usbh_conf.c **** USBH_StatusTypeDef USBH_LL_ResetPort(USBH_HandleTypeDef *phost)
 314:USB_HOST/Target/usbh_conf.c **** {
 315:USB_HOST/Target/usbh_conf.c ****   HAL_StatusTypeDef hal_status = HAL_OK;
 316:USB_HOST/Target/usbh_conf.c ****   USBH_StatusTypeDef usb_status = USBH_OK;
 317:USB_HOST/Target/usbh_conf.c **** 
 318:USB_HOST/Target/usbh_conf.c ****   hal_status = HAL_HCD_ResetPort(phost->pData);
 319:USB_HOST/Target/usbh_conf.c **** 
 320:USB_HOST/Target/usbh_conf.c ****   usb_status = USBH_Get_USB_Status(hal_status);
 321:USB_HOST/Target/usbh_conf.c **** 
 322:USB_HOST/Target/usbh_conf.c ****   return usb_status;
 323:USB_HOST/Target/usbh_conf.c **** }
 324:USB_HOST/Target/usbh_conf.c **** 
 325:USB_HOST/Target/usbh_conf.c **** /**
 326:USB_HOST/Target/usbh_conf.c ****   * @brief  Return the last transferred packet size.
 327:USB_HOST/Target/usbh_conf.c ****   * @param  phost: Host handle
 328:USB_HOST/Target/usbh_conf.c ****   * @param  pipe: Pipe index
 329:USB_HOST/Target/usbh_conf.c ****   * @retval Packet size
 330:USB_HOST/Target/usbh_conf.c ****   */
 331:USB_HOST/Target/usbh_conf.c **** uint32_t USBH_LL_GetLastXferSize(USBH_HandleTypeDef *phost, uint8_t pipe)
 332:USB_HOST/Target/usbh_conf.c **** {
 569              		.loc 1 332 1 is_stmt 1 view -0
 570              		.cfi_startproc
 571              		@ args = 0, pretend = 0, frame = 0
 572              		@ frame_needed = 0, uses_anonymous_args = 0
 573              		.loc 1 332 1 is_stmt 0 view .LVU128
 574 0000 08B5     		push	{r3, lr}
 575              	.LCFI12:
 576              		.cfi_def_cfa_offset 8
 577              		.cfi_offset 3, -8
 578              		.cfi_offset 14, -4
 333:USB_HOST/Target/usbh_conf.c ****   return HAL_HCD_HC_GetXferCount(phost->pData, pipe);
 579              		.loc 1 333 3 is_stmt 1 view .LVU129
 580              		.loc 1 333 10 is_stmt 0 view .LVU130
 581 0002 D0F8D003 		ldr	r0, [r0, #976]
 582              	.LVL45:
 583              		.loc 1 333 10 view .LVU131
 584 0006 FFF7FEFF 		bl	HAL_HCD_HC_GetXferCount
 585              	.LVL46:
 334:USB_HOST/Target/usbh_conf.c **** }
 586              		.loc 1 334 1 view .LVU132
 587 000a 08BD     		pop	{r3, pc}
 588              		.cfi_endproc
 589              	.LFE256:
 591              		.section	.text.USBH_LL_ClosePipe,"ax",%progbits
 592              		.align	1
ARM GAS  /tmp/ccyuv680.s 			page 18


 593              		.global	USBH_LL_ClosePipe
 594              		.syntax unified
 595              		.thumb
 596              		.thumb_func
 598              	USBH_LL_ClosePipe:
 599              	.LVL47:
 600              	.LFB258:
 335:USB_HOST/Target/usbh_conf.c **** 
 336:USB_HOST/Target/usbh_conf.c **** /**
 337:USB_HOST/Target/usbh_conf.c ****   * @brief  Open a pipe of the low level driver.
 338:USB_HOST/Target/usbh_conf.c ****   * @param  phost: Host handle
 339:USB_HOST/Target/usbh_conf.c ****   * @param  pipe: Pipe index
 340:USB_HOST/Target/usbh_conf.c ****   * @param  epnum: Endpoint number
 341:USB_HOST/Target/usbh_conf.c ****   * @param  dev_address: Device USB address
 342:USB_HOST/Target/usbh_conf.c ****   * @param  speed: Device Speed
 343:USB_HOST/Target/usbh_conf.c ****   * @param  ep_type: Endpoint type
 344:USB_HOST/Target/usbh_conf.c ****   * @param  mps: Endpoint max packet size
 345:USB_HOST/Target/usbh_conf.c ****   * @retval USBH status
 346:USB_HOST/Target/usbh_conf.c ****   */
 347:USB_HOST/Target/usbh_conf.c **** USBH_StatusTypeDef USBH_LL_OpenPipe(USBH_HandleTypeDef *phost,
 348:USB_HOST/Target/usbh_conf.c ****                                     uint8_t pipe,
 349:USB_HOST/Target/usbh_conf.c ****                                     uint8_t epnum,
 350:USB_HOST/Target/usbh_conf.c ****                                     uint8_t dev_address,
 351:USB_HOST/Target/usbh_conf.c ****                                     uint8_t speed,
 352:USB_HOST/Target/usbh_conf.c ****                                     uint8_t ep_type,
 353:USB_HOST/Target/usbh_conf.c ****                                     uint16_t mps)
 354:USB_HOST/Target/usbh_conf.c **** {
 355:USB_HOST/Target/usbh_conf.c ****   HAL_StatusTypeDef hal_status = HAL_OK;
 356:USB_HOST/Target/usbh_conf.c ****   USBH_StatusTypeDef usb_status = USBH_OK;
 357:USB_HOST/Target/usbh_conf.c **** 
 358:USB_HOST/Target/usbh_conf.c ****   hal_status = HAL_HCD_HC_Init(phost->pData, pipe, epnum,
 359:USB_HOST/Target/usbh_conf.c ****                                dev_address, speed, ep_type, mps);
 360:USB_HOST/Target/usbh_conf.c **** 
 361:USB_HOST/Target/usbh_conf.c ****   usb_status = USBH_Get_USB_Status(hal_status);
 362:USB_HOST/Target/usbh_conf.c **** 
 363:USB_HOST/Target/usbh_conf.c ****   return usb_status;
 364:USB_HOST/Target/usbh_conf.c **** }
 365:USB_HOST/Target/usbh_conf.c **** 
 366:USB_HOST/Target/usbh_conf.c **** /**
 367:USB_HOST/Target/usbh_conf.c ****   * @brief  Close a pipe of the low level driver.
 368:USB_HOST/Target/usbh_conf.c ****   * @param  phost: Host handle
 369:USB_HOST/Target/usbh_conf.c ****   * @param  pipe: Pipe index
 370:USB_HOST/Target/usbh_conf.c ****   * @retval USBH status
 371:USB_HOST/Target/usbh_conf.c ****   */
 372:USB_HOST/Target/usbh_conf.c **** USBH_StatusTypeDef USBH_LL_ClosePipe(USBH_HandleTypeDef *phost, uint8_t pipe)
 373:USB_HOST/Target/usbh_conf.c **** {
 601              		.loc 1 373 1 is_stmt 1 view -0
 602              		.cfi_startproc
 603              		@ args = 0, pretend = 0, frame = 0
 604              		@ frame_needed = 0, uses_anonymous_args = 0
 605              		@ link register save eliminated.
 374:USB_HOST/Target/usbh_conf.c ****   /* Prevent unused argument(s) compilation warning */
 375:USB_HOST/Target/usbh_conf.c ****   UNUSED(phost);
 606              		.loc 1 375 3 view .LVU134
 376:USB_HOST/Target/usbh_conf.c ****   UNUSED(pipe);
 607              		.loc 1 376 3 view .LVU135
 377:USB_HOST/Target/usbh_conf.c **** 
ARM GAS  /tmp/ccyuv680.s 			page 19


 378:USB_HOST/Target/usbh_conf.c ****   return USBH_OK;
 608              		.loc 1 378 3 view .LVU136
 379:USB_HOST/Target/usbh_conf.c **** }
 609              		.loc 1 379 1 is_stmt 0 view .LVU137
 610 0000 0020     		movs	r0, #0
 611              	.LVL48:
 612              		.loc 1 379 1 view .LVU138
 613 0002 7047     		bx	lr
 614              		.cfi_endproc
 615              	.LFE258:
 617              		.section	.text.USBH_LL_ActivatePipe,"ax",%progbits
 618              		.align	1
 619              		.global	USBH_LL_ActivatePipe
 620              		.syntax unified
 621              		.thumb
 622              		.thumb_func
 624              	USBH_LL_ActivatePipe:
 625              	.LVL49:
 626              	.LFB259:
 380:USB_HOST/Target/usbh_conf.c **** 
 381:USB_HOST/Target/usbh_conf.c **** /**
 382:USB_HOST/Target/usbh_conf.c ****   * @brief  USBH_LL_ActivatePipe
 383:USB_HOST/Target/usbh_conf.c ****   *         Activate a pipe of the Low Level Driver.
 384:USB_HOST/Target/usbh_conf.c ****   * @param  phost: Host handle
 385:USB_HOST/Target/usbh_conf.c ****   * @param  pipe: Pipe index
 386:USB_HOST/Target/usbh_conf.c ****   * @retval USBH Status
 387:USB_HOST/Target/usbh_conf.c ****   */
 388:USB_HOST/Target/usbh_conf.c **** USBH_StatusTypeDef USBH_LL_ActivatePipe(USBH_HandleTypeDef *phost, uint8_t pipe)
 389:USB_HOST/Target/usbh_conf.c **** {
 627              		.loc 1 389 1 is_stmt 1 view -0
 628              		.cfi_startproc
 629              		@ args = 0, pretend = 0, frame = 0
 630              		@ frame_needed = 0, uses_anonymous_args = 0
 631              		@ link register save eliminated.
 390:USB_HOST/Target/usbh_conf.c ****   /* Prevent unused argument(s) compilation warning */
 391:USB_HOST/Target/usbh_conf.c ****   UNUSED(phost);
 632              		.loc 1 391 3 view .LVU140
 392:USB_HOST/Target/usbh_conf.c ****   UNUSED(pipe);
 633              		.loc 1 392 3 view .LVU141
 393:USB_HOST/Target/usbh_conf.c **** 
 394:USB_HOST/Target/usbh_conf.c ****   return USBH_OK;
 634              		.loc 1 394 3 view .LVU142
 395:USB_HOST/Target/usbh_conf.c **** }
 635              		.loc 1 395 1 is_stmt 0 view .LVU143
 636 0000 0020     		movs	r0, #0
 637              	.LVL50:
 638              		.loc 1 395 1 view .LVU144
 639 0002 7047     		bx	lr
 640              		.cfi_endproc
 641              	.LFE259:
 643              		.section	.text.USBH_LL_GetURBState,"ax",%progbits
 644              		.align	1
 645              		.global	USBH_LL_GetURBState
 646              		.syntax unified
 647              		.thumb
 648              		.thumb_func
 650              	USBH_LL_GetURBState:
ARM GAS  /tmp/ccyuv680.s 			page 20


 651              	.LVL51:
 652              	.LFB261:
 396:USB_HOST/Target/usbh_conf.c **** 
 397:USB_HOST/Target/usbh_conf.c **** /**
 398:USB_HOST/Target/usbh_conf.c ****   * @brief  Submit a new URB to the low level driver.
 399:USB_HOST/Target/usbh_conf.c ****   * @param  phost: Host handle
 400:USB_HOST/Target/usbh_conf.c ****   * @param  pipe: Pipe index
 401:USB_HOST/Target/usbh_conf.c ****   *         This parameter can be a value from 1 to 15
 402:USB_HOST/Target/usbh_conf.c ****   * @param  direction : Channel number
 403:USB_HOST/Target/usbh_conf.c ****   *          This parameter can be one of the these values:
 404:USB_HOST/Target/usbh_conf.c ****   *           0 : Output
 405:USB_HOST/Target/usbh_conf.c ****   *           1 : Input
 406:USB_HOST/Target/usbh_conf.c ****   * @param  ep_type : Endpoint Type
 407:USB_HOST/Target/usbh_conf.c ****   *          This parameter can be one of the these values:
 408:USB_HOST/Target/usbh_conf.c ****   *            @arg EP_TYPE_CTRL: Control type
 409:USB_HOST/Target/usbh_conf.c ****   *            @arg EP_TYPE_ISOC: Isochrounous type
 410:USB_HOST/Target/usbh_conf.c ****   *            @arg EP_TYPE_BULK: Bulk type
 411:USB_HOST/Target/usbh_conf.c ****   *            @arg EP_TYPE_INTR: Interrupt type
 412:USB_HOST/Target/usbh_conf.c ****   * @param  token : Endpoint Type
 413:USB_HOST/Target/usbh_conf.c ****   *          This parameter can be one of the these values:
 414:USB_HOST/Target/usbh_conf.c ****   *            @arg 0: PID_SETUP
 415:USB_HOST/Target/usbh_conf.c ****   *            @arg 1: PID_DATA
 416:USB_HOST/Target/usbh_conf.c ****   * @param  pbuff : pointer to URB data
 417:USB_HOST/Target/usbh_conf.c ****   * @param  length : Length of URB data
 418:USB_HOST/Target/usbh_conf.c ****   * @param  do_ping : activate do ping protocol (for high speed only)
 419:USB_HOST/Target/usbh_conf.c ****   *          This parameter can be one of the these values:
 420:USB_HOST/Target/usbh_conf.c ****   *           0 : do ping inactive
 421:USB_HOST/Target/usbh_conf.c ****   *           1 : do ping active
 422:USB_HOST/Target/usbh_conf.c ****   * @retval Status
 423:USB_HOST/Target/usbh_conf.c ****   */
 424:USB_HOST/Target/usbh_conf.c **** USBH_StatusTypeDef USBH_LL_SubmitURB(USBH_HandleTypeDef *phost, uint8_t pipe, uint8_t direction,
 425:USB_HOST/Target/usbh_conf.c ****                                      uint8_t ep_type, uint8_t token, uint8_t *pbuff, uint16_t lengt
 426:USB_HOST/Target/usbh_conf.c ****                                      uint8_t do_ping)
 427:USB_HOST/Target/usbh_conf.c **** {
 428:USB_HOST/Target/usbh_conf.c ****   HAL_StatusTypeDef hal_status = HAL_OK;
 429:USB_HOST/Target/usbh_conf.c ****   USBH_StatusTypeDef usb_status = USBH_OK;
 430:USB_HOST/Target/usbh_conf.c **** 
 431:USB_HOST/Target/usbh_conf.c ****   hal_status = HAL_HCD_HC_SubmitRequest(phost->pData, pipe, direction ,
 432:USB_HOST/Target/usbh_conf.c ****                                         ep_type, token, pbuff, length,
 433:USB_HOST/Target/usbh_conf.c ****                                         do_ping);
 434:USB_HOST/Target/usbh_conf.c ****   usb_status =  USBH_Get_USB_Status(hal_status);
 435:USB_HOST/Target/usbh_conf.c **** 
 436:USB_HOST/Target/usbh_conf.c ****   return usb_status;
 437:USB_HOST/Target/usbh_conf.c **** }
 438:USB_HOST/Target/usbh_conf.c **** 
 439:USB_HOST/Target/usbh_conf.c **** /**
 440:USB_HOST/Target/usbh_conf.c ****   * @brief  Get a URB state from the low level driver.
 441:USB_HOST/Target/usbh_conf.c ****   * @param  phost: Host handle
 442:USB_HOST/Target/usbh_conf.c ****   * @param  pipe: Pipe index
 443:USB_HOST/Target/usbh_conf.c ****   *         This parameter can be a value from 1 to 15
 444:USB_HOST/Target/usbh_conf.c ****   * @retval URB state
 445:USB_HOST/Target/usbh_conf.c ****   *          This parameter can be one of the these values:
 446:USB_HOST/Target/usbh_conf.c ****   *            @arg URB_IDLE
 447:USB_HOST/Target/usbh_conf.c ****   *            @arg URB_DONE
 448:USB_HOST/Target/usbh_conf.c ****   *            @arg URB_NOTREADY
 449:USB_HOST/Target/usbh_conf.c ****   *            @arg URB_NYET
 450:USB_HOST/Target/usbh_conf.c ****   *            @arg URB_ERROR
ARM GAS  /tmp/ccyuv680.s 			page 21


 451:USB_HOST/Target/usbh_conf.c ****   *            @arg URB_STALL
 452:USB_HOST/Target/usbh_conf.c ****   */
 453:USB_HOST/Target/usbh_conf.c **** USBH_URBStateTypeDef USBH_LL_GetURBState(USBH_HandleTypeDef *phost, uint8_t pipe)
 454:USB_HOST/Target/usbh_conf.c **** {
 653              		.loc 1 454 1 is_stmt 1 view -0
 654              		.cfi_startproc
 655              		@ args = 0, pretend = 0, frame = 0
 656              		@ frame_needed = 0, uses_anonymous_args = 0
 657              		.loc 1 454 1 is_stmt 0 view .LVU146
 658 0000 08B5     		push	{r3, lr}
 659              	.LCFI13:
 660              		.cfi_def_cfa_offset 8
 661              		.cfi_offset 3, -8
 662              		.cfi_offset 14, -4
 455:USB_HOST/Target/usbh_conf.c ****   return (USBH_URBStateTypeDef)HAL_HCD_HC_GetURBState (phost->pData, pipe);
 663              		.loc 1 455 3 is_stmt 1 view .LVU147
 664              		.loc 1 455 32 is_stmt 0 view .LVU148
 665 0002 D0F8D003 		ldr	r0, [r0, #976]
 666              	.LVL52:
 667              		.loc 1 455 32 view .LVU149
 668 0006 FFF7FEFF 		bl	HAL_HCD_HC_GetURBState
 669              	.LVL53:
 456:USB_HOST/Target/usbh_conf.c **** }
 670              		.loc 1 456 1 view .LVU150
 671 000a 08BD     		pop	{r3, pc}
 672              		.cfi_endproc
 673              	.LFE261:
 675              		.section	.text.USBH_LL_DriverVBUS,"ax",%progbits
 676              		.align	1
 677              		.global	USBH_LL_DriverVBUS
 678              		.syntax unified
 679              		.thumb
 680              		.thumb_func
 682              	USBH_LL_DriverVBUS:
 683              	.LVL54:
 684              	.LFB262:
 457:USB_HOST/Target/usbh_conf.c **** 
 458:USB_HOST/Target/usbh_conf.c **** /**
 459:USB_HOST/Target/usbh_conf.c ****   * @brief  Drive VBUS.
 460:USB_HOST/Target/usbh_conf.c ****   * @param  phost: Host handle
 461:USB_HOST/Target/usbh_conf.c ****   * @param  state : VBUS state
 462:USB_HOST/Target/usbh_conf.c ****   *          This parameter can be one of the these values:
 463:USB_HOST/Target/usbh_conf.c ****   *           0 : VBUS Inactive
 464:USB_HOST/Target/usbh_conf.c ****   *           1 : VBUS Active
 465:USB_HOST/Target/usbh_conf.c ****   * @retval Status
 466:USB_HOST/Target/usbh_conf.c ****   */
 467:USB_HOST/Target/usbh_conf.c **** USBH_StatusTypeDef USBH_LL_DriverVBUS(USBH_HandleTypeDef *phost, uint8_t state)
 468:USB_HOST/Target/usbh_conf.c **** {
 685              		.loc 1 468 1 is_stmt 1 view -0
 686              		.cfi_startproc
 687              		@ args = 0, pretend = 0, frame = 0
 688              		@ frame_needed = 0, uses_anonymous_args = 0
 689              		.loc 1 468 1 is_stmt 0 view .LVU152
 690 0000 08B5     		push	{r3, lr}
 691              	.LCFI14:
 692              		.cfi_def_cfa_offset 8
 693              		.cfi_offset 3, -8
ARM GAS  /tmp/ccyuv680.s 			page 22


 694              		.cfi_offset 14, -4
 469:USB_HOST/Target/usbh_conf.c ****   if (phost->id == HOST_FS) {
 695              		.loc 1 469 3 is_stmt 1 view .LVU153
 696              		.loc 1 469 12 is_stmt 0 view .LVU154
 697 0002 90F8CC33 		ldrb	r3, [r0, #972]	@ zero_extendqisi2
 698              		.loc 1 469 6 view .LVU155
 699 0006 012B     		cmp	r3, #1
 700 0008 04D0     		beq	.L50
 701              	.LVL55:
 702              	.L48:
 470:USB_HOST/Target/usbh_conf.c ****     MX_DriverVbusFS(state);
 471:USB_HOST/Target/usbh_conf.c ****   }
 472:USB_HOST/Target/usbh_conf.c **** 
 473:USB_HOST/Target/usbh_conf.c ****   /* USER CODE BEGIN 0 */
 474:USB_HOST/Target/usbh_conf.c **** 
 475:USB_HOST/Target/usbh_conf.c ****   /* USER CODE END 0*/
 476:USB_HOST/Target/usbh_conf.c **** 
 477:USB_HOST/Target/usbh_conf.c ****   HAL_Delay(200);
 703              		.loc 1 477 3 is_stmt 1 view .LVU156
 704 000a C820     		movs	r0, #200
 705 000c FFF7FEFF 		bl	HAL_Delay
 706              	.LVL56:
 478:USB_HOST/Target/usbh_conf.c ****   return USBH_OK;
 707              		.loc 1 478 3 view .LVU157
 479:USB_HOST/Target/usbh_conf.c **** }
 708              		.loc 1 479 1 is_stmt 0 view .LVU158
 709 0010 0020     		movs	r0, #0
 710 0012 08BD     		pop	{r3, pc}
 711              	.LVL57:
 712              	.L50:
 470:USB_HOST/Target/usbh_conf.c ****     MX_DriverVbusFS(state);
 713              		.loc 1 470 5 is_stmt 1 view .LVU159
 714 0014 0846     		mov	r0, r1
 715              	.LVL58:
 470:USB_HOST/Target/usbh_conf.c ****     MX_DriverVbusFS(state);
 716              		.loc 1 470 5 is_stmt 0 view .LVU160
 717 0016 FFF7FEFF 		bl	MX_DriverVbusFS
 718              	.LVL59:
 470:USB_HOST/Target/usbh_conf.c ****     MX_DriverVbusFS(state);
 719              		.loc 1 470 5 view .LVU161
 720 001a F6E7     		b	.L48
 721              		.cfi_endproc
 722              	.LFE262:
 724              		.section	.text.USBH_LL_SetToggle,"ax",%progbits
 725              		.align	1
 726              		.global	USBH_LL_SetToggle
 727              		.syntax unified
 728              		.thumb
 729              		.thumb_func
 731              	USBH_LL_SetToggle:
 732              	.LVL60:
 733              	.LFB263:
 480:USB_HOST/Target/usbh_conf.c **** 
 481:USB_HOST/Target/usbh_conf.c **** /**
 482:USB_HOST/Target/usbh_conf.c ****   * @brief  Set toggle for a pipe.
 483:USB_HOST/Target/usbh_conf.c ****   * @param  phost: Host handle
 484:USB_HOST/Target/usbh_conf.c ****   * @param  pipe: Pipe index
ARM GAS  /tmp/ccyuv680.s 			page 23


 485:USB_HOST/Target/usbh_conf.c ****   * @param  toggle: toggle (0/1)
 486:USB_HOST/Target/usbh_conf.c ****   * @retval Status
 487:USB_HOST/Target/usbh_conf.c ****   */
 488:USB_HOST/Target/usbh_conf.c **** USBH_StatusTypeDef USBH_LL_SetToggle(USBH_HandleTypeDef *phost, uint8_t pipe, uint8_t toggle)
 489:USB_HOST/Target/usbh_conf.c **** {
 734              		.loc 1 489 1 is_stmt 1 view -0
 735              		.cfi_startproc
 736              		@ args = 0, pretend = 0, frame = 0
 737              		@ frame_needed = 0, uses_anonymous_args = 0
 738              		@ link register save eliminated.
 490:USB_HOST/Target/usbh_conf.c ****   HCD_HandleTypeDef *pHandle;
 739              		.loc 1 490 3 view .LVU163
 491:USB_HOST/Target/usbh_conf.c ****   pHandle = phost->pData;
 740              		.loc 1 491 3 view .LVU164
 741              		.loc 1 491 11 is_stmt 0 view .LVU165
 742 0000 D0F8D033 		ldr	r3, [r0, #976]
 743              	.LVL61:
 492:USB_HOST/Target/usbh_conf.c **** 
 493:USB_HOST/Target/usbh_conf.c ****   if(pHandle->hc[pipe].ep_is_in)
 744              		.loc 1 493 3 is_stmt 1 view .LVU166
 745              		.loc 1 493 23 is_stmt 0 view .LVU167
 746 0004 C1EB0110 		rsb	r0, r1, r1, lsl #4
 747              	.LVL62:
 748              		.loc 1 493 23 view .LVU168
 749 0008 03EB8000 		add	r0, r3, r0, lsl #2
 750 000c C07D     		ldrb	r0, [r0, #23]	@ zero_extendqisi2
 751              		.loc 1 493 5 view .LVU169
 752 000e 38B1     		cbz	r0, .L52
 494:USB_HOST/Target/usbh_conf.c ****   {
 495:USB_HOST/Target/usbh_conf.c ****     pHandle->hc[pipe].toggle_in = toggle;
 753              		.loc 1 495 5 is_stmt 1 view .LVU170
 754              		.loc 1 495 33 is_stmt 0 view .LVU171
 755 0010 C1EB0111 		rsb	r1, r1, r1, lsl #4
 756              	.LVL63:
 757              		.loc 1 495 33 view .LVU172
 758 0014 03EB8103 		add	r3, r3, r1, lsl #2
 759              	.LVL64:
 760              		.loc 1 495 33 view .LVU173
 761 0018 83F83C20 		strb	r2, [r3, #60]
 762              	.LVL65:
 763              	.L53:
 496:USB_HOST/Target/usbh_conf.c ****   }
 497:USB_HOST/Target/usbh_conf.c ****   else
 498:USB_HOST/Target/usbh_conf.c ****   {
 499:USB_HOST/Target/usbh_conf.c ****     pHandle->hc[pipe].toggle_out = toggle;
 500:USB_HOST/Target/usbh_conf.c ****   }
 501:USB_HOST/Target/usbh_conf.c **** 
 502:USB_HOST/Target/usbh_conf.c ****   return USBH_OK;
 764              		.loc 1 502 3 is_stmt 1 view .LVU174
 503:USB_HOST/Target/usbh_conf.c **** }
 765              		.loc 1 503 1 is_stmt 0 view .LVU175
 766 001c 0020     		movs	r0, #0
 767 001e 7047     		bx	lr
 768              	.LVL66:
 769              	.L52:
 499:USB_HOST/Target/usbh_conf.c ****   }
 770              		.loc 1 499 5 is_stmt 1 view .LVU176
ARM GAS  /tmp/ccyuv680.s 			page 24


 499:USB_HOST/Target/usbh_conf.c ****   }
 771              		.loc 1 499 34 is_stmt 0 view .LVU177
 772 0020 C1EB0111 		rsb	r1, r1, r1, lsl #4
 773              	.LVL67:
 499:USB_HOST/Target/usbh_conf.c ****   }
 774              		.loc 1 499 34 view .LVU178
 775 0024 03EB8103 		add	r3, r3, r1, lsl #2
 776              	.LVL68:
 499:USB_HOST/Target/usbh_conf.c ****   }
 777              		.loc 1 499 34 view .LVU179
 778 0028 83F83D20 		strb	r2, [r3, #61]
 779              	.LVL69:
 499:USB_HOST/Target/usbh_conf.c ****   }
 780              		.loc 1 499 34 view .LVU180
 781 002c F6E7     		b	.L53
 782              		.cfi_endproc
 783              	.LFE263:
 785              		.section	.text.USBH_LL_GetToggle,"ax",%progbits
 786              		.align	1
 787              		.global	USBH_LL_GetToggle
 788              		.syntax unified
 789              		.thumb
 790              		.thumb_func
 792              	USBH_LL_GetToggle:
 793              	.LVL70:
 794              	.LFB264:
 504:USB_HOST/Target/usbh_conf.c **** 
 505:USB_HOST/Target/usbh_conf.c **** /**
 506:USB_HOST/Target/usbh_conf.c ****   * @brief  Return the current toggle of a pipe.
 507:USB_HOST/Target/usbh_conf.c ****   * @param  phost: Host handle
 508:USB_HOST/Target/usbh_conf.c ****   * @param  pipe: Pipe index
 509:USB_HOST/Target/usbh_conf.c ****   * @retval toggle (0/1)
 510:USB_HOST/Target/usbh_conf.c ****   */
 511:USB_HOST/Target/usbh_conf.c **** uint8_t USBH_LL_GetToggle(USBH_HandleTypeDef *phost, uint8_t pipe)
 512:USB_HOST/Target/usbh_conf.c **** {
 795              		.loc 1 512 1 is_stmt 1 view -0
 796              		.cfi_startproc
 797              		@ args = 0, pretend = 0, frame = 0
 798              		@ frame_needed = 0, uses_anonymous_args = 0
 799              		@ link register save eliminated.
 513:USB_HOST/Target/usbh_conf.c ****   uint8_t toggle = 0;
 800              		.loc 1 513 3 view .LVU182
 514:USB_HOST/Target/usbh_conf.c ****   HCD_HandleTypeDef *pHandle;
 801              		.loc 1 514 3 view .LVU183
 515:USB_HOST/Target/usbh_conf.c ****   pHandle = phost->pData;
 802              		.loc 1 515 3 view .LVU184
 803              		.loc 1 515 11 is_stmt 0 view .LVU185
 804 0000 D0F8D033 		ldr	r3, [r0, #976]
 805              	.LVL71:
 516:USB_HOST/Target/usbh_conf.c **** 
 517:USB_HOST/Target/usbh_conf.c ****   if(pHandle->hc[pipe].ep_is_in)
 806              		.loc 1 517 3 is_stmt 1 view .LVU186
 807              		.loc 1 517 23 is_stmt 0 view .LVU187
 808 0004 C1EB0112 		rsb	r2, r1, r1, lsl #4
 809 0008 03EB8202 		add	r2, r3, r2, lsl #2
 810 000c D27D     		ldrb	r2, [r2, #23]	@ zero_extendqisi2
 811              		.loc 1 517 5 view .LVU188
ARM GAS  /tmp/ccyuv680.s 			page 25


 812 000e 32B1     		cbz	r2, .L55
 518:USB_HOST/Target/usbh_conf.c ****   {
 519:USB_HOST/Target/usbh_conf.c ****     toggle = pHandle->hc[pipe].toggle_in;
 813              		.loc 1 519 5 is_stmt 1 view .LVU189
 814              		.loc 1 519 12 is_stmt 0 view .LVU190
 815 0010 C1EB0111 		rsb	r1, r1, r1, lsl #4
 816              	.LVL72:
 817              		.loc 1 519 12 view .LVU191
 818 0014 03EB8103 		add	r3, r3, r1, lsl #2
 819              	.LVL73:
 820              		.loc 1 519 12 view .LVU192
 821 0018 93F83C00 		ldrb	r0, [r3, #60]	@ zero_extendqisi2
 822              	.LVL74:
 823              		.loc 1 519 12 view .LVU193
 824 001c 7047     		bx	lr
 825              	.LVL75:
 826              	.L55:
 520:USB_HOST/Target/usbh_conf.c ****   }
 521:USB_HOST/Target/usbh_conf.c ****   else
 522:USB_HOST/Target/usbh_conf.c ****   {
 523:USB_HOST/Target/usbh_conf.c ****     toggle = pHandle->hc[pipe].toggle_out;
 827              		.loc 1 523 5 is_stmt 1 view .LVU194
 828              		.loc 1 523 12 is_stmt 0 view .LVU195
 829 001e C1EB0111 		rsb	r1, r1, r1, lsl #4
 830              	.LVL76:
 831              		.loc 1 523 12 view .LVU196
 832 0022 03EB8103 		add	r3, r3, r1, lsl #2
 833              	.LVL77:
 834              		.loc 1 523 12 view .LVU197
 835 0026 93F83D00 		ldrb	r0, [r3, #61]	@ zero_extendqisi2
 836              	.LVL78:
 524:USB_HOST/Target/usbh_conf.c ****   }
 525:USB_HOST/Target/usbh_conf.c ****   return toggle;
 837              		.loc 1 525 3 is_stmt 1 view .LVU198
 526:USB_HOST/Target/usbh_conf.c **** }
 838              		.loc 1 526 1 is_stmt 0 view .LVU199
 839 002a 7047     		bx	lr
 840              		.cfi_endproc
 841              	.LFE264:
 843              		.section	.text.USBH_Delay,"ax",%progbits
 844              		.align	1
 845              		.global	USBH_Delay
 846              		.syntax unified
 847              		.thumb
 848              		.thumb_func
 850              	USBH_Delay:
 851              	.LVL79:
 852              	.LFB265:
 527:USB_HOST/Target/usbh_conf.c **** 
 528:USB_HOST/Target/usbh_conf.c **** /**
 529:USB_HOST/Target/usbh_conf.c ****   * @brief  Delay routine for the USB Host Library
 530:USB_HOST/Target/usbh_conf.c ****   * @param  Delay: Delay in ms
 531:USB_HOST/Target/usbh_conf.c ****   * @retval None
 532:USB_HOST/Target/usbh_conf.c ****   */
 533:USB_HOST/Target/usbh_conf.c **** void USBH_Delay(uint32_t Delay)
 534:USB_HOST/Target/usbh_conf.c **** {
 853              		.loc 1 534 1 is_stmt 1 view -0
ARM GAS  /tmp/ccyuv680.s 			page 26


 854              		.cfi_startproc
 855              		@ args = 0, pretend = 0, frame = 0
 856              		@ frame_needed = 0, uses_anonymous_args = 0
 857              		.loc 1 534 1 is_stmt 0 view .LVU201
 858 0000 08B5     		push	{r3, lr}
 859              	.LCFI15:
 860              		.cfi_def_cfa_offset 8
 861              		.cfi_offset 3, -8
 862              		.cfi_offset 14, -4
 535:USB_HOST/Target/usbh_conf.c ****   HAL_Delay(Delay);
 863              		.loc 1 535 3 is_stmt 1 view .LVU202
 864 0002 FFF7FEFF 		bl	HAL_Delay
 865              	.LVL80:
 536:USB_HOST/Target/usbh_conf.c **** }
 866              		.loc 1 536 1 is_stmt 0 view .LVU203
 867 0006 08BD     		pop	{r3, pc}
 868              		.cfi_endproc
 869              	.LFE265:
 871              		.section	.text.USBH_Get_USB_Status,"ax",%progbits
 872              		.align	1
 873              		.global	USBH_Get_USB_Status
 874              		.syntax unified
 875              		.thumb
 876              		.thumb_func
 878              	USBH_Get_USB_Status:
 879              	.LVL81:
 880              	.LFB266:
 537:USB_HOST/Target/usbh_conf.c **** 
 538:USB_HOST/Target/usbh_conf.c **** /**
 539:USB_HOST/Target/usbh_conf.c ****   * @brief  Returns the USB status depending on the HAL status:
 540:USB_HOST/Target/usbh_conf.c ****   * @param  hal_status: HAL status
 541:USB_HOST/Target/usbh_conf.c ****   * @retval USB status
 542:USB_HOST/Target/usbh_conf.c ****   */
 543:USB_HOST/Target/usbh_conf.c **** USBH_StatusTypeDef USBH_Get_USB_Status(HAL_StatusTypeDef hal_status)
 544:USB_HOST/Target/usbh_conf.c **** {
 881              		.loc 1 544 1 is_stmt 1 view -0
 882              		.cfi_startproc
 883              		@ args = 0, pretend = 0, frame = 0
 884              		@ frame_needed = 0, uses_anonymous_args = 0
 885              		@ link register save eliminated.
 545:USB_HOST/Target/usbh_conf.c ****   USBH_StatusTypeDef usb_status = USBH_OK;
 886              		.loc 1 545 3 view .LVU205
 546:USB_HOST/Target/usbh_conf.c **** 
 547:USB_HOST/Target/usbh_conf.c ****   switch (hal_status)
 887              		.loc 1 547 3 view .LVU206
 888 0000 0228     		cmp	r0, #2
 889 0002 05D8     		bhi	.L64
 890 0004 DFE800F0 		tbb	[pc, r0]
 891              	.L62:
 892 0008 05       		.byte	(.L60-.L62)/2
 893 0009 04       		.byte	(.L64-.L62)/2
 894 000a 02       		.byte	(.L61-.L62)/2
 895 000b 00       		.p2align 1
 896              	.L61:
 548:USB_HOST/Target/usbh_conf.c ****   {
 549:USB_HOST/Target/usbh_conf.c ****     case HAL_OK :
 550:USB_HOST/Target/usbh_conf.c ****       usb_status = USBH_OK;
ARM GAS  /tmp/ccyuv680.s 			page 27


 551:USB_HOST/Target/usbh_conf.c ****     break;
 552:USB_HOST/Target/usbh_conf.c ****     case HAL_ERROR :
 553:USB_HOST/Target/usbh_conf.c ****       usb_status = USBH_FAIL;
 554:USB_HOST/Target/usbh_conf.c ****     break;
 555:USB_HOST/Target/usbh_conf.c ****     case HAL_BUSY :
 556:USB_HOST/Target/usbh_conf.c ****       usb_status = USBH_BUSY;
 897              		.loc 1 556 7 view .LVU207
 898              	.LVL82:
 557:USB_HOST/Target/usbh_conf.c ****     break;
 899              		.loc 1 557 5 view .LVU208
 556:USB_HOST/Target/usbh_conf.c ****     break;
 900              		.loc 1 556 18 is_stmt 0 view .LVU209
 901 000c 0120     		movs	r0, #1
 902              	.LVL83:
 903              		.loc 1 557 5 view .LVU210
 904 000e 7047     		bx	lr
 905              	.LVL84:
 906              	.L64:
 553:USB_HOST/Target/usbh_conf.c ****     break;
 907              		.loc 1 553 18 view .LVU211
 908 0010 0220     		movs	r0, #2
 909              	.LVL85:
 910              	.L60:
 558:USB_HOST/Target/usbh_conf.c ****     case HAL_TIMEOUT :
 559:USB_HOST/Target/usbh_conf.c ****       usb_status = USBH_FAIL;
 560:USB_HOST/Target/usbh_conf.c ****     break;
 561:USB_HOST/Target/usbh_conf.c ****     default :
 562:USB_HOST/Target/usbh_conf.c ****       usb_status = USBH_FAIL;
 563:USB_HOST/Target/usbh_conf.c ****     break;
 564:USB_HOST/Target/usbh_conf.c ****   }
 565:USB_HOST/Target/usbh_conf.c ****   return usb_status;
 911              		.loc 1 565 3 is_stmt 1 view .LVU212
 566:USB_HOST/Target/usbh_conf.c **** }
 912              		.loc 1 566 1 is_stmt 0 view .LVU213
 913 0012 7047     		bx	lr
 914              		.cfi_endproc
 915              	.LFE266:
 917              		.section	.text.USBH_LL_DeInit,"ax",%progbits
 918              		.align	1
 919              		.global	USBH_LL_DeInit
 920              		.syntax unified
 921              		.thumb
 922              		.thumb_func
 924              	USBH_LL_DeInit:
 925              	.LVL86:
 926              	.LFB251:
 233:USB_HOST/Target/usbh_conf.c ****   HAL_StatusTypeDef hal_status = HAL_OK;
 927              		.loc 1 233 1 is_stmt 1 view -0
 928              		.cfi_startproc
 929              		@ args = 0, pretend = 0, frame = 0
 930              		@ frame_needed = 0, uses_anonymous_args = 0
 233:USB_HOST/Target/usbh_conf.c ****   HAL_StatusTypeDef hal_status = HAL_OK;
 931              		.loc 1 233 1 is_stmt 0 view .LVU215
 932 0000 08B5     		push	{r3, lr}
 933              	.LCFI16:
 934              		.cfi_def_cfa_offset 8
 935              		.cfi_offset 3, -8
ARM GAS  /tmp/ccyuv680.s 			page 28


 936              		.cfi_offset 14, -4
 234:USB_HOST/Target/usbh_conf.c ****   USBH_StatusTypeDef usb_status = USBH_OK;
 937              		.loc 1 234 3 is_stmt 1 view .LVU216
 938              	.LVL87:
 235:USB_HOST/Target/usbh_conf.c **** 
 939              		.loc 1 235 3 view .LVU217
 237:USB_HOST/Target/usbh_conf.c **** 
 940              		.loc 1 237 3 view .LVU218
 237:USB_HOST/Target/usbh_conf.c **** 
 941              		.loc 1 237 16 is_stmt 0 view .LVU219
 942 0002 D0F8D003 		ldr	r0, [r0, #976]
 943              	.LVL88:
 237:USB_HOST/Target/usbh_conf.c **** 
 944              		.loc 1 237 16 view .LVU220
 945 0006 FFF7FEFF 		bl	HAL_HCD_DeInit
 946              	.LVL89:
 239:USB_HOST/Target/usbh_conf.c **** 
 947              		.loc 1 239 3 is_stmt 1 view .LVU221
 239:USB_HOST/Target/usbh_conf.c **** 
 948              		.loc 1 239 16 is_stmt 0 view .LVU222
 949 000a FFF7FEFF 		bl	USBH_Get_USB_Status
 950              	.LVL90:
 241:USB_HOST/Target/usbh_conf.c **** }
 951              		.loc 1 241 3 is_stmt 1 view .LVU223
 242:USB_HOST/Target/usbh_conf.c **** 
 952              		.loc 1 242 1 is_stmt 0 view .LVU224
 953 000e 08BD     		pop	{r3, pc}
 954              		.cfi_endproc
 955              	.LFE251:
 957              		.section	.text.USBH_LL_Start,"ax",%progbits
 958              		.align	1
 959              		.global	USBH_LL_Start
 960              		.syntax unified
 961              		.thumb
 962              		.thumb_func
 964              	USBH_LL_Start:
 965              	.LVL91:
 966              	.LFB252:
 250:USB_HOST/Target/usbh_conf.c ****   HAL_StatusTypeDef hal_status = HAL_OK;
 967              		.loc 1 250 1 is_stmt 1 view -0
 968              		.cfi_startproc
 969              		@ args = 0, pretend = 0, frame = 0
 970              		@ frame_needed = 0, uses_anonymous_args = 0
 250:USB_HOST/Target/usbh_conf.c ****   HAL_StatusTypeDef hal_status = HAL_OK;
 971              		.loc 1 250 1 is_stmt 0 view .LVU226
 972 0000 08B5     		push	{r3, lr}
 973              	.LCFI17:
 974              		.cfi_def_cfa_offset 8
 975              		.cfi_offset 3, -8
 976              		.cfi_offset 14, -4
 251:USB_HOST/Target/usbh_conf.c ****   USBH_StatusTypeDef usb_status = USBH_OK;
 977              		.loc 1 251 3 is_stmt 1 view .LVU227
 978              	.LVL92:
 252:USB_HOST/Target/usbh_conf.c **** 
 979              		.loc 1 252 3 view .LVU228
 254:USB_HOST/Target/usbh_conf.c **** 
 980              		.loc 1 254 3 view .LVU229
ARM GAS  /tmp/ccyuv680.s 			page 29


 254:USB_HOST/Target/usbh_conf.c **** 
 981              		.loc 1 254 16 is_stmt 0 view .LVU230
 982 0002 D0F8D003 		ldr	r0, [r0, #976]
 983              	.LVL93:
 254:USB_HOST/Target/usbh_conf.c **** 
 984              		.loc 1 254 16 view .LVU231
 985 0006 FFF7FEFF 		bl	HAL_HCD_Start
 986              	.LVL94:
 256:USB_HOST/Target/usbh_conf.c **** 
 987              		.loc 1 256 3 is_stmt 1 view .LVU232
 256:USB_HOST/Target/usbh_conf.c **** 
 988              		.loc 1 256 16 is_stmt 0 view .LVU233
 989 000a FFF7FEFF 		bl	USBH_Get_USB_Status
 990              	.LVL95:
 258:USB_HOST/Target/usbh_conf.c **** }
 991              		.loc 1 258 3 is_stmt 1 view .LVU234
 259:USB_HOST/Target/usbh_conf.c **** 
 992              		.loc 1 259 1 is_stmt 0 view .LVU235
 993 000e 08BD     		pop	{r3, pc}
 994              		.cfi_endproc
 995              	.LFE252:
 997              		.section	.text.USBH_LL_Stop,"ax",%progbits
 998              		.align	1
 999              		.global	USBH_LL_Stop
 1000              		.syntax unified
 1001              		.thumb
 1002              		.thumb_func
 1004              	USBH_LL_Stop:
 1005              	.LVL96:
 1006              	.LFB253:
 267:USB_HOST/Target/usbh_conf.c ****   HAL_StatusTypeDef hal_status = HAL_OK;
 1007              		.loc 1 267 1 is_stmt 1 view -0
 1008              		.cfi_startproc
 1009              		@ args = 0, pretend = 0, frame = 0
 1010              		@ frame_needed = 0, uses_anonymous_args = 0
 267:USB_HOST/Target/usbh_conf.c ****   HAL_StatusTypeDef hal_status = HAL_OK;
 1011              		.loc 1 267 1 is_stmt 0 view .LVU237
 1012 0000 08B5     		push	{r3, lr}
 1013              	.LCFI18:
 1014              		.cfi_def_cfa_offset 8
 1015              		.cfi_offset 3, -8
 1016              		.cfi_offset 14, -4
 268:USB_HOST/Target/usbh_conf.c ****   USBH_StatusTypeDef usb_status = USBH_OK;
 1017              		.loc 1 268 3 is_stmt 1 view .LVU238
 1018              	.LVL97:
 269:USB_HOST/Target/usbh_conf.c **** 
 1019              		.loc 1 269 3 view .LVU239
 271:USB_HOST/Target/usbh_conf.c **** 
 1020              		.loc 1 271 3 view .LVU240
 271:USB_HOST/Target/usbh_conf.c **** 
 1021              		.loc 1 271 16 is_stmt 0 view .LVU241
 1022 0002 D0F8D003 		ldr	r0, [r0, #976]
 1023              	.LVL98:
 271:USB_HOST/Target/usbh_conf.c **** 
 1024              		.loc 1 271 16 view .LVU242
 1025 0006 FFF7FEFF 		bl	HAL_HCD_Stop
 1026              	.LVL99:
ARM GAS  /tmp/ccyuv680.s 			page 30


 273:USB_HOST/Target/usbh_conf.c **** 
 1027              		.loc 1 273 3 is_stmt 1 view .LVU243
 273:USB_HOST/Target/usbh_conf.c **** 
 1028              		.loc 1 273 16 is_stmt 0 view .LVU244
 1029 000a FFF7FEFF 		bl	USBH_Get_USB_Status
 1030              	.LVL100:
 275:USB_HOST/Target/usbh_conf.c **** }
 1031              		.loc 1 275 3 is_stmt 1 view .LVU245
 276:USB_HOST/Target/usbh_conf.c **** 
 1032              		.loc 1 276 1 is_stmt 0 view .LVU246
 1033 000e 08BD     		pop	{r3, pc}
 1034              		.cfi_endproc
 1035              	.LFE253:
 1037              		.section	.text.USBH_LL_ResetPort,"ax",%progbits
 1038              		.align	1
 1039              		.global	USBH_LL_ResetPort
 1040              		.syntax unified
 1041              		.thumb
 1042              		.thumb_func
 1044              	USBH_LL_ResetPort:
 1045              	.LVL101:
 1046              	.LFB255:
 314:USB_HOST/Target/usbh_conf.c ****   HAL_StatusTypeDef hal_status = HAL_OK;
 1047              		.loc 1 314 1 is_stmt 1 view -0
 1048              		.cfi_startproc
 1049              		@ args = 0, pretend = 0, frame = 0
 1050              		@ frame_needed = 0, uses_anonymous_args = 0
 314:USB_HOST/Target/usbh_conf.c ****   HAL_StatusTypeDef hal_status = HAL_OK;
 1051              		.loc 1 314 1 is_stmt 0 view .LVU248
 1052 0000 08B5     		push	{r3, lr}
 1053              	.LCFI19:
 1054              		.cfi_def_cfa_offset 8
 1055              		.cfi_offset 3, -8
 1056              		.cfi_offset 14, -4
 315:USB_HOST/Target/usbh_conf.c ****   USBH_StatusTypeDef usb_status = USBH_OK;
 1057              		.loc 1 315 3 is_stmt 1 view .LVU249
 1058              	.LVL102:
 316:USB_HOST/Target/usbh_conf.c **** 
 1059              		.loc 1 316 3 view .LVU250
 318:USB_HOST/Target/usbh_conf.c **** 
 1060              		.loc 1 318 3 view .LVU251
 318:USB_HOST/Target/usbh_conf.c **** 
 1061              		.loc 1 318 16 is_stmt 0 view .LVU252
 1062 0002 D0F8D003 		ldr	r0, [r0, #976]
 1063              	.LVL103:
 318:USB_HOST/Target/usbh_conf.c **** 
 1064              		.loc 1 318 16 view .LVU253
 1065 0006 FFF7FEFF 		bl	HAL_HCD_ResetPort
 1066              	.LVL104:
 320:USB_HOST/Target/usbh_conf.c **** 
 1067              		.loc 1 320 3 is_stmt 1 view .LVU254
 320:USB_HOST/Target/usbh_conf.c **** 
 1068              		.loc 1 320 16 is_stmt 0 view .LVU255
 1069 000a FFF7FEFF 		bl	USBH_Get_USB_Status
 1070              	.LVL105:
 322:USB_HOST/Target/usbh_conf.c **** }
 1071              		.loc 1 322 3 is_stmt 1 view .LVU256
ARM GAS  /tmp/ccyuv680.s 			page 31


 323:USB_HOST/Target/usbh_conf.c **** 
 1072              		.loc 1 323 1 is_stmt 0 view .LVU257
 1073 000e 08BD     		pop	{r3, pc}
 1074              		.cfi_endproc
 1075              	.LFE255:
 1077              		.section	.text.USBH_LL_OpenPipe,"ax",%progbits
 1078              		.align	1
 1079              		.global	USBH_LL_OpenPipe
 1080              		.syntax unified
 1081              		.thumb
 1082              		.thumb_func
 1084              	USBH_LL_OpenPipe:
 1085              	.LVL106:
 1086              	.LFB257:
 354:USB_HOST/Target/usbh_conf.c ****   HAL_StatusTypeDef hal_status = HAL_OK;
 1087              		.loc 1 354 1 is_stmt 1 view -0
 1088              		.cfi_startproc
 1089              		@ args = 12, pretend = 0, frame = 0
 1090              		@ frame_needed = 0, uses_anonymous_args = 0
 354:USB_HOST/Target/usbh_conf.c ****   HAL_StatusTypeDef hal_status = HAL_OK;
 1091              		.loc 1 354 1 is_stmt 0 view .LVU259
 1092 0000 10B5     		push	{r4, lr}
 1093              	.LCFI20:
 1094              		.cfi_def_cfa_offset 8
 1095              		.cfi_offset 4, -8
 1096              		.cfi_offset 14, -4
 1097 0002 84B0     		sub	sp, sp, #16
 1098              	.LCFI21:
 1099              		.cfi_def_cfa_offset 24
 355:USB_HOST/Target/usbh_conf.c ****   USBH_StatusTypeDef usb_status = USBH_OK;
 1100              		.loc 1 355 3 is_stmt 1 view .LVU260
 1101              	.LVL107:
 356:USB_HOST/Target/usbh_conf.c **** 
 1102              		.loc 1 356 3 view .LVU261
 358:USB_HOST/Target/usbh_conf.c ****                                dev_address, speed, ep_type, mps);
 1103              		.loc 1 358 3 view .LVU262
 358:USB_HOST/Target/usbh_conf.c ****                                dev_address, speed, ep_type, mps);
 1104              		.loc 1 358 37 is_stmt 0 view .LVU263
 1105 0004 D0F8D003 		ldr	r0, [r0, #976]
 1106              	.LVL108:
 358:USB_HOST/Target/usbh_conf.c ****                                dev_address, speed, ep_type, mps);
 1107              		.loc 1 358 16 view .LVU264
 1108 0008 BDF82040 		ldrh	r4, [sp, #32]
 1109 000c 0294     		str	r4, [sp, #8]
 1110 000e 9DF81C40 		ldrb	r4, [sp, #28]	@ zero_extendqisi2
 1111 0012 0194     		str	r4, [sp, #4]
 1112 0014 9DF81840 		ldrb	r4, [sp, #24]	@ zero_extendqisi2
 1113 0018 0094     		str	r4, [sp]
 1114 001a FFF7FEFF 		bl	HAL_HCD_HC_Init
 1115              	.LVL109:
 361:USB_HOST/Target/usbh_conf.c **** 
 1116              		.loc 1 361 3 is_stmt 1 view .LVU265
 361:USB_HOST/Target/usbh_conf.c **** 
 1117              		.loc 1 361 16 is_stmt 0 view .LVU266
 1118 001e FFF7FEFF 		bl	USBH_Get_USB_Status
 1119              	.LVL110:
 363:USB_HOST/Target/usbh_conf.c **** }
ARM GAS  /tmp/ccyuv680.s 			page 32


 1120              		.loc 1 363 3 is_stmt 1 view .LVU267
 364:USB_HOST/Target/usbh_conf.c **** 
 1121              		.loc 1 364 1 is_stmt 0 view .LVU268
 1122 0022 04B0     		add	sp, sp, #16
 1123              	.LCFI22:
 1124              		.cfi_def_cfa_offset 8
 1125              		@ sp needed
 1126 0024 10BD     		pop	{r4, pc}
 364:USB_HOST/Target/usbh_conf.c **** 
 1127              		.loc 1 364 1 view .LVU269
 1128              		.cfi_endproc
 1129              	.LFE257:
 1131              		.section	.text.USBH_LL_SubmitURB,"ax",%progbits
 1132              		.align	1
 1133              		.global	USBH_LL_SubmitURB
 1134              		.syntax unified
 1135              		.thumb
 1136              		.thumb_func
 1138              	USBH_LL_SubmitURB:
 1139              	.LVL111:
 1140              	.LFB260:
 427:USB_HOST/Target/usbh_conf.c ****   HAL_StatusTypeDef hal_status = HAL_OK;
 1141              		.loc 1 427 1 is_stmt 1 view -0
 1142              		.cfi_startproc
 1143              		@ args = 16, pretend = 0, frame = 0
 1144              		@ frame_needed = 0, uses_anonymous_args = 0
 427:USB_HOST/Target/usbh_conf.c ****   HAL_StatusTypeDef hal_status = HAL_OK;
 1145              		.loc 1 427 1 is_stmt 0 view .LVU271
 1146 0000 10B5     		push	{r4, lr}
 1147              	.LCFI23:
 1148              		.cfi_def_cfa_offset 8
 1149              		.cfi_offset 4, -8
 1150              		.cfi_offset 14, -4
 1151 0002 84B0     		sub	sp, sp, #16
 1152              	.LCFI24:
 1153              		.cfi_def_cfa_offset 24
 428:USB_HOST/Target/usbh_conf.c ****   USBH_StatusTypeDef usb_status = USBH_OK;
 1154              		.loc 1 428 3 is_stmt 1 view .LVU272
 1155              	.LVL112:
 429:USB_HOST/Target/usbh_conf.c **** 
 1156              		.loc 1 429 3 view .LVU273
 431:USB_HOST/Target/usbh_conf.c ****                                         ep_type, token, pbuff, length,
 1157              		.loc 1 431 3 view .LVU274
 431:USB_HOST/Target/usbh_conf.c ****                                         ep_type, token, pbuff, length,
 1158              		.loc 1 431 46 is_stmt 0 view .LVU275
 1159 0004 D0F8D003 		ldr	r0, [r0, #976]
 1160              	.LVL113:
 431:USB_HOST/Target/usbh_conf.c ****                                         ep_type, token, pbuff, length,
 1161              		.loc 1 431 16 view .LVU276
 1162 0008 9DF82440 		ldrb	r4, [sp, #36]	@ zero_extendqisi2
 1163 000c 0394     		str	r4, [sp, #12]
 1164 000e BDF82040 		ldrh	r4, [sp, #32]
 1165 0012 0294     		str	r4, [sp, #8]
 1166 0014 079C     		ldr	r4, [sp, #28]
 1167 0016 0194     		str	r4, [sp, #4]
 1168 0018 9DF81840 		ldrb	r4, [sp, #24]	@ zero_extendqisi2
 1169 001c 0094     		str	r4, [sp]
ARM GAS  /tmp/ccyuv680.s 			page 33


 1170 001e FFF7FEFF 		bl	HAL_HCD_HC_SubmitRequest
 1171              	.LVL114:
 434:USB_HOST/Target/usbh_conf.c **** 
 1172              		.loc 1 434 3 is_stmt 1 view .LVU277
 434:USB_HOST/Target/usbh_conf.c **** 
 1173              		.loc 1 434 17 is_stmt 0 view .LVU278
 1174 0022 FFF7FEFF 		bl	USBH_Get_USB_Status
 1175              	.LVL115:
 436:USB_HOST/Target/usbh_conf.c **** }
 1176              		.loc 1 436 3 is_stmt 1 view .LVU279
 437:USB_HOST/Target/usbh_conf.c **** 
 1177              		.loc 1 437 1 is_stmt 0 view .LVU280
 1178 0026 04B0     		add	sp, sp, #16
 1179              	.LCFI25:
 1180              		.cfi_def_cfa_offset 8
 1181              		@ sp needed
 1182 0028 10BD     		pop	{r4, pc}
 437:USB_HOST/Target/usbh_conf.c **** 
 1183              		.loc 1 437 1 view .LVU281
 1184              		.cfi_endproc
 1185              	.LFE260:
 1187              		.global	hhcd_USB_OTG_FS
 1188              		.section	.bss.hhcd_USB_OTG_FS,"aw",%nobits
 1189              		.align	2
 1192              	hhcd_USB_OTG_FS:
 1193 0000 00000000 		.space	992
 1193      00000000 
 1193      00000000 
 1193      00000000 
 1193      00000000 
 1194              		.text
 1195              	.Letext0:
 1196              		.file 2 "/opt/st/stm32cubeclt_1.21.0/GNU-tools-for-STM32/arm-none-eabi/include/machine/_default_ty
 1197              		.file 3 "Drivers/CMSIS/Device/ST/STM32F4xx/Include/stm32f407xx.h"
 1198              		.file 4 "/opt/st/stm32cubeclt_1.21.0/GNU-tools-for-STM32/arm-none-eabi/include/sys/_stdint.h"
 1199              		.file 5 "Drivers/CMSIS/Device/ST/STM32F4xx/Include/stm32f4xx.h"
 1200              		.file 6 "Drivers/STM32F4xx_HAL_Driver/Inc/stm32f4xx_hal_def.h"
 1201              		.file 7 "Drivers/STM32F4xx_HAL_Driver/Inc/stm32f4xx_hal_gpio.h"
 1202              		.file 8 "Drivers/STM32F4xx_HAL_Driver/Inc/stm32f4xx_ll_usb.h"
 1203              		.file 9 "Drivers/STM32F4xx_HAL_Driver/Inc/stm32f4xx_hal_hcd.h"
 1204              		.file 10 "Middlewares/ST/STM32_USB_Host_Library/Core/Inc/usbh_def.h"
 1205              		.file 11 "Drivers/STM32F4xx_HAL_Driver/Inc/stm32f4xx_hal.h"
 1206              		.file 12 "USB_HOST/Target/usbh_platform.h"
 1207              		.file 13 "Middlewares/ST/STM32_USB_Host_Library/Core/Inc/usbh_core.h"
 1208              		.file 14 "Drivers/STM32F4xx_HAL_Driver/Inc/stm32f4xx_hal_cortex.h"
ARM GAS  /tmp/ccyuv680.s 			page 34


DEFINED SYMBOLS
                            *ABS*:00000000 usbh_conf.c
     /tmp/ccyuv680.s:21     .text.HAL_HCD_MspInit:00000000 $t
     /tmp/ccyuv680.s:27     .text.HAL_HCD_MspInit:00000000 HAL_HCD_MspInit
     /tmp/ccyuv680.s:168    .text.HAL_HCD_MspInit:00000090 $d
     /tmp/ccyuv680.s:174    .text.HAL_HCD_MspDeInit:00000000 $t
     /tmp/ccyuv680.s:180    .text.HAL_HCD_MspDeInit:00000000 HAL_HCD_MspDeInit
     /tmp/ccyuv680.s:226    .text.HAL_HCD_MspDeInit:00000028 $d
     /tmp/ccyuv680.s:232    .text.HAL_HCD_SOF_Callback:00000000 $t
     /tmp/ccyuv680.s:238    .text.HAL_HCD_SOF_Callback:00000000 HAL_HCD_SOF_Callback
     /tmp/ccyuv680.s:263    .text.HAL_HCD_Connect_Callback:00000000 $t
     /tmp/ccyuv680.s:269    .text.HAL_HCD_Connect_Callback:00000000 HAL_HCD_Connect_Callback
     /tmp/ccyuv680.s:294    .text.HAL_HCD_Disconnect_Callback:00000000 $t
     /tmp/ccyuv680.s:300    .text.HAL_HCD_Disconnect_Callback:00000000 HAL_HCD_Disconnect_Callback
     /tmp/ccyuv680.s:325    .text.HAL_HCD_HC_NotifyURBChange_Callback:00000000 $t
     /tmp/ccyuv680.s:331    .text.HAL_HCD_HC_NotifyURBChange_Callback:00000000 HAL_HCD_HC_NotifyURBChange_Callback
     /tmp/ccyuv680.s:345    .text.HAL_HCD_PortEnabled_Callback:00000000 $t
     /tmp/ccyuv680.s:351    .text.HAL_HCD_PortEnabled_Callback:00000000 HAL_HCD_PortEnabled_Callback
     /tmp/ccyuv680.s:376    .text.HAL_HCD_PortDisabled_Callback:00000000 $t
     /tmp/ccyuv680.s:382    .text.HAL_HCD_PortDisabled_Callback:00000000 HAL_HCD_PortDisabled_Callback
     /tmp/ccyuv680.s:407    .text.USBH_LL_Init:00000000 $t
     /tmp/ccyuv680.s:413    .text.USBH_LL_Init:00000000 USBH_LL_Init
     /tmp/ccyuv680.s:502    .text.USBH_LL_Init:00000050 $d
     /tmp/ccyuv680.s:1192   .bss.hhcd_USB_OTG_FS:00000000 hhcd_USB_OTG_FS
     /tmp/ccyuv680.s:507    .text.USBH_LL_GetSpeed:00000000 $t
     /tmp/ccyuv680.s:513    .text.USBH_LL_GetSpeed:00000000 USBH_LL_GetSpeed
     /tmp/ccyuv680.s:560    .text.USBH_LL_GetLastXferSize:00000000 $t
     /tmp/ccyuv680.s:566    .text.USBH_LL_GetLastXferSize:00000000 USBH_LL_GetLastXferSize
     /tmp/ccyuv680.s:592    .text.USBH_LL_ClosePipe:00000000 $t
     /tmp/ccyuv680.s:598    .text.USBH_LL_ClosePipe:00000000 USBH_LL_ClosePipe
     /tmp/ccyuv680.s:618    .text.USBH_LL_ActivatePipe:00000000 $t
     /tmp/ccyuv680.s:624    .text.USBH_LL_ActivatePipe:00000000 USBH_LL_ActivatePipe
     /tmp/ccyuv680.s:644    .text.USBH_LL_GetURBState:00000000 $t
     /tmp/ccyuv680.s:650    .text.USBH_LL_GetURBState:00000000 USBH_LL_GetURBState
     /tmp/ccyuv680.s:676    .text.USBH_LL_DriverVBUS:00000000 $t
     /tmp/ccyuv680.s:682    .text.USBH_LL_DriverVBUS:00000000 USBH_LL_DriverVBUS
     /tmp/ccyuv680.s:725    .text.USBH_LL_SetToggle:00000000 $t
     /tmp/ccyuv680.s:731    .text.USBH_LL_SetToggle:00000000 USBH_LL_SetToggle
     /tmp/ccyuv680.s:786    .text.USBH_LL_GetToggle:00000000 $t
     /tmp/ccyuv680.s:792    .text.USBH_LL_GetToggle:00000000 USBH_LL_GetToggle
     /tmp/ccyuv680.s:844    .text.USBH_Delay:00000000 $t
     /tmp/ccyuv680.s:850    .text.USBH_Delay:00000000 USBH_Delay
     /tmp/ccyuv680.s:872    .text.USBH_Get_USB_Status:00000000 $t
     /tmp/ccyuv680.s:878    .text.USBH_Get_USB_Status:00000000 USBH_Get_USB_Status
     /tmp/ccyuv680.s:892    .text.USBH_Get_USB_Status:00000008 $d
     /tmp/ccyuv680.s:918    .text.USBH_LL_DeInit:00000000 $t
     /tmp/ccyuv680.s:924    .text.USBH_LL_DeInit:00000000 USBH_LL_DeInit
     /tmp/ccyuv680.s:958    .text.USBH_LL_Start:00000000 $t
     /tmp/ccyuv680.s:964    .text.USBH_LL_Start:00000000 USBH_LL_Start
     /tmp/ccyuv680.s:998    .text.USBH_LL_Stop:00000000 $t
     /tmp/ccyuv680.s:1004   .text.USBH_LL_Stop:00000000 USBH_LL_Stop
     /tmp/ccyuv680.s:1038   .text.USBH_LL_ResetPort:00000000 $t
     /tmp/ccyuv680.s:1044   .text.USBH_LL_ResetPort:00000000 USBH_LL_ResetPort
     /tmp/ccyuv680.s:1078   .text.USBH_LL_OpenPipe:00000000 $t
     /tmp/ccyuv680.s:1084   .text.USBH_LL_OpenPipe:00000000 USBH_LL_OpenPipe
     /tmp/ccyuv680.s:1132   .text.USBH_LL_SubmitURB:00000000 $t
     /tmp/ccyuv680.s:1138   .text.USBH_LL_SubmitURB:00000000 USBH_LL_SubmitURB
ARM GAS  /tmp/ccyuv680.s 			page 35


     /tmp/ccyuv680.s:1189   .bss.hhcd_USB_OTG_FS:00000000 $d
     /tmp/ccyuv680.s:895    .text.USBH_Get_USB_Status:0000000b $d
     /tmp/ccyuv680.s:895    .text.USBH_Get_USB_Status:0000000c $t

UNDEFINED SYMBOLS
HAL_GPIO_Init
HAL_NVIC_SetPriority
HAL_NVIC_EnableIRQ
HAL_GPIO_DeInit
HAL_NVIC_DisableIRQ
USBH_LL_IncTimer
USBH_LL_Connect
USBH_LL_Disconnect
USBH_LL_PortEnabled
USBH_LL_PortDisabled
HAL_HCD_Init
HAL_HCD_GetCurrentFrame
USBH_LL_SetTimer
Error_Handler
HAL_HCD_GetCurrentSpeed
HAL_HCD_HC_GetXferCount
HAL_HCD_HC_GetURBState
HAL_Delay
MX_DriverVbusFS
HAL_HCD_DeInit
HAL_HCD_Start
HAL_HCD_Stop
HAL_HCD_ResetPort
HAL_HCD_HC_Init
HAL_HCD_HC_SubmitRequest
